C:\Users\ivang\Documents\MCUXpressoIDE_25.6.136\workspace\SD2_TP2\CMSIS/core_cm0plus.h:757:22:__NVIC_EnableIRQ	16	static
../drivers/fsl_clock.h:437:20:CLOCK_EnableClock	24	static
../drivers/fsl_clock.h:448:20:CLOCK_DisableClock	24	static
../drivers/fsl_common_arm.h:672:24:EnableIRQ	24	static
../drivers/fsl_spi.h:692:20:SPI_SlaveTransferAbort	16	static
../drivers/fsl_spi.c:119:10:SPI_GetInstance	24	static
../drivers/fsl_spi.c:143:6:SPI_SetDummyData	24	static
../drivers/fsl_spi.c:149:13:SPI_WriteNonBlocking	48	static
../drivers/fsl_spi.c:189:13:SPI_ReadNonBlocking	32	static
../drivers/fsl_spi.c:223:16:SPI_GetWatermark	24	static
../drivers/fsl_spi.c:254:13:SPI_SendInitialTransfer	32	static
../drivers/fsl_spi.c:281:13:SPI_SendTransfer	32	static
../drivers/fsl_spi.c:344:13:SPI_ReceiveTransfer	32	static
../drivers/fsl_spi.c:404:6:SPI_MasterGetDefaultConfig	16	static
../drivers/fsl_spi.c:447:6:SPI_MasterInit	24	static
../drivers/fsl_spi.c:508:6:SPI_SlaveGetDefaultConfig	16	static
../drivers/fsl_spi.c:550:6:SPI_SlaveInit	16	static
../drivers/fsl_spi.c:602:6:SPI_Deinit	16	static
../drivers/fsl_spi.c:619:10:SPI_GetStatusFlags	24	static
../drivers/fsl_spi.c:642:6:SPI_EnableInterrupts	16	static
../drivers/fsl_spi.c:692:6:SPI_DisableInterrupts	16	static
../drivers/fsl_spi.c:737:6:SPI_MasterSetBaudRate	64	static
../drivers/fsl_spi.c:809:10:SPI_WriteBlocking	40	static
../drivers/fsl_spi.c:859:6:SPI_EnableFIFO	16	static
../drivers/fsl_spi.c:881:6:SPI_WriteData	16	static
../drivers/fsl_spi.c:897:10:SPI_ReadData	24	static
../drivers/fsl_spi.c:918:10:SPI_MasterTransferBlocking	32	static
../drivers/fsl_spi.c:1017:6:SPI_MasterTransferCreateHandle	32	static
../drivers/fsl_spi.c:1061:10:SPI_MasterTransferNonBlocking	32	static
../drivers/fsl_spi.c:1163:10:SPI_MasterTransferGetCount	32	static
../drivers/fsl_spi.c:1195:6:SPI_MasterTransferAbort	24	static
../drivers/fsl_spi.c:1229:6:SPI_MasterTransferHandleIRQ	24	static
../drivers/fsl_spi.c:1283:6:SPI_SlaveTransferCreateHandle	24	static
../drivers/fsl_spi.c:1310:10:SPI_SlaveTransferNonBlocking	32	static
../drivers/fsl_spi.c:1427:6:SPI_SlaveTransferHandleIRQ	24	static
../drivers/fsl_spi.c:1465:13:SPI_CommonIRQHandler	16	static
../drivers/fsl_spi.c:1505:6:SPI0_DriverIRQHandler	8	static
../drivers/fsl_spi.c:1514:6:SPI1_DriverIRQHandler	8	static
