C:\Users\Javier\Documents\MCUXpressoIDE_25.6.136\workspace\SD2_TP2\CMSIS/core_cm0plus.h:757:22:__NVIC_EnableIRQ	16	static
C:\Users\Javier\Documents\MCUXpressoIDE_25.6.136\workspace\SD2_TP2\CMSIS/core_cm0plus.h:848:22:__NVIC_ClearPendingIRQ	16	static
C:\Users\Javier\Documents\MCUXpressoIDE_25.6.136\workspace\SD2_TP2\CMSIS/core_cm0plus.h:866:22:__NVIC_SetPriority	24	static
C:\Users\Javier\Documents\MCUXpressoIDE_25.6.136\workspace\SD2_TP2\drivers/fsl_clock.h:437:20:CLOCK_EnableClock	24	static
C:\Users\Javier\Documents\MCUXpressoIDE_25.6.136\workspace\SD2_TP2\drivers/fsl_port.h:360:20:PORT_SetPinConfig	32	static
C:\Users\Javier\Documents\MCUXpressoIDE_25.6.136\workspace\SD2_TP2\drivers/fsl_port.h:532:20:PORT_SetPinInterruptConfig	24	static
C:\Users\Javier\Documents\MCUXpressoIDE_25.6.136\workspace\SD2_TP2\drivers/fsl_port.h:609:20:PORT_ClearPinsInterruptFlags	16	static
../source/fxls8974.c:358:16:fxls8974_read_reg	56	static
../source/fxls8974.c:377:13:fxls8974_write_reg	48	static
../source/fxls8974.c:400:13:config_port_int1	16	static
../source/fxls8974.c:437:6:fxls8974_init	48	static
../source/fxls8974.c:648:10:Obtener_Valor	32	static
../source/fxls8974.c:695:6:fxls8974_setDataRate	48	static
../source/fxls8974.c:720:9:fxls8974_getAcX	8	static
../source/fxls8974.c:728:6:fxls8974_freefall_detectado	8	static
../source/fxls8974.c:740:6:PORTC_PORTD_IRQHandler	16	static
