C:\Users\ivang\Documents\MCUXpressoIDE_25.6.136\workspace\SD2_TP2\CMSIS/core_cm0plus.h:757:22:__NVIC_EnableIRQ	16	static
C:\Users\ivang\Documents\MCUXpressoIDE_25.6.136\workspace\SD2_TP2\CMSIS/core_cm0plus.h:848:22:__NVIC_ClearPendingIRQ	16	static
C:\Users\ivang\Documents\MCUXpressoIDE_25.6.136\workspace\SD2_TP2\CMSIS/core_cm0plus.h:866:22:__NVIC_SetPriority	24	static
C:\Users\ivang\Documents\MCUXpressoIDE_25.6.136\workspace\SD2_TP2\drivers/fsl_clock.h:437:20:CLOCK_EnableClock	24	static
C:\Users\ivang\Documents\MCUXpressoIDE_25.6.136\workspace\SD2_TP2\drivers/fsl_port.h:360:20:PORT_SetPinConfig	32	static
C:\Users\ivang\Documents\MCUXpressoIDE_25.6.136\workspace\SD2_TP2\drivers/fsl_port.h:532:20:PORT_SetPinInterruptConfig	24	static
C:\Users\ivang\Documents\MCUXpressoIDE_25.6.136\workspace\SD2_TP2\drivers/fsl_port.h:609:20:PORT_ClearPinsInterruptFlags	16	static
../source/fxls8974.c:360:16:fxls8974_read_reg	56	static
../source/fxls8974.c:379:13:fxls8974_write_reg	48	static
../source/fxls8974.c:402:13:config_port_int1	16	static
../source/fxls8974.c:439:6:fxls8974_init	48	static
../source/fxls8974.c:650:7:Obtener_Valor	56	static
../source/fxls8974.c:744:6:fxls8974_setDataRate	48	static
../source/fxls8974.c:769:9:fxls8974_getAcX	8	static
../source/fxls8974.c:777:6:fxls8974_freefall_detectado	8	static
../source/fxls8974.c:789:6:PORTC_PORTD_IRQHandler	16	static
