C:\Users\Javier\Documents\MCUXpressoIDE_25.6.136\workspace\SD2_TP2\CMSIS/core_cm0plus.h:757:22:__NVIC_EnableIRQ	16	static
C:\Users\Javier\Documents\MCUXpressoIDE_25.6.136\workspace\SD2_TP2\CMSIS/core_cm0plus.h:866:22:__NVIC_SetPriority	24	static
C:\Users\Javier\Documents\MCUXpressoIDE_25.6.136\workspace\SD2_TP2\CMSIS/core_cm0plus.h:1074:26:SysTick_Config	16	static
C:\Users\Javier\Documents\MCUXpressoIDE_25.6.136\workspace\SD2_TP2\drivers/fsl_common_arm.h:672:24:EnableIRQ	24	static
../source/main.c:19:5:main	8	static
../source/main.c:51:6:SysTick_Handler	8	static
