C:\Users\ivang\Documents\MCUXpressoIDE_25.6.136\workspace\SD2_TP2\CMSIS/core_cm0plus.h:757:22:__NVIC_EnableIRQ	16	static
C:\Users\ivang\Documents\MCUXpressoIDE_25.6.136\workspace\SD2_TP2\drivers/fsl_smc.h:275:33:SMC_GetPowerModeState	16	static
C:\Users\ivang\Documents\MCUXpressoIDE_25.6.136\workspace\SD2_TP2\drivers/fsl_llwu.h:198:20:LLWU_EnableInternalModuleInterruptWakup	24	static
C:\Users\ivang\Documents\MCUXpressoIDE_25.6.136\workspace\SD2_TP2\drivers/fsl_llwu.h:241:20:LLWU_GetInternalWakeupModuleFlag	16	static
C:\Users\ivang\Documents\MCUXpressoIDE_25.6.136\workspace\SD2_TP2\drivers/fsl_lptmr.h:193:20:LPTMR_EnableInterrupts	24	static
C:\Users\ivang\Documents\MCUXpressoIDE_25.6.136\workspace\SD2_TP2\drivers/fsl_lptmr.h:210:20:LPTMR_DisableInterrupts	24	static
C:\Users\ivang\Documents\MCUXpressoIDE_25.6.136\workspace\SD2_TP2\drivers/fsl_lptmr.h:228:24:LPTMR_GetEnabledInterrupts	16	static
C:\Users\ivang\Documents\MCUXpressoIDE_25.6.136\workspace\SD2_TP2\drivers/fsl_lptmr.h:280:20:LPTMR_ClearStatusFlags	16	static
C:\Users\ivang\Documents\MCUXpressoIDE_25.6.136\workspace\SD2_TP2\drivers/fsl_lptmr.h:305:20:LPTMR_SetTimerPeriod	16	static
C:\Users\ivang\Documents\MCUXpressoIDE_25.6.136\workspace\SD2_TP2\drivers/fsl_lptmr.h:349:20:LPTMR_StartTimer	24	static
C:\Users\ivang\Documents\MCUXpressoIDE_25.6.136\workspace\SD2_TP2\drivers/fsl_lptmr.h:366:20:LPTMR_StopTimer	24	static
C:\Users\ivang\Documents\MCUXpressoIDE_25.6.136\workspace\SD2_TP2\drivers/fsl_port.h:532:20:PORT_SetPinInterruptConfig	24	static
C:\Users\ivang\Documents\MCUXpressoIDE_25.6.136\workspace\SD2_TP2\drivers/fsl_port.h:609:20:PORT_ClearPinsInterruptFlags	16	static
../source/power_mode_switch.c:60:6:LLWU_IRQHandler	8	static
../source/power_mode_switch.c:79:6:LPTMR0_IRQHandler	8	static
../source/power_mode_switch.c:102:16:APP_GetWakeupTimeout	16	static
../source/power_mode_switch.c:124:28:APP_GetWakeupSource	16	static
../source/power_mode_switch.c:159:6:APP_GetWakeupConfig	16	static
../source/power_mode_switch.c:186:6:APP_SetWakeupConfig	16	static
../source/power_mode_switch.c:221:6:APP_ShowPowerMode	16	static
../source/power_mode_switch.c:241:6:APP_CheckPowerMode	24	static
../source/power_mode_switch.c:295:6:APP_PowerModeSwitch	32	static
