Archive member included to satisfy reference by file (symbol)

C:/nxp/MCUXpressoIDE_25.6.136/ide/plugins/com.nxp.mcuxpresso.tools.win32_25.6.0.202501151204/tools/bin/../lib/gcc/arm-none-eabi/14.2.1/../../../../arm-none-eabi/lib/thumb/v6-m/nofp\libcr_nohost.a(_cr__main.o)
                              ./startup/startup_mcxc444.o (__main)
C:/nxp/MCUXpressoIDE_25.6.136/ide/plugins/com.nxp.mcuxpresso.tools.win32_25.6.0.202501151204/tools/bin/../lib/gcc/arm-none-eabi/14.2.1/../../../../arm-none-eabi/lib/thumb/v6-m/nofp\libcr_c.a(memcpy.o)
                              ./utilities/str/fsl_str.o (memcpy)
C:/nxp/MCUXpressoIDE_25.6.136/ide/plugins/com.nxp.mcuxpresso.tools.win32_25.6.0.202501151204/tools/bin/../lib/gcc/arm-none-eabi/14.2.1/../../../../arm-none-eabi/lib/thumb/v6-m/nofp\libcr_c.a(memset.o)
                              ./utilities/debug_console/fsl_debug_console.o (memset)
C:/nxp/MCUXpressoIDE_25.6.136/ide/plugins/com.nxp.mcuxpresso.tools.win32_25.6.0.202501151204/tools/bin/../lib/gcc/arm-none-eabi/14.2.1/../../../../arm-none-eabi/lib/thumb/v6-m/nofp\libcr_c.a(alloc.o)
                              ./drivers/fsl_common.o (malloc)
C:/nxp/MCUXpressoIDE_25.6.136/ide/plugins/com.nxp.mcuxpresso.tools.win32_25.6.0.202501151204/tools/bin/../lib/gcc/arm-none-eabi/14.2.1/../../../../arm-none-eabi/lib/thumb/v6-m/nofp\libcr_c.a(errno.o)
                              ./utilities/str/fsl_str.o (errno)
C:/nxp/MCUXpressoIDE_25.6.136/ide/plugins/com.nxp.mcuxpresso.tools.win32_25.6.0.202501151204/tools/bin/../lib/gcc/arm-none-eabi/14.2.1/../../../../arm-none-eabi/lib/thumb/v6-m/nofp\libcr_c.a(initio.o)
                              C:/nxp/MCUXpressoIDE_25.6.136/ide/plugins/com.nxp.mcuxpresso.tools.win32_25.6.0.202501151204/tools/bin/../lib/gcc/arm-none-eabi/14.2.1/../../../../arm-none-eabi/lib/thumb/v6-m/nofp\libcr_nohost.a(_cr__main.o) (_initio)
C:/nxp/MCUXpressoIDE_25.6.136/ide/plugins/com.nxp.mcuxpresso.tools.win32_25.6.0.202501151204/tools/bin/../lib/gcc/arm-none-eabi/14.2.1/../../../../arm-none-eabi/lib/thumb/v6-m/nofp\libcr_c.a(scanf.o)
                              ./utilities/str/fsl_str.o (strtoul)
C:/nxp/MCUXpressoIDE_25.6.136/ide/plugins/com.nxp.mcuxpresso.tools.win32_25.6.0.202501151204/tools/bin/../lib/gcc/arm-none-eabi/14.2.1/../../../../arm-none-eabi/lib/thumb/v6-m/nofp\libcr_c.a(setvbuf.o)
                              C:/nxp/MCUXpressoIDE_25.6.136/ide/plugins/com.nxp.mcuxpresso.tools.win32_25.6.0.202501151204/tools/bin/../lib/gcc/arm-none-eabi/14.2.1/../../../../arm-none-eabi/lib/thumb/v6-m/nofp\libcr_c.a(initio.o) (setvbuf)
C:/nxp/MCUXpressoIDE_25.6.136/ide/plugins/com.nxp.mcuxpresso.tools.win32_25.6.0.202501151204/tools/bin/../lib/gcc/arm-none-eabi/14.2.1/../../../../arm-none-eabi/lib/thumb/v6-m/nofp\libcr_c.a(strlen.o)
                              ./utilities/str/fsl_str.o (strlen)
C:/nxp/MCUXpressoIDE_25.6.136/ide/plugins/com.nxp.mcuxpresso.tools.win32_25.6.0.202501151204/tools/bin/../lib/gcc/arm-none-eabi/14.2.1/../../../../arm-none-eabi/lib/thumb/v6-m/nofp\libcr_c.a(ungetc.o)
                              C:/nxp/MCUXpressoIDE_25.6.136/ide/plugins/com.nxp.mcuxpresso.tools.win32_25.6.0.202501151204/tools/bin/../lib/gcc/arm-none-eabi/14.2.1/../../../../arm-none-eabi/lib/thumb/v6-m/nofp\libcr_c.a(scanf.o) (ungetc)
C:/nxp/MCUXpressoIDE_25.6.136/ide/plugins/com.nxp.mcuxpresso.tools.win32_25.6.0.202501151204/tools/bin/../lib/gcc/arm-none-eabi/14.2.1/../../../../arm-none-eabi/lib/thumb/v6-m/nofp\libcr_c.a(__fillbuf.o)
                              C:/nxp/MCUXpressoIDE_25.6.136/ide/plugins/com.nxp.mcuxpresso.tools.win32_25.6.0.202501151204/tools/bin/../lib/gcc/arm-none-eabi/14.2.1/../../../../arm-none-eabi/lib/thumb/v6-m/nofp\libcr_c.a(scanf.o) (__filbuf)
C:/nxp/MCUXpressoIDE_25.6.136/ide/plugins/com.nxp.mcuxpresso.tools.win32_25.6.0.202501151204/tools/bin/../lib/gcc/arm-none-eabi/14.2.1/../../../../arm-none-eabi/lib/thumb/v6-m/nofp\libcr_c.a(__init_alloc.o)
                              C:/nxp/MCUXpressoIDE_25.6.136/ide/plugins/com.nxp.mcuxpresso.tools.win32_25.6.0.202501151204/tools/bin/../lib/gcc/arm-none-eabi/14.2.1/../../../../arm-none-eabi/lib/thumb/v6-m/nofp\libcr_c.a(alloc.o) (__heaps)
C:/nxp/MCUXpressoIDE_25.6.136/ide/plugins/com.nxp.mcuxpresso.tools.win32_25.6.0.202501151204/tools/bin/../lib/gcc/arm-none-eabi/14.2.1/../../../../arm-none-eabi/lib/thumb/v6-m/nofp\libcr_c.a(_cr_sbrk.o)
                              C:/nxp/MCUXpressoIDE_25.6.136/ide/plugins/com.nxp.mcuxpresso.tools.win32_25.6.0.202501151204/tools/bin/../lib/gcc/arm-none-eabi/14.2.1/../../../../arm-none-eabi/lib/thumb/v6-m/nofp\libcr_c.a(alloc.o) (_sbrk)
C:/nxp/MCUXpressoIDE_25.6.136/ide/plugins/com.nxp.mcuxpresso.tools.win32_25.6.0.202501151204/tools/bin/../lib/gcc/arm-none-eabi/14.2.1/../../../../arm-none-eabi/lib/thumb/v6-m/nofp\libcr_c.a(_deferredlazyseek.o)
[...]
Memory Configuration

Name             Origin             Length             Attributes
PROGRAM_FLASH    0x00000000         0x00040000         xr
SRAM             0x1fffe000         0x00008000         xrw
*default*        0x00000000         0xffffffff

Linker script and memory map

LOAD ./utilities/str/fsl_str.o
LOAD ./utilities/debug_console/fsl_debug_console.o
LOAD ./utilities/fsl_assert.o
LOAD ./startup/startup_mcxc444.o
LOAD ./source/MEF_acelerometro.o
LOAD ./source/SD2_I2C.o
LOAD ./source/SD2_board.o
LOAD ./source/fxls8974.o
LOAD ./source/key.o
LOAD ./source/main.o
LOAD ./source/mtb.o
LOAD ./source/semihost_hardfault.o
LOAD ./drivers/fsl_clock.o
LOAD ./drivers/fsl_common.o
LOAD ./drivers/fsl_common_arm.o
LOAD ./drivers/fsl_ftfx_cache.o
LOAD ./drivers/fsl_ftfx_controller.o
LOAD ./drivers/fsl_ftfx_flash.o
LOAD ./drivers/fsl_ftfx_flexnvm.o
LOAD ./drivers/fsl_gpio.o
LOAD ./drivers/fsl_i2c.o
LOAD ./drivers/fsl_lpuart.o
LOAD ./drivers/fsl_smc.o
LOAD ./drivers/fsl_spi.o
LOAD ./drivers/fsl_uart.o
LOAD ./device/system_MCXC444.o
LOAD ./component/uart/fsl_adapter_lpuart.o
LOAD ./component/serial_manager/fsl_component_serial_manager.o
LOAD ./component/serial_manager/fsl_component_serial_port_uart.o
LOAD ./component/lists/fsl_component_generic_list.o
LOAD ./board/board.o
LOAD ./board/clock_config.o
LOAD ./board/hardware_init.o
LOAD ./board/peripherals.o
LOAD ./board/pin_mux.o
START GROUP
LOAD C:/nxp/MCUXpressoIDE_25.6.136/ide/plugins/com.nxp.mcuxpresso.tools.win32_25.6.0.202501151204/tools/bin/../lib/gcc/arm-none-eabi/14.2.1/../../../../arm-none-eabi/lib/thumb/v6-m/nofp\libcr_nohost.a
LOAD C:/nxp/MCUXpressoIDE_25.6.136/ide/plugins/com.nxp.mcuxpresso.tools.win32_25.6.0.202501151204/tools/bin/../lib/gcc/arm-none-eabi/14.2.1/../../../../arm-none-eabi/lib/thumb/v6-m/nofp\libcr_c.a
LOAD C:/nxp/MCUXpressoIDE_25.6.136/ide/plugins/com.nxp.mcuxpresso.tools.win32_25.6.0.202501151204/tools/bin/../lib/gcc/arm-none-eabi/14.2.1/thumb/v6-m/nofp\libcr_eabihelpers.a
LOAD C:/nxp/MCUXpressoIDE_25.6.136/ide/plugins/com.nxp.mcuxpresso.tools.win32_25.6.0.202501151204/tools/bin/../lib/gcc/arm-none-eabi/14.2.1/thumb/v6-m/nofp\libgcc.a
END GROUP
                0x00000000                        __base_PROGRAM_FLASH = 0x0
                0x00000000                        __base_Flash = 0x0
                0x00040000                        __top_PROGRAM_FLASH = 0x40000
                0x00040000                        __top_Flash = 0x40000
                0x1fffe000                        __base_SRAM = 0x1fffe000
                0x1fffe000                        __base_RAM = 0x1fffe000
                0x20006000                        __top_SRAM = 0x20006000
                0x20006000                        __top_RAM = 0x20006000

.text           0x00000000     0x4900
 FILL mask 0xff
                0x00000000                        __vectors_start__ = ABSOLUTE (.)
 *(SORT_BY_ALIGNMENT(.isr_vector))
 .isr_vector    0x00000000       0xc0 ./startup/startup_mcxc444.o
                0x00000000                g_pfnVectors
                0x00000000                __Vectors
                0x000000c0                        . = ALIGN (0x4)
                0x000000c0                        __section_table_start = .
                0x000000c0                        __data_section_table = .
                0x000000c0        0x4 LONG 0x4900 LOADADDR (.data)
                0x000000c4        0x4 LONG 0x1fffe080 ADDR (.data)
                0x000000c8        0x4 LONG 0x4 SIZEOF (.data)
                0x000000cc                        __data_section_table_end = .
                0x000000cc                        __bss_section_table = .
                0x000000cc        0x4 LONG 0x1fffe084 ADDR (.bss)
                0x000000d0        0x4 LONG 0x25c SIZEOF (.bss)
                0x000000d4                        __bss_section_table_end = .
                0x000000d4                        __section_table_end = .
 *(SORT_BY_ALIGNMENT(.after_vectors*))
 .after_vectors.reset
                0x000000d4       0x4c ./startup/startup_mcxc444.o
                0x000000d4                ResetISR
 .after_vectors.init_data
                0x00000120       0x12 ./startup/startup_mcxc444.o
                0x00000120                data_init
 .after_vectors.init_bss
                0x00000132       0x10 ./startup/startup_mcxc444.o
                0x00000132                bss_init
 .after_vectors
                0x00000142      0x10c ./startup/startup_mcxc444.o
                0x00000142                NMI_Handler
                0x00000146                SVC_Handler
                0x00000148                PendSV_Handler
                0x0000014c                Reserved42_DriverIRQHandler
                0x0000014c                LPTMR0_DriverIRQHandler
                0x0000014c                PORTC_PORTD_DriverIRQHandler
                0x0000014c                DMA0_DriverIRQHandler
                0x0000014c                Reserved43_DriverIRQHandler
                0x0000014c                PIT_DriverIRQHandler
                0x0000014c                DMA2_DriverIRQHandler
                0x0000014c                I2S0_DriverIRQHandler
                0x0000014c                CMP0_DriverIRQHandler
                0x0000014c                TPM2_DriverIRQHandler
                0x0000014c                ADC0_DriverIRQHandler
                0x0000014c                DMA1_DriverIRQHandler
                0x0000014c                PMC_DriverIRQHandler
                0x0000014c                RTC_Seconds_DriverIRQHandler
                0x0000014c                LLWU_DriverIRQHandler
                0x0000014c                LCD_DriverIRQHandler
                0x0000014c                RTC_DriverIRQHandler
                0x0000014c                TPM1_DriverIRQHandler
                0x0000014c                FTFA_DriverIRQHandler
                0x0000014c                IntDefaultHandler
                0x0000014c                USB0_DriverIRQHandler
                0x0000014c                DAC0_DriverIRQHandler
                0x0000014c                TPM0_DriverIRQHandler
                0x0000014c                PORTA_DriverIRQHandler
                0x0000014c                UART2_FLEXIO_DriverIRQHandler
                0x0000014c                DMA3_DriverIRQHandler
                0x0000014c                Reserved20_DriverIRQHandler
                0x0000014e                DMA0_IRQHandler
                0x00000156                DMA1_IRQHandler
                0x0000015e                DMA2_IRQHandler
                0x00000166                DMA3_IRQHandler
                0x0000016e                Reserved20_IRQHandler
                0x00000176                FTFA_IRQHandler
                0x0000017e                PMC_IRQHandler
                0x00000186                LLWU_IRQHandler
                0x0000018e                I2C0_IRQHandler
                0x00000196                I2C1_IRQHandler
                0x0000019e                SPI0_IRQHandler
                0x000001a6                SPI1_IRQHandler
                0x000001ae                LPUART0_IRQHandler
                0x000001b6                LPUART1_IRQHandler
                0x000001be                UART2_FLEXIO_IRQHandler
                0x000001c6                ADC0_IRQHandler
                0x000001ce                CMP0_IRQHandler
                0x000001d6                TPM0_IRQHandler
                0x000001de                TPM1_IRQHandler
                0x000001e6                TPM2_IRQHandler
                0x000001ee                RTC_IRQHandler
                0x000001f6                RTC_Seconds_IRQHandler
                0x000001fe                PIT_IRQHandler
                0x00000206                I2S0_IRQHandler
                0x0000020e                USB0_IRQHandler
                0x00000216                DAC0_IRQHandler
                0x0000021e                Reserved42_IRQHandler
                0x00000226                Reserved43_IRQHandler
                0x0000022e                LPTMR0_IRQHandler
                0x00000236                LCD_IRQHandler
                0x0000023e                PORTA_IRQHandler
                0x00000400                        . = 0x400
 *fill*         0x0000024e      0x1b2 ff
                0x00000400                        PROVIDE (__FLASH_CONFIG_START__ = .)
 *(SORT_BY_ALIGNMENT(.FlashConfig))
 .FlashConfig   0x00000400       0x10 ./startup/startup_mcxc444.o
                0x00000400                Flash_Config
                0x00000410                        PROVIDE (__FLASH_CONFIG_END__ = .)
                0x00000001                        ASSERT (! ((__FLASH_CONFIG_START__ == __FLASH_CONFIG_END__)), Linker Flash Config Support Enabled, but no .FlashConfig section provided within application)
 *(SORT_BY_ALIGNMENT(.text*))
 .text.DbgConsole_SendDataReliable
                0x00000410       0x5c ./utilities/debug_console/fsl_debug_console.o
                0x00000410                DbgConsole_SendDataReliable
 .text.DbgConsole_Init
                0x0000046c      0x1a4 ./utilities/debug_console/fsl_debug_console.o
                0x0000046c                DbgConsole_Init
 .text.DbgConsole_Vprintf
                0x00000610       0x70 ./utilities/debug_console/fsl_debug_console.o
                0x00000610                DbgConsole_Vprintf
 .text.__assertion_failed
                0x00000680       0x34 ./utilities/fsl_assert.o
                0x00000680                __assertion_failed
 .text.MEF_acelerometro_init
                0x000006b4       0x18 ./source/MEF_acelerometro.o
                0x000006b4                MEF_acelerometro_init
 .text.MEF_acelerometro
                0x000006cc      0x110 ./source/MEF_acelerometro.o
                0x000006cc                MEF_acelerometro
 .text.MEF_acelerometro_task_1ms
                0x000007dc       0x54 ./source/MEF_acelerometro.o
                0x000007dc                MEF_acelerometro_task_1ms
 .text.CLOCK_EnableClock
                0x00000830       0x34 ./source/SD2_I2C.o
 .text.PORT_SetPinConfig
                0x00000864       0x38 ./source/SD2_I2C.o
 .text.I2C_releaseBus
                0x0000089c      0x124 ./source/SD2_I2C.o
 .text.I2C_configPins
                0x000009c0       0x80 ./source/SD2_I2C.o
 .text.SD2_I2C_init
                0x00000a40       0x44 ./source/SD2_I2C.o
                0x00000a40                SD2_I2C_init
 .text.CLOCK_EnableClock
                0x00000a84       0x34 ./source/SD2_board.o
 .text.PORT_SetPinConfig
                0x00000ab8       0x38 ./source/SD2_board.o
 .text.board_init
                0x00000af0      0x18c ./source/SD2_board.o
                0x00000af0                board_init
 .text.board_setLed
                0x00000c7c       0xd8 ./source/SD2_board.o
                0x00000c7c                board_setLed
 .text.board_getSw
                0x00000d54       0x50 ./source/SD2_board.o
                0x00000d54                board_getSw
 .text.__NVIC_EnableIRQ
                0x00000da4       0x34 ./source/fxls8974.o
 .text.__NVIC_ClearPendingIRQ
                0x00000dd8       0x38 ./source/fxls8974.o
 .text.__NVIC_SetPriority
                0x00000e10       0xdc ./source/fxls8974.o
 .text.CLOCK_EnableClock
                0x00000eec       0x34 ./source/fxls8974.o
 .text.PORT_SetPinConfig
                0x00000f20       0x38 ./source/fxls8974.o
 .text.PORT_SetPinInterruptConfig
                0x00000f58       0x40 ./source/fxls8974.o
 .text.fxls8974_read_reg
                0x00000f98       0x68 ./source/fxls8974.o
 .text.fxls8974_write_reg
                0x00001000       0x68 ./source/fxls8974.o
 .text.config_port_int1
                0x00001068       0x98 ./source/fxls8974.o
 .text.fxls8974_init
                0x00001100      0x228 ./source/fxls8974.o
                0x00001100                fxls8974_init
 .text.Obtener_Valor
                0x00001328       0xe4 ./source/fxls8974.o
                0x00001328                Obtener_Valor
 .text.fxls8974_freefall_detectado
                0x0000140c       0x24 ./source/fxls8974.o
                0x0000140c                fxls8974_freefall_detectado
 .text.PORTC_PORTD_IRQHandler
                0x00001430       0x7c ./source/fxls8974.o
                0x00001430                PORTC_PORTD_IRQHandler
 .text.key_init
                0x000014ac       0x40 ./source/key.o
                0x000014ac                key_init
 .text.key_getPressEv
                0x000014ec       0x44 ./source/key.o
                0x000014ec                key_getPressEv
 .text.key_periodicTask1ms
                0x00001530       0x98 ./source/key.o
                0x00001530                key_periodicTask1ms
 .text.__NVIC_EnableIRQ
                0x000015c8       0x34 ./source/main.o
 .text.__NVIC_SetPriority
                0x000015fc       0xdc ./source/main.o
 .text.SysTick_Config
                0x000016d8       0x48 ./source/main.o
 .text.main     0x00001720       0x4c ./source/main.o
                0x00001720                main
 .text.HardFault_Handler
                0x0000176c       0x38 ./source/semihost_hardfault.o
                0x0000176c                HardFault_Handler
 .text.CLOCK_SetEr32kClock
                0x000017a4       0x34 ./drivers/fsl_clock.o
 .text.CLOCK_GetLircClkFreq
                0x000017d8       0x50 ./drivers/fsl_clock.o
 .text.CLOCK_GetOsc0ErClkFreq
                0x00001828       0x44 ./drivers/fsl_clock.o
                0x00001828                CLOCK_GetOsc0ErClkFreq
 .text.CLOCK_GetEr32kClkFreq
                0x0000186c       0x78 ./drivers/fsl_clock.o
                0x0000186c                CLOCK_GetEr32kClkFreq
 .text.CLOCK_GetFreq
                0x000018e4       0xc0 ./drivers/fsl_clock.o
                0x000018e4                CLOCK_GetFreq
 .text.CLOCK_SetSimConfig
                0x000019a4       0x2c ./drivers/fsl_clock.o
                0x000019a4                CLOCK_SetSimConfig
 .text.CLOCK_GetInternalRefClkFreq
                0x000019d0       0x48 ./drivers/fsl_clock.o
                0x000019d0                CLOCK_GetInternalRefClkFreq
 .text.CLOCK_GetPeriphClkFreq
                0x00001a18       0x3c ./drivers/fsl_clock.o
                0x00001a18                CLOCK_GetPeriphClkFreq
 .text.CLOCK_GetOutClkFreq
                0x00001a54       0x7c ./drivers/fsl_clock.o
                0x00001a54                CLOCK_GetOutClkFreq
 .text.CLOCK_SetMcgliteConfig
                0x00001ad0      0x110 ./drivers/fsl_clock.o
                0x00001ad0                CLOCK_SetMcgliteConfig
 .text.GPIO_PinInit
                0x00001be0       0x70 ./drivers/fsl_gpio.o
                0x00001be0                GPIO_PinInit
 .text.CLOCK_EnableClock
                0x00001c50       0x34 ./drivers/fsl_i2c.o
 .text.I2C_GetInstance
                0x00001c84       0x4c ./drivers/fsl_i2c.o
                0x00001c84                I2C_GetInstance
 .text.I2C_CheckAndClearError
                0x00001cd0       0x40 ./drivers/fsl_i2c.o
 .text.I2C_TransferCommonIRQHandler
                0x00001d10       0x60 ./drivers/fsl_i2c.o
 .text.I2C_MasterInit
                0x00001d70      0x110 ./drivers/fsl_i2c.o
                0x00001d70                I2C_MasterInit
 .text.I2C_MasterGetDefaultConfig
                0x00001e80       0x4c ./drivers/fsl_i2c.o
                0x00001e80                I2C_MasterGetDefaultConfig
 .text.I2C_MasterSetBaudRate
                0x00001ecc       0xf8 ./drivers/fsl_i2c.o
                0x00001ecc                I2C_MasterSetBaudRate
 .text.I2C_MasterStart
                0x00001fc4       0x84 ./drivers/fsl_i2c.o
                0x00001fc4                I2C_MasterStart
 .text.I2C_MasterRepeatedStart
                0x00002048       0xcc ./drivers/fsl_i2c.o
                0x00002048                I2C_MasterRepeatedStart
 .text.I2C_MasterWriteBlocking
                0x00002114       0xec ./drivers/fsl_i2c.o
                0x00002114                I2C_MasterWriteBlocking
 .text.I2C_MasterTransferBlocking
                0x00002200      0x27c ./drivers/fsl_i2c.o
                0x00002200                I2C_MasterTransferBlocking
 .text.I2C0_DriverIRQHandler
                0x0000247c       0x20 ./drivers/fsl_i2c.o
                0x0000247c                I2C0_DriverIRQHandler
 .text.I2C1_DriverIRQHandler
                0x0000249c       0x20 ./drivers/fsl_i2c.o
                0x0000249c                I2C1_DriverIRQHandler
 .text.CLOCK_EnableClock
                0x000024bc       0x34 ./drivers/fsl_lpuart.o
 .text.LPUART_GetInstance
                0x000024f0       0x4c ./drivers/fsl_lpuart.o
                0x000024f0                LPUART_GetInstance
 .text.LPUART_Init
                0x0000253c      0x2c4 ./drivers/fsl_lpuart.o
                0x0000253c                LPUART_Init
 .text.LPUART_GetDefaultConfig
                0x00002800       0x68 ./drivers/fsl_lpuart.o
                0x00002800                LPUART_GetDefaultConfig
 .text.LPUART_WriteBlocking
                0x00002868       0x6c ./drivers/fsl_lpuart.o
                0x00002868                LPUART_WriteBlocking
 .text.LPUART0_DriverIRQHandler
                0x000028d4       0x24 ./drivers/fsl_lpuart.o
                0x000028d4                LPUART0_DriverIRQHandler
 .text.LPUART1_DriverIRQHandler
                0x000028f8       0x24 ./drivers/fsl_lpuart.o
                0x000028f8                LPUART1_DriverIRQHandler
 .text.SPI_CommonIRQHandler
                0x0000291c       0x54 ./drivers/fsl_spi.o
 .text.SPI0_DriverIRQHandler
                0x00002970       0x30 ./drivers/fsl_spi.o
                0x00002970                SPI0_DriverIRQHandler
 .text.SPI1_DriverIRQHandler
                0x000029a0       0x30 ./drivers/fsl_spi.o
                0x000029a0                SPI1_DriverIRQHandler
 .text.SystemInit
                0x000029d0       0x40 ./device/system_MCXC444.o
                0x000029d0                SystemInit
 .text.HAL_UartGetStatus
                0x00002a10       0x34 ./component/uart/fsl_adapter_lpuart.o
 .text.HAL_UartInitCommon
                0x00002a44       0xa0 ./component/uart/fsl_adapter_lpuart.o
 .text.HAL_UartInit
                0x00002ae4       0x98 ./component/uart/fsl_adapter_lpuart.o
                0x00002ae4                HAL_UartInit
 .text.HAL_UartSendBlocking
                0x00002b7c       0x6c ./component/uart/fsl_adapter_lpuart.o
                0x00002b7c                HAL_UartSendBlocking
 .text.SerialManager_StartWriting
                0x00002be8       0x44 ./component/serial_manager/fsl_component_serial_manager.o
 .text.SerialManager_Init
                0x00002c2c       0x70 ./component/serial_manager/fsl_component_serial_manager.o
                0x00002c2c                SerialManager_Init
 .text.SerialManager_OpenReadHandle
                0x00002c9c       0x74 ./component/serial_manager/fsl_component_serial_manager.o
                0x00002c9c                SerialManager_OpenReadHandle
 .text.CLOCK_SetLpuart0Clock
                0x00002d10       0x38 ./board/board.o
 .text.CLOCK_SetSimSafeDivs
                0x00002d48       0x20 ./board/clock_config.o
 .text.BOARD_BootClockRUN
                0x00002d68       0x34 ./board/clock_config.o
                0x00002d68                BOARD_BootClockRUN
 .text.CLOCK_EnableClock
                0x00002d9c       0x34 ./board/pin_mux.o
 .text.PORT_SetPinMux
                0x00002dd0       0x40 ./board/pin_mux.o
 .text.BOARD_InitPins
                0x00002e10       0x68 ./board/pin_mux.o
                0x00002e10                BOARD_InitPins
 .text._initio  0x00002e78       0x7c C:/nxp/MCUXpressoIDE_25.6.136/ide/plugins/com.nxp.mcuxpresso.tools.win32_25.6.0.202501151204/tools/bin/../lib/gcc/arm-none-eabi/14.2.1/../../../../arm-none-eabi/lib/thumb/v6-m/nofp\libcr_c.a(initio.o)
                0x00002e78                _initio
 .text.setvbuf  0x00002ef4       0x4c C:/nxp/MCUXpressoIDE_25.6.136/ide/plugins/com.nxp.mcuxpresso.tools.win32_25.6.0.202501151204/tools/bin/../lib/gcc/arm-none-eabi/14.2.1/../../../../arm-none-eabi/lib/thumb/v6-m/nofp\libcr_c.a(setvbuf.o)
                0x00002ef4                setvbuf
 .text.strlen   0x00002f40       0x5c C:/nxp/MCUXpressoIDE_25.6.136/ide/plugins/com.nxp.mcuxpresso.tools.win32_25.6.0.202501151204/tools/bin/../lib/gcc/arm-none-eabi/14.2.1/../../../../arm-none-eabi/lib/thumb/v6-m/nofp\libcr_c.a(strlen.o)
                0x00002f40                strlen
 .text._deferredlazyseek
                0x00002f9c       0x44 C:/nxp/MCUXpressoIDE_25.6.136/ide/plugins/com.nxp.mcuxpresso.tools.win32_25.6.0.202501151204/tools/bin/../lib/gcc/arm-none-eabi/14.2.1/../../../../arm-none-eabi/lib/thumb/v6-m/nofp\libcr_c.a(_deferredlazyseek.o)
                0x00002f9c                _deferredlazyseek
 .text._fdopen  0x00002fe0       0x74 C:/nxp/MCUXpressoIDE_25.6.136/ide/plugins/com.nxp.mcuxpresso.tools.win32_25.6.0.202501151204/tools/bin/../lib/gcc/arm-none-eabi/14.2.1/../../../../arm-none-eabi/lib/thumb/v6-m/nofp\libcr_c.a(_fdopen.o)
                0x00002fe0                _fdopen
 .text._fflush  0x00003054       0x5c C:/nxp/MCUXpressoIDE_25.6.136/ide/plugins/com.nxp.mcuxpresso.tools.win32_25.6.0.202501151204/tools/bin/../lib/gcc/arm-none-eabi/14.2.1/../../../../arm-none-eabi/lib/thumb/v6-m/nofp\libcr_c.a(_fflush.o)
                0x00003054                _fflush
 .text._Cwritebuf
                0x000030b0       0x68 C:/nxp/MCUXpressoIDE_25.6.136/ide/plugins/com.nxp.mcuxpresso.tools.win32_25.6.0.202501151204/tools/bin/../lib/gcc/arm-none-eabi/14.2.1/../../../../arm-none-eabi/lib/thumb/v6-m/nofp\libcr_c.a(_writebuf.o)
                0x000030b0                _Cwritebuf
 .text.fclose   0x00003118       0x5c C:/nxp/MCUXpressoIDE_25.6.136/ide/plugins/com.nxp.mcuxpresso.tools.win32_25.6.0.202501151204/tools/bin/../lib/gcc/arm-none-eabi/14.2.1/../../../../arm-none-eabi/lib/thumb/v6-m/nofp\libcr_c.a(fclose.o)
                0x00003118                fclose
 .text.fflush   0x00003174       0x40 C:/nxp/MCUXpressoIDE_25.6.136/ide/plugins/com.nxp.mcuxpresso.tools.win32_25.6.0.202501151204/tools/bin/../lib/gcc/arm-none-eabi/14.2.1/../../../../arm-none-eabi/lib/thumb/v6-m/nofp\libcr_c.a(fflush.o)
                0x00003174                fflush
 .text.fseek    0x000031b4       0xec C:/nxp/MCUXpressoIDE_25.6.136/ide/plugins/com.nxp.mcuxpresso.tools.win32_25.6.0.202501151204/tools/bin/../lib/gcc/arm-none-eabi/14.2.1/../../../../arm-none-eabi/lib/thumb/v6-m/nofp\libcr_c.a(fseek.o)
                0x000031b4                fseek
 .text.ftell    0x000032a0       0x4c C:/nxp/MCUXpressoIDE_25.6.136/ide/plugins/com.nxp.mcuxpresso.tools.win32_25.6.0.202501151204/tools/bin/../lib/gcc/arm-none-eabi/14.2.1/../../../../arm-none-eabi/lib/thumb/v6-m/nofp\libcr_c.a(ftell.o)
                0x000032a0                ftell
 .text._do_fflush
                0x000032ec       0x48 C:/nxp/MCUXpressoIDE_25.6.136/ide/plugins/com.nxp.mcuxpresso.tools.win32_25.6.0.202501151204/tools/bin/../lib/gcc/arm-none-eabi/14.2.1/../../../../arm-none-eabi/lib/thumb/v6-m/nofp\libcr_c.a(_do_fflush.o)
                0x000032ec                _do_fflush
 .text.__aeabi_fmul
                0x00003334       0xcc C:/nxp/MCUXpressoIDE_25.6.136/ide/plugins/com.nxp.mcuxpresso.tools.win32_25.6.0.202501151204/tools/bin/../lib/gcc/arm-none-eabi/14.2.1/thumb/v6-m/nofp\libcr_eabihelpers.a(float.o)
                0x00003334                __aeabi_fmul
 .text.PrintGetWidth
                0x00003400       0x7c ./utilities/str/fsl_str.o
 .text.PrintGetPrecision
                0x0000347c       0xa0 ./utilities/str/fsl_str.o
 .text.PrintIsobpu
                0x0000351c       0x3e ./utilities/str/fsl_str.o
 .text.PrintIsdi
                0x0000355a       0x2e ./utilities/str/fsl_str.o
 .text.PrintOutputdifFobpu
                0x00003588       0x48 ./utilities/str/fsl_str.o
 .text.PrintOutputxX
                0x000035d0       0x48 ./utilities/str/fsl_str.o
 .text.PrintIsfF
                0x00003618       0x2e ./utilities/str/fsl_str.o
 .text.PrintIsxX
                0x00003646       0x2e ./utilities/str/fsl_str.o
 .text.PrintFilterLengthFlag
                0x00003674       0x44 ./utilities/str/fsl_str.o
 .text.PrintGetRadixFromobpu
                0x000036b8       0x58 ./utilities/str/fsl_str.o
 .text.ConvertRadixNumToString
                0x00003710       0xc0 ./utilities/str/fsl_str.o
 .text.StrFormatExaminedi
                0x000037d0       0x22 ./utilities/str/fsl_str.o
 .text.StrFormatExaminexX
                0x000037f2       0x22 ./utilities/str/fsl_str.o
 .text.StrFormatExamineobpu
                0x00003814       0x22 ./utilities/str/fsl_str.o
 .text.ConvertPrecisionWidthToLength
                0x00003836       0x22 ./utilities/str/fsl_str.o
 .text.StrFormatPrintf
                0x00003858      0x2d6 ./utilities/str/fsl_str.o
                0x00003858                StrFormatPrintf
 .text.DbgConsole_PrintCallback
                0x00003b2e       0x6c ./utilities/debug_console/fsl_debug_console.o
 .text.DbgConsole_Printf
                0x00003b9a       0x32 ./utilities/debug_console/fsl_debug_console.o
                0x00003b9a                DbgConsole_Printf
 .text.fsl_assert_hook
                0x00003bcc       0x16 ./utilities/fsl_assert.o
                0x00003bcc                fsl_assert_hook
 .text.GPIO_PinWrite
                0x00003be2       0x34 ./source/SD2_I2C.o
 .text.i2c_release_bus_delay
                0x00003c16       0x28 ./source/SD2_I2C.o
 .text.GPIO_PortSet
                0x00003c3e       0x18 ./source/SD2_board.o
 .text.GPIO_PortClear
                0x00003c56       0x18 ./source/SD2_board.o
 .text.GPIO_PortToggle
                0x00003c6e       0x18 ./source/SD2_board.o
 .text.GPIO_PinRead
                0x00003c86       0x20 ./source/SD2_board.o
 .text.PORT_ClearPinsInterruptFlags
                0x00003ca6       0x1a ./source/fxls8974.o
 .text.EnableIRQ
                0x00003cc0       0x36 ./source/main.o
 .text.SysTick_Handler
                0x00003cf6       0x12 ./source/main.o
                0x00003cf6                SysTick_Handler
 .text.GPIO_PinWrite
                0x00003d08       0x34 ./drivers/fsl_gpio.o
 .text.GPIO_PortClockEnable
                0x00003d3c       0x16 ./drivers/fsl_gpio.o
 .text.I2C_MasterClearStatusFlags
                0x00003d52       0x56 ./drivers/fsl_i2c.o
 .text.I2C_MasterStop
                0x00003da8       0x36 ./drivers/fsl_i2c.o
                0x00003da8                I2C_MasterStop
 .text.I2C_MasterGetStatusFlags
                0x00003dde       0x4a ./drivers/fsl_i2c.o
                0x00003dde                I2C_MasterGetStatusFlags
 .text.I2C_MasterReadBlocking
                0x00003e28       0xcc ./drivers/fsl_i2c.o
                0x00003e28                I2C_MasterReadBlocking
 .text.SystemInitHook
                0x00003ef4        0xa ./device/system_MCXC444.o
                0x00003ef4                SystemInitHook
 .text.DisableGlobalIRQ
                0x00003efe       0x1e ./component/serial_manager/fsl_component_serial_manager.o
 .text.EnableGlobalIRQ
                0x00003f1c       0x1c ./component/serial_manager/fsl_component_serial_manager.o
 .text.SerialManager_Write
                0x00003f38       0x44 ./component/serial_manager/fsl_component_serial_manager.o
 .text.SerialManager_OpenWriteHandle
                0x00003f7c       0x56 ./component/serial_manager/fsl_component_serial_manager.o
                0x00003f7c                SerialManager_OpenWriteHandle
 .text.SerialManager_WriteBlocking
                0x00003fd2       0x22 ./component/serial_manager/fsl_component_serial_manager.o
                0x00003fd2                SerialManager_WriteBlocking
 .text.Serial_UartInit
                0x00003ff4       0x4e ./component/serial_manager/fsl_component_serial_port_uart.o
                0x00003ff4                Serial_UartInit
 .text.Serial_UartWrite
                0x00004042       0x38 ./component/serial_manager/fsl_component_serial_port_uart.o
                0x00004042                Serial_UartWrite
 .text.BOARD_InitDebugConsole
                0x0000407a       0x2c ./board/board.o
                0x0000407a                BOARD_InitDebugConsole
 .text.__main   0x000040a6        0xc C:/nxp/MCUXpressoIDE_25.6.136/ide/plugins/com.nxp.mcuxpresso.tools.win32_25.6.0.202501151204/tools/bin/../lib/gcc/arm-none-eabi/14.2.1/../../../../arm-none-eabi/lib/thumb/v6-m/nofp\libcr_nohost.a(_cr__main.o)
                0x000040a6                __main
 .text.memcpy   0x000040b2        0x8 C:/nxp/MCUXpressoIDE_25.6.136/ide/plugins/com.nxp.mcuxpresso.tools.win32_25.6.0.202501151204/tools/bin/../lib/gcc/arm-none-eabi/14.2.1/../../../../arm-none-eabi/lib/thumb/v6-m/nofp\libcr_c.a(memcpy.o)
                0x000040b2                memcpy
 .text.memset   0x000040ba        0x8 C:/nxp/MCUXpressoIDE_25.6.136/ide/plugins/com.nxp.mcuxpresso.tools.win32_25.6.0.202501151204/tools/bin/../lib/gcc/arm-none-eabi/14.2.1/../../../../arm-none-eabi/lib/thumb/v6-m/nofp\libcr_c.a(memset.o)
                0x000040ba                memset
 .text.free     0x000040c2       0x2c C:/nxp/MCUXpressoIDE_25.6.136/ide/plugins/com.nxp.mcuxpresso.tools.win32_25.6.0.202501151204/tools/bin/../lib/gcc/arm-none-eabi/14.2.1/../../../../arm-none-eabi/lib/thumb/v6-m/nofp\libcr_c.a(alloc.o)
                0x000040c2                free
 .text.remove   0x000040ee       0x12 C:/nxp/MCUXpressoIDE_25.6.136/ide/plugins/com.nxp.mcuxpresso.tools.win32_25.6.0.202501151204/tools/bin/../lib/gcc/arm-none-eabi/14.2.1/../../../../arm-none-eabi/lib/thumb/v6-m/nofp\libcr_c.a(remove.o)
                0x000040ee                remove
 .text.__aeabi_division_idivmod
                0x00004100       0x78 C:/nxp/MCUXpressoIDE_25.6.136/ide/plugins/com.nxp.mcuxpresso.tools.win32_25.6.0.202501151204/tools/bin/../lib/gcc/arm-none-eabi/14.2.1/thumb/v6-m/nofp\libcr_eabihelpers.a(division_32.o)
                0x00004100                __aeabi_idivmod
                0x00004100                __aeabi_idiv
                0x00004106                __aeabi_uidivmod
                0x00004106                __aeabi_uidiv
 .text.__aeabi_division_idiv0
                0x00004178        0x2 C:/nxp/MCUXpressoIDE_25.6.136/ide/plugins/com.nxp.mcuxpresso.tools.win32_25.6.0.202501151204/tools/bin/../lib/gcc/arm-none-eabi/14.2.1/thumb/v6-m/nofp\libcr_eabihelpers.a(division_idiv0.o)
                0x00004178                __aeabi_idiv0
 .text.__aeabi_f2uiz
                0x0000417a       0x28 C:/nxp/MCUXpressoIDE_25.6.136/ide/plugins/com.nxp.mcuxpresso.tools.win32_25.6.0.202501151204/tools/bin/../lib/gcc/arm-none-eabi/14.2.1/thumb/v6-m/nofp\libcr_eabihelpers.a(float.o)
                0x0000417a                __aeabi_f2uiz
 .text.__bhs_ui2f
                0x000041a2       0x60 C:/nxp/MCUXpressoIDE_25.6.136/ide/plugins/com.nxp.mcuxpresso.tools.win32_25.6.0.202501151204/tools/bin/../lib/gcc/arm-none-eabi/14.2.1/thumb/v6-m/nofp\libcr_eabihelpers.a(float.o)
                0x000041a2                __bhs_ui2f
 .text.__aeabi_i2f
                0x00004202       0x18 C:/nxp/MCUXpressoIDE_25.6.136/ide/plugins/com.nxp.mcuxpresso.tools.win32_25.6.0.202501151204/tools/bin/../lib/gcc/arm-none-eabi/14.2.1/thumb/v6-m/nofp\libcr_eabihelpers.a(float.o)
                0x00004202                __aeabi_i2f
 .text.__aeabi_ui2f
                0x0000421a        0xc C:/nxp/MCUXpressoIDE_25.6.136/ide/plugins/com.nxp.mcuxpresso.tools.win32_25.6.0.202501151204/tools/bin/../lib/gcc/arm-none-eabi/14.2.1/thumb/v6-m/nofp\libcr_eabihelpers.a(float.o)
                0x0000421a                __aeabi_ui2f
 .text.__aeabi_fcmpgt
                0x00004226       0x3c C:/nxp/MCUXpressoIDE_25.6.136/ide/plugins/com.nxp.mcuxpresso.tools.win32_25.6.0.202501151204/tools/bin/../lib/gcc/arm-none-eabi/14.2.1/thumb/v6-m/nofp\libcr_eabihelpers.a(float.o)
                0x00004226                __aeabi_fcmpgt
 .text.__aeabi_llong_lmul
                0x00004262       0x2e C:/nxp/MCUXpressoIDE_25.6.136/ide/plugins/com.nxp.mcuxpresso.tools.win32_25.6.0.202501151204/tools/bin/../lib/gcc/arm-none-eabi/14.2.1/thumb/v6-m/nofp\libcr_eabihelpers.a(llong.o)
                0x00004262                __aeabi_lmul
 .text.__aeabi_memcpy
                0x00004290       0x2c C:/nxp/MCUXpressoIDE_25.6.136/ide/plugins/com.nxp.mcuxpresso.tools.win32_25.6.0.202501151204/tools/bin/../lib/gcc/arm-none-eabi/14.2.1/thumb/v6-m/nofp\libcr_eabihelpers.a(memcpy.o)
                0x00004290                __aeabi_memcpy4
                0x00004290                __aeabi_memcpy8
                0x00004290                __aeabi_memcpy
 .text.__aeabi_memset_lowlevel
                0x000042bc       0x2a C:/nxp/MCUXpressoIDE_25.6.136/ide/plugins/com.nxp.mcuxpresso.tools.win32_25.6.0.202501151204/tools/bin/../lib/gcc/arm-none-eabi/14.2.1/thumb/v6-m/nofp\libcr_eabihelpers.a(memcpy.o)
                0x000042bc                __aeabi_lowlevel_memset
 .text.__sys_close
                0x000042e6        0x6 C:/nxp/MCUXpressoIDE_25.6.136/ide/plugins/com.nxp.mcuxpresso.tools.win32_25.6.0.202501151204/tools/bin/../lib/gcc/arm-none-eabi/14.2.1/../../../../arm-none-eabi/lib/thumb/v6-m/nofp\libcr_nohost.a(__sys_close.o)
                0x000042e6                __sys_close
 .text.__sys_flen
                0x000042ec        0x6 C:/nxp/MCUXpressoIDE_25.6.136/ide/plugins/com.nxp.mcuxpresso.tools.win32_25.6.0.202501151204/tools/bin/../lib/gcc/arm-none-eabi/14.2.1/../../../../arm-none-eabi/lib/thumb/v6-m/nofp\libcr_nohost.a(__sys_flen.o)
                0x000042ec                __sys_flen
 .text.__sys_istty
                0x000042f2        0x6 C:/nxp/MCUXpressoIDE_25.6.136/ide/plugins/com.nxp.mcuxpresso.tools.win32_25.6.0.202501151204/tools/bin/../lib/gcc/arm-none-eabi/14.2.1/../../../../arm-none-eabi/lib/thumb/v6-m/nofp\libcr_nohost.a(__sys_istty.o)
                0x000042f2                __sys_istty
 .text.__sys_remove
                0x000042f8        0x6 C:/nxp/MCUXpressoIDE_25.6.136/ide/plugins/com.nxp.mcuxpresso.tools.win32_25.6.0.202501151204/tools/bin/../lib/gcc/arm-none-eabi/14.2.1/../../../../arm-none-eabi/lib/thumb/v6-m/nofp\libcr_nohost.a(__sys_remove.o)
                0x000042f8                __sys_remove
 .text.__sys_seek
                0x000042fe        0x6 C:/nxp/MCUXpressoIDE_25.6.136/ide/plugins/com.nxp.mcuxpresso.tools.win32_25.6.0.202501151204/tools/bin/../lib/gcc/arm-none-eabi/14.2.1/../../../../arm-none-eabi/lib/thumb/v6-m/nofp\libcr_nohost.a(__sys_seek.o)
                0x000042fe                __sys_seek
 .text.__sys_tmpnam
                0x00004304        0x6 C:/nxp/MCUXpressoIDE_25.6.136/ide/plugins/com.nxp.mcuxpresso.tools.win32_25.6.0.202501151204/tools/bin/../lib/gcc/arm-none-eabi/14.2.1/../../../../arm-none-eabi/lib/thumb/v6-m/nofp\libcr_nohost.a(__sys_tmpnam.o)
                0x00004304                __sys_tmpnam
 .text.__sys_write
                0x0000430a        0x4 C:/nxp/MCUXpressoIDE_25.6.136/ide/plugins/com.nxp.mcuxpresso.tools.win32_25.6.0.202501151204/tools/bin/../lib/gcc/arm-none-eabi/14.2.1/../../../../arm-none-eabi/lib/thumb/v6-m/nofp\libcr_nohost.a(__sys_write.o)
                0x0000430a                __sys_write
 *(SORT_BY_ALIGNMENT(.rodata) SORT_BY_ALIGNMENT(.rodata.*) SORT_BY_ALIGNMENT(.constdata) SORT_BY_ALIGNMENT(.constdata.*))
 *fill*         0x0000430e        0x2 ff
 .rodata.__assertion_failed.str1.4
                0x00004310      0x497 ./utilities/fsl_assert.o
                                 0x14 (size before relaxing)
 .rodata.PORT_SetPinConfig.str1.4
                0x000047a7       0x63 ./source/SD2_I2C.o
 .rodata.PORT_SetPinConfig.str1.4
                0x000047a7       0x63 ./source/SD2_board.o
 *fill*         0x000047a7        0x1 ff
 .rodata.board_gpioLeds
                0x000047a8       0x24 ./source/SD2_board.o
 .rodata.board_gpioSw
                0x000047cc       0x18 ./source/SD2_board.o
 .rodata        0x000047e4        0x2 ./source/SD2_board.o
 .rodata.PORT_SetPinConfig.str1.4
                0x000047e6       0x63 ./source/fxls8974.o
 .rodata.CLOCK_GetOsc0ErClkFreq.str1.4
                0x000047e6       0x1e ./drivers/fsl_clock.o
 .rodata.CLOCK_GetEr32kClkFreq.str1.4
                0x000047e6       0x1f ./drivers/fsl_clock.o
 *fill*         0x000047e6        0x2 ff
 .rodata.CLOCK_GetFreq
                0x000047e8       0x50 ./drivers/fsl_clock.o
 .rodata.CLOCK_GetOutClkFreq.str1.4
                0x00004838       0x1e ./drivers/fsl_clock.o
 .rodata.CLOCK_SetMcgliteConfig.str1.4
                0x00004838       0x1f ./drivers/fsl_clock.o
 .rodata.lircFreqs.0
                0x00004838        0x8 ./drivers/fsl_clock.o
 .rodata.GPIO_PinInit.str1.4
                0x00004840       0x20 ./drivers/fsl_gpio.o
 .rodata.s_i2cDividerTable
                0x00004840       0x80 ./drivers/fsl_i2c.o
 .rodata.s_i2cClocks
                0x000048c0        0x8 ./drivers/fsl_i2c.o
 .rodata.s_i2cBases
                0x000048c8        0x8 ./drivers/fsl_i2c.o
 .rodata.I2C_GetInstance.str1.4
                0x000048d0       0x32 ./drivers/fsl_i2c.o
 .rodata.I2C_MasterInit.str1.4
                0x000048d0       0x4a ./drivers/fsl_i2c.o
 .rodata.I2C_MasterGetDefaultConfig.str1.4
                0x000048d0       0x25 ./drivers/fsl_i2c.o
 .rodata.I2C_MasterTransferBlocking.str1.4
                0x000048d0       0x1e ./drivers/fsl_i2c.o
 .rodata.s_lpuartBases
                0x000048d0        0x8 ./drivers/fsl_lpuart.o
 .rodata.s_lpuartClock
                0x000048d8        0x8 ./drivers/fsl_lpuart.o
 .rodata.LPUART_GetInstance.str1.4
                0x000048e0       0x38 ./drivers/fsl_lpuart.o
 .rodata.LPUART_Init.str1.4
                0x000048e0       0x51 ./drivers/fsl_lpuart.o
 .rodata.LPUART_GetDefaultConfig.str1.4
                0x000048e0       0x22 ./drivers/fsl_lpuart.o
 .rodata.LPUART_WriteBlocking.str1.4
                0x000048e0       0x21 ./drivers/fsl_lpuart.o
 .rodata.SPI0_DriverIRQHandler.str1.4
                0x000048e0       0x28 ./drivers/fsl_spi.o
 .rodata.SPI1_DriverIRQHandler.str1.4
                0x000048e0       0x28 ./drivers/fsl_spi.o
 .rodata.s_LpuartAdapterBase
                0x000048e0        0x8 ./component/uart/fsl_adapter_lpuart.o
 .rodata.HAL_UartInit.str1.4
                0x000048e8      0x116 ./component/uart/fsl_adapter_lpuart.o
 .rodata.HAL_UartSendBlocking.str1.4
                0x000048e8       0x7b ./component/uart/fsl_adapter_lpuart.o
 .rodata.mcgliteConfig_BOARD_BootClockRUN
                0x000048e8        0x6 ./board/clock_config.o
                0x000048e8                mcgliteConfig_BOARD_BootClockRUN
 *fill*         0x000048ee        0x2 ff
 .rodata.simConfig_BOARD_BootClockRUN
                0x000048f0        0x8 ./board/clock_config.o
                0x000048f0                simConfig_BOARD_BootClockRUN
 .rodata.__num_Ciob_streams
                0x000048f8        0x4 C:/nxp/MCUXpressoIDE_25.6.136/ide/plugins/com.nxp.mcuxpresso.tools.win32_25.6.0.202501151204/tools/bin/../lib/gcc/arm-none-eabi/14.2.1/../../../../arm-none-eabi/lib/thumb/v6-m/nofp\libcr_nohost.a(__ciob.o)
                0x000048f8                __num_Ciob_streams
 .rodata._initio.str1.1
                0x000048fc        0x4 C:/nxp/MCUXpressoIDE_25.6.136/ide/plugins/com.nxp.mcuxpresso.tools.win32_25.6.0.202501151204/tools/bin/../lib/gcc/arm-none-eabi/14.2.1/../../../../arm-none-eabi/lib/thumb/v6-m/nofp\libcr_c.a(initio.o)
                0x00004900                        . = ALIGN (0x4)

.glue_7         0x00004900        0x0
 .glue_7        0x00004900        0x0 linker stubs

.glue_7t        0x00004900        0x0
 .glue_7t       0x00004900        0x0 linker stubs

.vfp11_veneer   0x00004900        0x0
 .vfp11_veneer  0x00004900        0x0 linker stubs

.v4_bx          0x00004900        0x0
 .v4_bx         0x00004900        0x0 linker stubs

.iplt           0x00004900        0x0
 .iplt          0x00004900        0x0 ./utilities/str/fsl_str.o

.rel.dyn        0x00004900        0x0
 .rel.iplt      0x00004900        0x0 ./utilities/str/fsl_str.o

.ARM.extab
 *(SORT_BY_ALIGNMENT(.ARM.extab*) SORT_BY_ALIGNMENT(.gnu.linkonce.armextab.*))

.ARM.exidx      0x00004900        0x0
                0x00004900                        __exidx_start = .
 *(SORT_BY_ALIGNMENT(.ARM.exidx*) SORT_BY_ALIGNMENT(.gnu.linkonce.armexidx.*))
                0x00004900                        __exidx_end = .
                0x00004900                        _etext = .

.mtb_buffer_default
                0x1fffe000       0x80
 *(SORT_BY_ALIGNMENT(.mtb*))
 .mtb.$RAM1     0x1fffe000       0x80 ./source/mtb.o
                0x1fffe000                __mtb_buffer__

.uninit_RESERVED
                0x1fffe080        0x0
                0x1fffe080                        _start_uninit_RESERVED = .
 *(SORT_BY_ALIGNMENT(.bss.$RESERVED*))
                0x1fffe080                        . = ALIGN (0x4)
                0x1fffe080                        _end_uninit_RESERVED = .

.data           0x1fffe080        0x4 load address 0x00004900
 FILL mask 0xff
                0x1fffe080                        _data = .
                [!provide]                        PROVIDE (__start_data_RAM = .)
                [!provide]                        PROVIDE (__start_data_SRAM = .)
 *(SORT_BY_ALIGNMENT(vtable))
 *(SORT_BY_ALIGNMENT(.ramfunc*))
 *(SORT_BY_ALIGNMENT(CodeQuickAccess))
 *(SORT_BY_ALIGNMENT(DataQuickAccess))
 *(SORT_BY_ALIGNMENT(RamFunction))
 *(SORT_BY_ALIGNMENT(.data*))
 .data.SystemCoreClock
                0x1fffe080        0x4 ./device/system_MCXC444.o
                0x1fffe080                SystemCoreClock
                0x1fffe084                        . = ALIGN (0x4)
                0x1fffe084                        _edata = .
                [!provide]                        PROVIDE (__end_data_RAM = .)
                [!provide]                        PROVIDE (__end_data_SRAM = .)

.igot.plt       0x1fffe084        0x0 load address 0x00004904
 .igot.plt      0x1fffe084        0x0 ./utilities/str/fsl_str.o

.bss            0x1fffe084      0x25c
                0x1fffe084                        _bss = .
                [!provide]                        PROVIDE (__start_bss_RAM = .)
                [!provide]                        PROVIDE (__start_bss_SRAM = .)
 *(SORT_BY_ALIGNMENT(.bss*))
 .bss.s_debugConsoleState
                0x1fffe084       0x20 ./utilities/debug_console/fsl_debug_console.o
 .bss.g_serialHandle
                0x1fffe0a4        0x4 ./utilities/debug_console/fsl_debug_console.o
                0x1fffe0a4                g_serialHandle
 .bss.count_1ms_blink
                0x1fffe0a8        0x4 ./source/MEF_acelerometro.o
 .bss.count_1ms_informando
                0x1fffe0ac        0x4 ./source/MEF_acelerometro.o
 .bss.aceleracion_actual
                0x1fffe0b0        0x4 ./source/MEF_acelerometro.o
                0x1fffe0b0                aceleracion_actual
 .bss.aceleracion_maxima
                0x1fffe0b4        0x4 ./source/MEF_acelerometro.o
                0x1fffe0b4                aceleracion_maxima
 .bss.estSW     0x1fffe0b8        0x2 ./source/key.o
 *fill*         0x1fffe0ba        0x2 
 .bss.eventSW   0x1fffe0bc        0x2 ./source/key.o
 *fill*         0x1fffe0be        0x2 
 .bss.g_xtal0Freq
                0x1fffe0c0        0x4 ./drivers/fsl_clock.o
                0x1fffe0c0                g_xtal0Freq
 .bss.g_xtal32Freq
                0x1fffe0c4        0x4 ./drivers/fsl_clock.o
                0x1fffe0c4                g_xtal32Freq
 .bss.s_i2cHandle
                0x1fffe0c8        0x8 ./drivers/fsl_i2c.o
 .bss.s_i2cMasterIsr
                0x1fffe0d0        0x4 ./drivers/fsl_i2c.o
 .bss.s_i2cSlaveIsr
                0x1fffe0d4        0x4 ./drivers/fsl_i2c.o
 .bss.s_lpuartHandle
                0x1fffe0d8        0x8 ./drivers/fsl_lpuart.o
                0x1fffe0d8                s_lpuartHandle
 .bss.s_lpuartIsr
                0x1fffe0e0        0x8 ./drivers/fsl_lpuart.o
                0x1fffe0e0                s_lpuartIsr
 .bss.s_spiHandle
                0x1fffe0e8        0x8 ./drivers/fsl_spi.o
 .bss.s_spiMasterIsr
                0x1fffe0f0        0x4 ./drivers/fsl_spi.o
 .bss.s_spiSlaveIsr
                0x1fffe0f4        0x4 ./drivers/fsl_spi.o
 .bss.errno     0x1fffe0f8        0x4 C:/nxp/MCUXpressoIDE_25.6.136/ide/plugins/com.nxp.mcuxpresso.tools.win32_25.6.0.202501151204/tools/bin/../lib/gcc/arm-none-eabi/14.2.1/../../../../arm-none-eabi/lib/thumb/v6-m/nofp\libcr_c.a(errno.o)
                0x1fffe0f8                errno
 .bss.__Ciob    0x1fffe0fc      0x1e0 C:/nxp/MCUXpressoIDE_25.6.136/ide/plugins/com.nxp.mcuxpresso.tools.win32_25.6.0.202501151204/tools/bin/../lib/gcc/arm-none-eabi/14.2.1/../../../../arm-none-eabi/lib/thumb/v6-m/nofp\libcr_nohost.a(__ciob.o)
                0x1fffe0fc                __Ciob
 .bss.s_debugConsoleReadWaitSemaphore
                0x1fffe2dc        0x1 ./utilities/debug_console/fsl_debug_console.o
 .bss.EST_MEF_acelerometro
                0x1fffe2dd        0x1 ./source/MEF_acelerometro.o
 .bss.booted    0x1fffe2de        0x1 ./source/fxls8974.o
 .bss.freefall_detected
                0x1fffe2df        0x1 ./source/fxls8974.o
 *(SORT_BY_ALIGNMENT(COMMON))
                0x1fffe2e0                        . = ALIGN (0x4)
                0x1fffe2e0                        _ebss = .
                [!provide]                        PROVIDE (__end_bss_RAM = .)
                [!provide]                        PROVIDE (__end_bss_SRAM = .)
                [!provide]                        PROVIDE (end = .)

.noinit         0x1fffe2e0        0x0
                0x1fffe2e0                        _noinit = .
                [!provide]                        PROVIDE (__start_noinit_RAM = .)
                [!provide]                        PROVIDE (__start_noinit_SRAM = .)
 *(SORT_BY_ALIGNMENT(.noinit*))
                0x1fffe2e0                        . = ALIGN (0x4)
                0x1fffe2e0                        _end_noinit = .
                [!provide]                        PROVIDE (__end_noinit_RAM = .)
                [!provide]                        PROVIDE (__end_noinit_SRAM = .)
                0x00000800                        _HeapSize = 0x800

.heap           0x1fffe2e0      0x800
                0x1fffe2e0                        _pvHeapStart = .
                0x1fffeae0                        . = (. + _HeapSize)
 *fill*         0x1fffe2e0      0x800 
                0x1fffeae0                        . = ALIGN (0x4)
                0x1fffeae0                        _pvHeapLimit = .
                0x00000800                        _StackSize = 0x800

.heap2stackfill
                0x1fffeae0      0x800
                0x1ffff2e0                        . = (. + _StackSize)
 *fill*         0x1fffeae0      0x800 

.stack          0x20005800        0x0
                0x20005800                        _vStackBase = .
                0x20005800                        . = ALIGN (0x4)
                0x20006000                        _vStackTop = (. + _StackSize)
                0x00000000                        _image_start = LOADADDR (.text)
                0x00004904                        _image_end = (LOADADDR (.data) + SIZEOF (.data))
                0x00004904                        _image_size = (_image_end - _image_start)
OUTPUT(SD2_TP2.axf elf32-littlearm)
LOAD linker stubs

.debug_info     0x00000000    0x14d08
 .debug_info    0x00000000      0xd5e ./utilities/str/fsl_str.o
 .debug_info    0x00000d5e      0xe52 ./utilities/debug_console/fsl_debug_console.o
 .debug_info    0x00001bb0      0x12e ./utilities/fsl_assert.o
 .debug_info    0x00001cde      0x686 ./startup/startup_mcxc444.o
 .debug_info    0x00002364      0x56f ./source/MEF_acelerometro.o
 .debug_info    0x000028d3      0x878 ./source/SD2_I2C.o
 .debug_info    0x0000314b      0xba5 ./source/SD2_board.o
 .debug_info    0x00003cf0     0x1801 ./source/fxls8974.o
 .debug_info    0x000054f1      0x1ad ./source/key.o
 .debug_info    0x0000569e      0x550 ./source/main.o
 .debug_info    0x00005bee       0x53 ./source/mtb.o
 .debug_info    0x00005c41       0x3c ./source/semihost_hardfault.o
 .debug_info    0x00005c7d     0x138b ./drivers/fsl_clock.o
 .debug_info    0x00007008      0x980 ./drivers/fsl_gpio.o
 .debug_info    0x00007988     0x1ce9 ./drivers/fsl_i2c.o
 .debug_info    0x00009671     0x1f47 ./drivers/fsl_lpuart.o
 .debug_info    0x0000b5b8     0x190f ./drivers/fsl_spi.o
 .debug_info    0x0000cec7      0x42a ./device/system_MCXC444.o
 .debug_info    0x0000d2f1      0xb0d ./component/uart/fsl_adapter_lpuart.o
 .debug_info    0x0000ddfe      0xdc5 ./component/serial_manager/fsl_component_serial_manager.o
 .debug_info    0x0000ebc3      0x551 ./component/serial_manager/fsl_component_serial_port_uart.o
 .debug_info    0x0000f114      0x40a ./board/board.o
 .debug_info    0x0000f51e      0xa90 ./board/clock_config.o
 .debug_info    0x0000ffae      0x701 ./board/pin_mux.o
 .debug_info    0x000106af       0x85 C:/nxp/MCUXpressoIDE_25.6.136/ide/plugins/com.nxp.mcuxpresso.tools.win32_25.6.0.202501151204/tools/bin/../lib/gcc/arm-none-eabi/14.2.1/../../../../arm-none-eabi/lib/thumb/v6-m/nofp\libcr_nohost.a(_cr__main.o)
 .debug_info    0x00010734      0x12b C:/nxp/MCUXpressoIDE_25.6.136/ide/plugins/com.nxp.mcuxpresso.tools.win32_25.6.0.202501151204/tools/bin/../lib/gcc/arm-none-eabi/14.2.1/../../../../arm-none-eabi/lib/thumb/v6-m/nofp\libcr_c.a(memcpy.o)
 .debug_info    0x0001085f       0xfc C:/nxp/MCUXpressoIDE_25.6.136/ide/plugins/com.nxp.mcuxpresso.tools.win32_25.6.0.202501151204/tools/bin/../lib/gcc/arm-none-eabi/14.2.1/../../../../arm-none-eabi/lib/thumb/v6-m/nofp\libcr_c.a(memset.o)
 .debug_info    0x0001095b      0x526 C:/nxp/MCUXpressoIDE_25.6.136/ide/plugins/com.nxp.mcuxpresso.tools.win32_25.6.0.202501151204/tools/bin/../lib/gcc/arm-none-eabi/14.2.1/../../../../arm-none-eabi/lib/thumb/v6-m/nofp\libcr_c.a(alloc.o)
 .debug_info    0x00010e81       0x44 C:/nxp/MCUXpressoIDE_25.6.136/ide/plugins/com.nxp.mcuxpresso.tools.win32_25.6.0.202501151204/tools/bin/../lib/gcc/arm-none-eabi/14.2.1/../../../../arm-none-eabi/lib/thumb/v6-m/nofp\libcr_c.a(errno.o)
 .debug_info    0x00010ec5      0x353 C:/nxp/MCUXpressoIDE_25.6.136/ide/plugins/com.nxp.mcuxpresso.tools.win32_25.6.0.202501151204/tools/bin/../lib/gcc/arm-none-eabi/14.2.1/../../../../arm-none-eabi/lib/thumb/v6-m/nofp\libcr_c.a(initio.o)
 .debug_info    0x00011218      0x1fd C:/nxp/MCUXpressoIDE_25.6.136/ide/plugins/com.nxp.mcuxpresso.tools.win32_25.6.0.202501151204/tools/bin/../lib/gcc/arm-none-eabi/14.2.1/../../../../arm-none-eabi/lib/thumb/v6-m/nofp\libcr_c.a(setvbuf.o)
 .debug_info    0x00011415       0xdd C:/nxp/MCUXpressoIDE_25.6.136/ide/plugins/com.nxp.mcuxpresso.tools.win32_25.6.0.202501151204/tools/bin/../lib/gcc/arm-none-eabi/14.2.1/../../../../arm-none-eabi/lib/thumb/v6-m/nofp\libcr_c.a(strlen.o)
 .debug_info    0x000114f2      0x391 C:/nxp/MCUXpressoIDE_25.6.136/ide/plugins/com.nxp.mcuxpresso.tools.win32_25.6.0.202501151204/tools/bin/../lib/gcc/arm-none-eabi/14.2.1/../../../../arm-none-eabi/lib/thumb/v6-m/nofp\libcr_c.a(_deferredlazyseek.o)
 .debug_info    0x00011883      0x24b C:/nxp/MCUXpressoIDE_25.6.136/ide/plugins/com.nxp.mcuxpresso.tools.win32_25.6.0.202501151204/tools/bin/../lib/gcc/arm-none-eabi/14.2.1/../../../../arm-none-eabi/lib/thumb/v6-m/nofp\libcr_c.a(_fdopen.o)
 .debug_info    0x00011ace      0x1ea C:/nxp/MCUXpressoIDE_25.6.136/ide/plugins/com.nxp.mcuxpresso.tools.win32_25.6.0.202501151204/tools/bin/../lib/gcc/arm-none-eabi/14.2.1/../../../../arm-none-eabi/lib/thumb/v6-m/nofp\libcr_c.a(_fflush.o)
 .debug_info    0x00011cb8      0x28a C:/nxp/MCUXpressoIDE_25.6.136/ide/plugins/com.nxp.mcuxpresso.tools.win32_25.6.0.202501151204/tools/bin/../lib/gcc/arm-none-eabi/14.2.1/../../../../arm-none-eabi/lib/thumb/v6-m/nofp\libcr_c.a(_writebuf.o)
 .debug_info    0x00011f42      0x325 C:/nxp/MCUXpressoIDE_25.6.136/ide/plugins/com.nxp.mcuxpresso.tools.win32_25.6.0.202501151204/tools/bin/../lib/gcc/arm-none-eabi/14.2.1/../../../../arm-none-eabi/lib/thumb/v6-m/nofp\libcr_c.a(fclose.o)
 .debug_info    0x00012267      0x210 C:/nxp/MCUXpressoIDE_25.6.136/ide/plugins/com.nxp.mcuxpresso.tools.win32_25.6.0.202501151204/tools/bin/../lib/gcc/arm-none-eabi/14.2.1/../../../../arm-none-eabi/lib/thumb/v6-m/nofp\libcr_c.a(fflush.o)
 .debug_info    0x00012477      0x27f C:/nxp/MCUXpressoIDE_25.6.136/ide/plugins/com.nxp.mcuxpresso.tools.win32_25.6.0.202501151204/tools/bin/../lib/gcc/arm-none-eabi/14.2.1/../../../../arm-none-eabi/lib/thumb/v6-m/nofp\libcr_c.a(fseek.o)
 .debug_info    0x000126f6      0x197 C:/nxp/MCUXpressoIDE_25.6.136/ide/plugins/com.nxp.mcuxpresso.tools.win32_25.6.0.202501151204/tools/bin/../lib/gcc/arm-none-eabi/14.2.1/../../../../arm-none-eabi/lib/thumb/v6-m/nofp\libcr_c.a(ftell.o)
 .debug_info    0x0001288d      0x1d0 C:/nxp/MCUXpressoIDE_25.6.136/ide/plugins/com.nxp.mcuxpresso.tools.win32_25.6.0.202501151204/tools/bin/../lib/gcc/arm-none-eabi/14.2.1/../../../../arm-none-eabi/lib/thumb/v6-m/nofp\libcr_c.a(remove.o)
 .debug_info    0x00012a5d      0x241 C:/nxp/MCUXpressoIDE_25.6.136/ide/plugins/com.nxp.mcuxpresso.tools.win32_25.6.0.202501151204/tools/bin/../lib/gcc/arm-none-eabi/14.2.1/../../../../arm-none-eabi/lib/thumb/v6-m/nofp\libcr_c.a(_do_fflush.o)
 .debug_info    0x00012c9e     0x1b79 C:/nxp/MCUXpressoIDE_25.6.136/ide/plugins/com.nxp.mcuxpresso.tools.win32_25.6.0.202501151204/tools/bin/../lib/gcc/arm-none-eabi/14.2.1/thumb/v6-m/nofp\libcr_eabihelpers.a(float.o)
 .debug_info    0x00014817      0x18b C:/nxp/MCUXpressoIDE_25.6.136/ide/plugins/com.nxp.mcuxpresso.tools.win32_25.6.0.202501151204/tools/bin/../lib/gcc/arm-none-eabi/14.2.1/../../../../arm-none-eabi/lib/thumb/v6-m/nofp\libcr_nohost.a(__ciob.o)
 .debug_info    0x000149a2       0x6a C:/nxp/MCUXpressoIDE_25.6.136/ide/plugins/com.nxp.mcuxpresso.tools.win32_25.6.0.202501151204/tools/bin/../lib/gcc/arm-none-eabi/14.2.1/../../../../arm-none-eabi/lib/thumb/v6-m/nofp\libcr_nohost.a(__sys_close.o)
 .debug_info    0x00014a0c       0x6a C:/nxp/MCUXpressoIDE_25.6.136/ide/plugins/com.nxp.mcuxpresso.tools.win32_25.6.0.202501151204/tools/bin/../lib/gcc/arm-none-eabi/14.2.1/../../../../arm-none-eabi/lib/thumb/v6-m/nofp\libcr_nohost.a(__sys_flen.o)
 .debug_info    0x00014a76       0x6a C:/nxp/MCUXpressoIDE_25.6.136/ide/plugins/com.nxp.mcuxpresso.tools.win32_25.6.0.202501151204/tools/bin/../lib/gcc/arm-none-eabi/14.2.1/../../../../arm-none-eabi/lib/thumb/v6-m/nofp\libcr_nohost.a(__sys_istty.o)
 .debug_info    0x00014ae0       0x8a C:/nxp/MCUXpressoIDE_25.6.136/ide/plugins/com.nxp.mcuxpresso.tools.win32_25.6.0.202501151204/tools/bin/../lib/gcc/arm-none-eabi/14.2.1/../../../../arm-none-eabi/lib/thumb/v6-m/nofp\libcr_nohost.a(__sys_remove.o)
 .debug_info    0x00014b6a       0x78 C:/nxp/MCUXpressoIDE_25.6.136/ide/plugins/com.nxp.mcuxpresso.tools.win32_25.6.0.202501151204/tools/bin/../lib/gcc/arm-none-eabi/14.2.1/../../../../arm-none-eabi/lib/thumb/v6-m/nofp\libcr_nohost.a(__sys_seek.o)
 .debug_info    0x00014be2       0x93 C:/nxp/MCUXpressoIDE_25.6.136/ide/plugins/com.nxp.mcuxpresso.tools.win32_25.6.0.202501151204/tools/bin/../lib/gcc/arm-none-eabi/14.2.1/../../../../arm-none-eabi/lib/thumb/v6-m/nofp\libcr_nohost.a(__sys_tmpnam.o)
 .debug_info    0x00014c75       0x93 C:/nxp/MCUXpressoIDE_25.6.136/ide/plugins/com.nxp.mcuxpresso.tools.win32_25.6.0.202501151204/tools/bin/../lib/gcc/arm-none-eabi/14.2.1/../../../../arm-none-eabi/lib/thumb/v6-m/nofp\libcr_nohost.a(__sys_write.o)

.debug_abbrev   0x00000000     0x4ab5
 .debug_abbrev  0x00000000      0x270 ./utilities/str/fsl_str.o
 .debug_abbrev  0x00000270      0x270 ./utilities/debug_console/fsl_debug_console.o
 .debug_abbrev  0x000004e0       0xbd ./utilities/fsl_assert.o
 .debug_abbrev  0x0000059d      0x1a7 ./startup/startup_mcxc444.o
 .debug_abbrev  0x00000744      0x127 ./source/MEF_acelerometro.o
 .debug_abbrev  0x0000086b      0x271 ./source/SD2_I2C.o
 .debug_abbrev  0x00000adc      0x26f ./source/SD2_board.o
 .debug_abbrev  0x00000d4b      0x365 ./source/fxls8974.o
 .debug_abbrev  0x000010b0      0x10f ./source/key.o
 .debug_abbrev  0x000011bf      0x1df ./source/main.o
 .debug_abbrev  0x0000139e       0x46 ./source/mtb.o
 .debug_abbrev  0x000013e4       0x31 ./source/semihost_hardfault.o
 .debug_abbrev  0x00001415      0x2e0 ./drivers/fsl_clock.o
 .debug_abbrev  0x000016f5      0x242 ./drivers/fsl_gpio.o
 .debug_abbrev  0x00001937      0x37f ./drivers/fsl_i2c.o
 .debug_abbrev  0x00001cb6      0x422 ./drivers/fsl_lpuart.o
 .debug_abbrev  0x000020d8      0x39d ./drivers/fsl_spi.o
 .debug_abbrev  0x00002475      0x139 ./device/system_MCXC444.o
 .debug_abbrev  0x000025ae      0x1e7 ./component/uart/fsl_adapter_lpuart.o
 .debug_abbrev  0x00002795      0x2be ./component/serial_manager/fsl_component_serial_manager.o
 .debug_abbrev  0x00002a53      0x18c ./component/serial_manager/fsl_component_serial_port_uart.o
 .debug_abbrev  0x00002bdf      0x163 ./board/board.o
 .debug_abbrev  0x00002d42      0x1e0 ./board/clock_config.o
 .debug_abbrev  0x00002f22      0x22e ./board/pin_mux.o
 .debug_abbrev  0x00003150       0x62 C:/nxp/MCUXpressoIDE_25.6.136/ide/plugins/com.nxp.mcuxpresso.tools.win32_25.6.0.202501151204/tools/bin/../lib/gcc/arm-none-eabi/14.2.1/../../../../arm-none-eabi/lib/thumb/v6-m/nofp\libcr_nohost.a(_cr__main.o)
 .debug_abbrev  0x000031b2       0xb3 C:/nxp/MCUXpressoIDE_25.6.136/ide/plugins/com.nxp.mcuxpresso.tools.win32_25.6.0.202501151204/tools/bin/../lib/gcc/arm-none-eabi/14.2.1/../../../../arm-none-eabi/lib/thumb/v6-m/nofp\libcr_c.a(memcpy.o)
 .debug_abbrev  0x00003265       0xa5 C:/nxp/MCUXpressoIDE_25.6.136/ide/plugins/com.nxp.mcuxpresso.tools.win32_25.6.0.202501151204/tools/bin/../lib/gcc/arm-none-eabi/14.2.1/../../../../arm-none-eabi/lib/thumb/v6-m/nofp\libcr_c.a(memset.o)
 .debug_abbrev  0x0000330a      0x27b C:/nxp/MCUXpressoIDE_25.6.136/ide/plugins/com.nxp.mcuxpresso.tools.win32_25.6.0.202501151204/tools/bin/../lib/gcc/arm-none-eabi/14.2.1/../../../../arm-none-eabi/lib/thumb/v6-m/nofp\libcr_c.a(alloc.o)
 .debug_abbrev  0x00003585       0x44 C:/nxp/MCUXpressoIDE_25.6.136/ide/plugins/com.nxp.mcuxpresso.tools.win32_25.6.0.202501151204/tools/bin/../lib/gcc/arm-none-eabi/14.2.1/../../../../arm-none-eabi/lib/thumb/v6-m/nofp\libcr_c.a(errno.o)
 .debug_abbrev  0x000035c9      0x14b C:/nxp/MCUXpressoIDE_25.6.136/ide/plugins/com.nxp.mcuxpresso.tools.win32_25.6.0.202501151204/tools/bin/../lib/gcc/arm-none-eabi/14.2.1/../../../../arm-none-eabi/lib/thumb/v6-m/nofp\libcr_c.a(initio.o)
 .debug_abbrev  0x00003714       0xe1 C:/nxp/MCUXpressoIDE_25.6.136/ide/plugins/com.nxp.mcuxpresso.tools.win32_25.6.0.202501151204/tools/bin/../lib/gcc/arm-none-eabi/14.2.1/../../../../arm-none-eabi/lib/thumb/v6-m/nofp\libcr_c.a(setvbuf.o)
 .debug_abbrev  0x000037f5       0xa5 C:/nxp/MCUXpressoIDE_25.6.136/ide/plugins/com.nxp.mcuxpresso.tools.win32_25.6.0.202501151204/tools/bin/../lib/gcc/arm-none-eabi/14.2.1/../../../../arm-none-eabi/lib/thumb/v6-m/nofp\libcr_c.a(strlen.o)
 .debug_abbrev  0x0000389a      0x183 C:/nxp/MCUXpressoIDE_25.6.136/ide/plugins/com.nxp.mcuxpresso.tools.win32_25.6.0.202501151204/tools/bin/../lib/gcc/arm-none-eabi/14.2.1/../../../../arm-none-eabi/lib/thumb/v6-m/nofp\libcr_c.a(_deferredlazyseek.o)
 .debug_abbrev  0x00003a1d      0x119 C:/nxp/MCUXpressoIDE_25.6.136/ide/plugins/com.nxp.mcuxpresso.tools.win32_25.6.0.202501151204/tools/bin/../lib/gcc/arm-none-eabi/14.2.1/../../../../arm-none-eabi/lib/thumb/v6-m/nofp\libcr_c.a(_fdopen.o)
 .debug_abbrev  0x00003b36       0xf1 C:/nxp/MCUXpressoIDE_25.6.136/ide/plugins/com.nxp.mcuxpresso.tools.win32_25.6.0.202501151204/tools/bin/../lib/gcc/arm-none-eabi/14.2.1/../../../../arm-none-eabi/lib/thumb/v6-m/nofp\libcr_c.a(_fflush.o)
 .debug_abbrev  0x00003c27      0x126 C:/nxp/MCUXpressoIDE_25.6.136/ide/plugins/com.nxp.mcuxpresso.tools.win32_25.6.0.202501151204/tools/bin/../lib/gcc/arm-none-eabi/14.2.1/../../../../arm-none-eabi/lib/thumb/v6-m/nofp\libcr_c.a(_writebuf.o)
 .debug_abbrev  0x00003d4d      0x158 C:/nxp/MCUXpressoIDE_25.6.136/ide/plugins/com.nxp.mcuxpresso.tools.win32_25.6.0.202501151204/tools/bin/../lib/gcc/arm-none-eabi/14.2.1/../../../../arm-none-eabi/lib/thumb/v6-m/nofp\libcr_c.a(fclose.o)
 .debug_abbrev  0x00003ea5      0x122 C:/nxp/MCUXpressoIDE_25.6.136/ide/plugins/com.nxp.mcuxpresso.tools.win32_25.6.0.202501151204/tools/bin/../lib/gcc/arm-none-eabi/14.2.1/../../../../arm-none-eabi/lib/thumb/v6-m/nofp\libcr_c.a(fflush.o)
 .debug_abbrev  0x00003fc7      0x11b C:/nxp/MCUXpressoIDE_25.6.136/ide/plugins/com.nxp.mcuxpresso.tools.win32_25.6.0.202501151204/tools/bin/../lib/gcc/arm-none-eabi/14.2.1/../../../../arm-none-eabi/lib/thumb/v6-m/nofp\libcr_c.a(fseek.o)
 .debug_abbrev  0x000040e2       0xc2 C:/nxp/MCUXpressoIDE_25.6.136/ide/plugins/com.nxp.mcuxpresso.tools.win32_25.6.0.202501151204/tools/bin/../lib/gcc/arm-none-eabi/14.2.1/../../../../arm-none-eabi/lib/thumb/v6-m/nofp\libcr_c.a(ftell.o)
 .debug_abbrev  0x000041a4       0xed C:/nxp/MCUXpressoIDE_25.6.136/ide/plugins/com.nxp.mcuxpresso.tools.win32_25.6.0.202501151204/tools/bin/../lib/gcc/arm-none-eabi/14.2.1/../../../../arm-none-eabi/lib/thumb/v6-m/nofp\libcr_c.a(remove.o)
 .debug_abbrev  0x00004291      0x12c C:/nxp/MCUXpressoIDE_25.6.136/ide/plugins/com.nxp.mcuxpresso.tools.win32_25.6.0.202501151204/tools/bin/../lib/gcc/arm-none-eabi/14.2.1/../../../../arm-none-eabi/lib/thumb/v6-m/nofp\libcr_c.a(_do_fflush.o)
 .debug_abbrev  0x000043bd      0x359 C:/nxp/MCUXpressoIDE_25.6.136/ide/plugins/com.nxp.mcuxpresso.tools.win32_25.6.0.202501151204/tools/bin/../lib/gcc/arm-none-eabi/14.2.1/thumb/v6-m/nofp\libcr_eabihelpers.a(float.o)
 .debug_abbrev  0x00004716       0xb5 C:/nxp/MCUXpressoIDE_25.6.136/ide/plugins/com.nxp.mcuxpresso.tools.win32_25.6.0.202501151204/tools/bin/../lib/gcc/arm-none-eabi/14.2.1/../../../../arm-none-eabi/lib/thumb/v6-m/nofp\libcr_nohost.a(__ciob.o)
 .debug_abbrev  0x000047cb       0x5c C:/nxp/MCUXpressoIDE_25.6.136/ide/plugins/com.nxp.mcuxpresso.tools.win32_25.6.0.202501151204/tools/bin/../lib/gcc/arm-none-eabi/14.2.1/../../../../arm-none-eabi/lib/thumb/v6-m/nofp\libcr_nohost.a(__sys_close.o)
 .debug_abbrev  0x00004827       0x5c C:/nxp/MCUXpressoIDE_25.6.136/ide/plugins/com.nxp.mcuxpresso.tools.win32_25.6.0.202501151204/tools/bin/../lib/gcc/arm-none-eabi/14.2.1/../../../../arm-none-eabi/lib/thumb/v6-m/nofp\libcr_nohost.a(__sys_flen.o)
 .debug_abbrev  0x00004883       0x5c C:/nxp/MCUXpressoIDE_25.6.136/ide/plugins/com.nxp.mcuxpresso.tools.win32_25.6.0.202501151204/tools/bin/../lib/gcc/arm-none-eabi/14.2.1/../../../../arm-none-eabi/lib/thumb/v6-m/nofp\libcr_nohost.a(__sys_istty.o)
 .debug_abbrev  0x000048df       0x7d C:/nxp/MCUXpressoIDE_25.6.136/ide/plugins/com.nxp.mcuxpresso.tools.win32_25.6.0.202501151204/tools/bin/../lib/gcc/arm-none-eabi/14.2.1/../../../../arm-none-eabi/lib/thumb/v6-m/nofp\libcr_nohost.a(__sys_remove.o)
 .debug_abbrev  0x0000495c       0x6d C:/nxp/MCUXpressoIDE_25.6.136/ide/plugins/com.nxp.mcuxpresso.tools.win32_25.6.0.202501151204/tools/bin/../lib/gcc/arm-none-eabi/14.2.1/../../../../arm-none-eabi/lib/thumb/v6-m/nofp\libcr_nohost.a(__sys_seek.o)
 .debug_abbrev  0x000049c9       0x76 C:/nxp/MCUXpressoIDE_25.6.136/ide/plugins/com.nxp.mcuxpresso.tools.win32_25.6.0.202501151204/tools/bin/../lib/gcc/arm-none-eabi/14.2.1/../../../../arm-none-eabi/lib/thumb/v6-m/nofp\libcr_nohost.a(__sys_tmpnam.o)
 .debug_abbrev  0x00004a3f       0x76 C:/nxp/MCUXpressoIDE_25.6.136/ide/plugins/com.nxp.mcuxpresso.tools.win32_25.6.0.202501151204/tools/bin/../lib/gcc/arm-none-eabi/14.2.1/../../../../arm-none-eabi/lib/thumb/v6-m/nofp\libcr_nohost.a(__sys_write.o)

.debug_aranges  0x00000000     0x1148
 .debug_aranges
                0x00000000       0xe8 ./utilities/str/fsl_str.o
 .debug_aranges
                0x000000e8       0xa8 ./utilities/debug_console/fsl_debug_console.o
 .debug_aranges
                0x00000190       0x28 ./utilities/fsl_assert.o
 .debug_aranges
                0x000001b8      0x160 ./startup/startup_mcxc444.o
 .debug_aranges
                0x00000318       0x30 ./source/MEF_acelerometro.o
 .debug_aranges
                0x00000348       0x50 ./source/SD2_I2C.o
 .debug_aranges
                0x00000398       0x60 ./source/SD2_board.o
 .debug_aranges
                0x000003f8       0x98 ./source/fxls8974.o
 .debug_aranges
                0x00000490       0x30 ./source/key.o
 .debug_aranges
                0x000004c0       0x48 ./source/main.o
 .debug_aranges
                0x00000508       0x18 ./source/mtb.o
 .debug_aranges
                0x00000520       0x20 ./source/semihost_hardfault.o
 .debug_aranges
                0x00000540       0xd0 ./drivers/fsl_clock.o
 .debug_aranges
                0x00000610       0x80 ./drivers/fsl_gpio.o
 .debug_aranges
                0x00000690      0x178 ./drivers/fsl_i2c.o
 .debug_aranges
                0x00000808      0x188 ./drivers/fsl_lpuart.o
 .debug_aranges
                0x00000990      0x148 ./drivers/fsl_spi.o
 .debug_aranges
                0x00000ad8       0x30 ./device/system_MCXC444.o
 .debug_aranges
                0x00000b08       0x58 ./component/uart/fsl_adapter_lpuart.o
 .debug_aranges
                0x00000b60       0xa0 ./component/serial_manager/fsl_component_serial_manager.o
 .debug_aranges
                0x00000c00       0x48 ./component/serial_manager/fsl_component_serial_port_uart.o
 .debug_aranges
                0x00000c48       0x28 ./board/board.o
 .debug_aranges
                0x00000c70       0x48 ./board/clock_config.o
 .debug_aranges
                0x00000cb8       0x48 ./board/pin_mux.o
 .debug_aranges
                0x00000d00       0x20 C:/nxp/MCUXpressoIDE_25.6.136/ide/plugins/com.nxp.mcuxpresso.tools.win32_25.6.0.202501151204/tools/bin/../lib/gcc/arm-none-eabi/14.2.1/../../../../arm-none-eabi/lib/thumb/v6-m/nofp\libcr_nohost.a(_cr__main.o)
 .debug_aranges
                0x00000d20       0x20 C:/nxp/MCUXpressoIDE_25.6.136/ide/plugins/com.nxp.mcuxpresso.tools.win32_25.6.0.202501151204/tools/bin/../lib/gcc/arm-none-eabi/14.2.1/../../../../arm-none-eabi/lib/thumb/v6-m/nofp\libcr_c.a(memcpy.o)
 .debug_aranges
                0x00000d40       0x20 C:/nxp/MCUXpressoIDE_25.6.136/ide/plugins/com.nxp.mcuxpresso.tools.win32_25.6.0.202501151204/tools/bin/../lib/gcc/arm-none-eabi/14.2.1/../../../../arm-none-eabi/lib/thumb/v6-m/nofp\libcr_c.a(memset.o)
 .debug_aranges
                0x00000d60       0x40 C:/nxp/MCUXpressoIDE_25.6.136/ide/plugins/com.nxp.mcuxpresso.tools.win32_25.6.0.202501151204/tools/bin/../lib/gcc/arm-none-eabi/14.2.1/../../../../arm-none-eabi/lib/thumb/v6-m/nofp\libcr_c.a(alloc.o)
 .debug_aranges
                0x00000da0       0x18 C:/nxp/MCUXpressoIDE_25.6.136/ide/plugins/com.nxp.mcuxpresso.tools.win32_25.6.0.202501151204/tools/bin/../lib/gcc/arm-none-eabi/14.2.1/../../../../arm-none-eabi/lib/thumb/v6-m/nofp\libcr_c.a(errno.o)
 .debug_aranges
                0x00000db8       0x28 C:/nxp/MCUXpressoIDE_25.6.136/ide/plugins/com.nxp.mcuxpresso.tools.win32_25.6.0.202501151204/tools/bin/../lib/gcc/arm-none-eabi/14.2.1/../../../../arm-none-eabi/lib/thumb/v6-m/nofp\libcr_c.a(initio.o)
 .debug_aranges
                0x00000de0       0x20 C:/nxp/MCUXpressoIDE_25.6.136/ide/plugins/com.nxp.mcuxpresso.tools.win32_25.6.0.202501151204/tools/bin/../lib/gcc/arm-none-eabi/14.2.1/../../../../arm-none-eabi/lib/thumb/v6-m/nofp\libcr_c.a(setvbuf.o)
 .debug_aranges
                0x00000e00       0x20 C:/nxp/MCUXpressoIDE_25.6.136/ide/plugins/com.nxp.mcuxpresso.tools.win32_25.6.0.202501151204/tools/bin/../lib/gcc/arm-none-eabi/14.2.1/../../../../arm-none-eabi/lib/thumb/v6-m/nofp\libcr_c.a(strlen.o)
 .debug_aranges
                0x00000e20       0x28 C:/nxp/MCUXpressoIDE_25.6.136/ide/plugins/com.nxp.mcuxpresso.tools.win32_25.6.0.202501151204/tools/bin/../lib/gcc/arm-none-eabi/14.2.1/../../../../arm-none-eabi/lib/thumb/v6-m/nofp\libcr_c.a(_deferredlazyseek.o)
 .debug_aranges
                0x00000e48       0x20 C:/nxp/MCUXpressoIDE_25.6.136/ide/plugins/com.nxp.mcuxpresso.tools.win32_25.6.0.202501151204/tools/bin/../lib/gcc/arm-none-eabi/14.2.1/../../../../arm-none-eabi/lib/thumb/v6-m/nofp\libcr_c.a(_fdopen.o)
 .debug_aranges
                0x00000e68       0x20 C:/nxp/MCUXpressoIDE_25.6.136/ide/plugins/com.nxp.mcuxpresso.tools.win32_25.6.0.202501151204/tools/bin/../lib/gcc/arm-none-eabi/14.2.1/../../../../arm-none-eabi/lib/thumb/v6-m/nofp\libcr_c.a(_fflush.o)
 .debug_aranges
                0x00000e88       0x20 C:/nxp/MCUXpressoIDE_25.6.136/ide/plugins/com.nxp.mcuxpresso.tools.win32_25.6.0.202501151204/tools/bin/../lib/gcc/arm-none-eabi/14.2.1/../../../../arm-none-eabi/lib/thumb/v6-m/nofp\libcr_c.a(_writebuf.o)
 .debug_aranges
                0x00000ea8       0x20 C:/nxp/MCUXpressoIDE_25.6.136/ide/plugins/com.nxp.mcuxpresso.tools.win32_25.6.0.202501151204/tools/bin/../lib/gcc/arm-none-eabi/14.2.1/../../../../arm-none-eabi/lib/thumb/v6-m/nofp\libcr_c.a(fclose.o)
 .debug_aranges
                0x00000ec8       0x20 C:/nxp/MCUXpressoIDE_25.6.136/ide/plugins/com.nxp.mcuxpresso.tools.win32_25.6.0.202501151204/tools/bin/../lib/gcc/arm-none-eabi/14.2.1/../../../../arm-none-eabi/lib/thumb/v6-m/nofp\libcr_c.a(fflush.o)
 .debug_aranges
                0x00000ee8       0x20 C:/nxp/MCUXpressoIDE_25.6.136/ide/plugins/com.nxp.mcuxpresso.tools.win32_25.6.0.202501151204/tools/bin/../lib/gcc/arm-none-eabi/14.2.1/../../../../arm-none-eabi/lib/thumb/v6-m/nofp\libcr_c.a(fseek.o)
 .debug_aranges
                0x00000f08       0x20 C:/nxp/MCUXpressoIDE_25.6.136/ide/plugins/com.nxp.mcuxpresso.tools.win32_25.6.0.202501151204/tools/bin/../lib/gcc/arm-none-eabi/14.2.1/../../../../arm-none-eabi/lib/thumb/v6-m/nofp\libcr_c.a(ftell.o)
 .debug_aranges
                0x00000f28       0x28 C:/nxp/MCUXpressoIDE_25.6.136/ide/plugins/com.nxp.mcuxpresso.tools.win32_25.6.0.202501151204/tools/bin/../lib/gcc/arm-none-eabi/14.2.1/../../../../arm-none-eabi/lib/thumb/v6-m/nofp\libcr_c.a(remove.o)
 .debug_aranges
                0x00000f50       0x20 C:/nxp/MCUXpressoIDE_25.6.136/ide/plugins/com.nxp.mcuxpresso.tools.win32_25.6.0.202501151204/tools/bin/../lib/gcc/arm-none-eabi/14.2.1/../../../../arm-none-eabi/lib/thumb/v6-m/nofp\libcr_c.a(_do_fflush.o)
 .debug_aranges
                0x00000f70       0xe0 C:/nxp/MCUXpressoIDE_25.6.136/ide/plugins/com.nxp.mcuxpresso.tools.win32_25.6.0.202501151204/tools/bin/../lib/gcc/arm-none-eabi/14.2.1/thumb/v6-m/nofp\libcr_eabihelpers.a(float.o)
 .debug_aranges
                0x00001050       0x18 C:/nxp/MCUXpressoIDE_25.6.136/ide/plugins/com.nxp.mcuxpresso.tools.win32_25.6.0.202501151204/tools/bin/../lib/gcc/arm-none-eabi/14.2.1/../../../../arm-none-eabi/lib/thumb/v6-m/nofp\libcr_nohost.a(__ciob.o)
 .debug_aranges
                0x00001068       0x20 C:/nxp/MCUXpressoIDE_25.6.136/ide/plugins/com.nxp.mcuxpresso.tools.win32_25.6.0.202501151204/tools/bin/../lib/gcc/arm-none-eabi/14.2.1/../../../../arm-none-eabi/lib/thumb/v6-m/nofp\libcr_nohost.a(__sys_close.o)
 .debug_aranges
                0x00001088       0x20 C:/nxp/MCUXpressoIDE_25.6.136/ide/plugins/com.nxp.mcuxpresso.tools.win32_25.6.0.202501151204/tools/bin/../lib/gcc/arm-none-eabi/14.2.1/../../../../arm-none-eabi/lib/thumb/v6-m/nofp\libcr_nohost.a(__sys_flen.o)
 .debug_aranges
                0x000010a8       0x20 C:/nxp/MCUXpressoIDE_25.6.136/ide/plugins/com.nxp.mcuxpresso.tools.win32_25.6.0.202501151204/tools/bin/../lib/gcc/arm-none-eabi/14.2.1/../../../../arm-none-eabi/lib/thumb/v6-m/nofp\libcr_nohost.a(__sys_istty.o)
 .debug_aranges
                0x000010c8       0x20 C:/nxp/MCUXpressoIDE_25.6.136/ide/plugins/com.nxp.mcuxpresso.tools.win32_25.6.0.202501151204/tools/bin/../lib/gcc/arm-none-eabi/14.2.1/../../../../arm-none-eabi/lib/thumb/v6-m/nofp\libcr_nohost.a(__sys_remove.o)
 .debug_aranges
                0x000010e8       0x20 C:/nxp/MCUXpressoIDE_25.6.136/ide/plugins/com.nxp.mcuxpresso.tools.win32_25.6.0.202501151204/tools/bin/../lib/gcc/arm-none-eabi/14.2.1/../../../../arm-none-eabi/lib/thumb/v6-m/nofp\libcr_nohost.a(__sys_seek.o)
 .debug_aranges
                0x00001108       0x20 C:/nxp/MCUXpressoIDE_25.6.136/ide/plugins/com.nxp.mcuxpresso.tools.win32_25.6.0.202501151204/tools/bin/../lib/gcc/arm-none-eabi/14.2.1/../../../../arm-none-eabi/lib/thumb/v6-m/nofp\libcr_nohost.a(__sys_tmpnam.o)
 .debug_aranges
                0x00001128       0x20 C:/nxp/MCUXpressoIDE_25.6.136/ide/plugins/com.nxp.mcuxpresso.tools.win32_25.6.0.202501151204/tools/bin/../lib/gcc/arm-none-eabi/14.2.1/../../../../arm-none-eabi/lib/thumb/v6-m/nofp\libcr_nohost.a(__sys_write.o)

.debug_ranges   0x00000000     0x1098
 .debug_ranges  0x00000000      0x108 ./utilities/str/fsl_str.o
 .debug_ranges  0x00000108       0x98 ./utilities/debug_console/fsl_debug_console.o
 .debug_ranges  0x000001a0       0x18 ./utilities/fsl_assert.o
 .debug_ranges  0x000001b8      0x150 ./startup/startup_mcxc444.o
 .debug_ranges  0x00000308       0x20 ./source/MEF_acelerometro.o
 .debug_ranges  0x00000328       0x40 ./source/SD2_I2C.o
 .debug_ranges  0x00000368       0x50 ./source/SD2_board.o
 .debug_ranges  0x000003b8       0x88 ./source/fxls8974.o
 .debug_ranges  0x00000440       0x20 ./source/key.o
 .debug_ranges  0x00000460       0x38 ./source/main.o
 .debug_ranges  0x00000498       0x10 ./source/semihost_hardfault.o
 .debug_ranges  0x000004a8       0xc0 ./drivers/fsl_clock.o
 .debug_ranges  0x00000568       0x70 ./drivers/fsl_gpio.o
 .debug_ranges  0x000005d8      0x168 ./drivers/fsl_i2c.o
 .debug_ranges  0x00000740      0x178 ./drivers/fsl_lpuart.o
 .debug_ranges  0x000008b8      0x138 ./drivers/fsl_spi.o
 .debug_ranges  0x000009f0       0x20 ./device/system_MCXC444.o
 .debug_ranges  0x00000a10       0x48 ./component/uart/fsl_adapter_lpuart.o
 .debug_ranges  0x00000a58       0x90 ./component/serial_manager/fsl_component_serial_manager.o
 .debug_ranges  0x00000ae8       0x38 ./component/serial_manager/fsl_component_serial_port_uart.o
 .debug_ranges  0x00000b20       0x18 ./board/board.o
 .debug_ranges  0x00000b38       0x38 ./board/clock_config.o
 .debug_ranges  0x00000b70       0x38 ./board/pin_mux.o
 .debug_ranges  0x00000ba8       0x10 C:/nxp/MCUXpressoIDE_25.6.136/ide/plugins/com.nxp.mcuxpresso.tools.win32_25.6.0.202501151204/tools/bin/../lib/gcc/arm-none-eabi/14.2.1/../../../../arm-none-eabi/lib/thumb/v6-m/nofp\libcr_nohost.a(_cr__main.o)
 .debug_ranges  0x00000bb8       0x10 C:/nxp/MCUXpressoIDE_25.6.136/ide/plugins/com.nxp.mcuxpresso.tools.win32_25.6.0.202501151204/tools/bin/../lib/gcc/arm-none-eabi/14.2.1/../../../../arm-none-eabi/lib/thumb/v6-m/nofp\libcr_c.a(memcpy.o)
 .debug_ranges  0x00000bc8       0x10 C:/nxp/MCUXpressoIDE_25.6.136/ide/plugins/com.nxp.mcuxpresso.tools.win32_25.6.0.202501151204/tools/bin/../lib/gcc/arm-none-eabi/14.2.1/../../../../arm-none-eabi/lib/thumb/v6-m/nofp\libcr_c.a(memset.o)
 .debug_ranges  0x00000bd8       0x50 C:/nxp/MCUXpressoIDE_25.6.136/ide/plugins/com.nxp.mcuxpresso.tools.win32_25.6.0.202501151204/tools/bin/../lib/gcc/arm-none-eabi/14.2.1/../../../../arm-none-eabi/lib/thumb/v6-m/nofp\libcr_c.a(alloc.o)
 .debug_ranges  0x00000c28       0x38 C:/nxp/MCUXpressoIDE_25.6.136/ide/plugins/com.nxp.mcuxpresso.tools.win32_25.6.0.202501151204/tools/bin/../lib/gcc/arm-none-eabi/14.2.1/../../../../arm-none-eabi/lib/thumb/v6-m/nofp\libcr_c.a(initio.o)
 .debug_ranges  0x00000c60       0x10 C:/nxp/MCUXpressoIDE_25.6.136/ide/plugins/com.nxp.mcuxpresso.tools.win32_25.6.0.202501151204/tools/bin/../lib/gcc/arm-none-eabi/14.2.1/../../../../arm-none-eabi/lib/thumb/v6-m/nofp\libcr_c.a(setvbuf.o)
 .debug_ranges  0x00000c70       0x28 C:/nxp/MCUXpressoIDE_25.6.136/ide/plugins/com.nxp.mcuxpresso.tools.win32_25.6.0.202501151204/tools/bin/../lib/gcc/arm-none-eabi/14.2.1/../../../../arm-none-eabi/lib/thumb/v6-m/nofp\libcr_c.a(strlen.o)
 .debug_ranges  0x00000c98       0x48 C:/nxp/MCUXpressoIDE_25.6.136/ide/plugins/com.nxp.mcuxpresso.tools.win32_25.6.0.202501151204/tools/bin/../lib/gcc/arm-none-eabi/14.2.1/../../../../arm-none-eabi/lib/thumb/v6-m/nofp\libcr_c.a(_deferredlazyseek.o)
 .debug_ranges  0x00000ce0       0x10 C:/nxp/MCUXpressoIDE_25.6.136/ide/plugins/com.nxp.mcuxpresso.tools.win32_25.6.0.202501151204/tools/bin/../lib/gcc/arm-none-eabi/14.2.1/../../../../arm-none-eabi/lib/thumb/v6-m/nofp\libcr_c.a(_fdopen.o)
 .debug_ranges  0x00000cf0       0x10 C:/nxp/MCUXpressoIDE_25.6.136/ide/plugins/com.nxp.mcuxpresso.tools.win32_25.6.0.202501151204/tools/bin/../lib/gcc/arm-none-eabi/14.2.1/../../../../arm-none-eabi/lib/thumb/v6-m/nofp\libcr_c.a(_fflush.o)
 .debug_ranges  0x00000d00       0x10 C:/nxp/MCUXpressoIDE_25.6.136/ide/plugins/com.nxp.mcuxpresso.tools.win32_25.6.0.202501151204/tools/bin/../lib/gcc/arm-none-eabi/14.2.1/../../../../arm-none-eabi/lib/thumb/v6-m/nofp\libcr_c.a(_writebuf.o)
 .debug_ranges  0x00000d10       0x10 C:/nxp/MCUXpressoIDE_25.6.136/ide/plugins/com.nxp.mcuxpresso.tools.win32_25.6.0.202501151204/tools/bin/../lib/gcc/arm-none-eabi/14.2.1/../../../../arm-none-eabi/lib/thumb/v6-m/nofp\libcr_c.a(fclose.o)
 .debug_ranges  0x00000d20       0x28 C:/nxp/MCUXpressoIDE_25.6.136/ide/plugins/com.nxp.mcuxpresso.tools.win32_25.6.0.202501151204/tools/bin/../lib/gcc/arm-none-eabi/14.2.1/../../../../arm-none-eabi/lib/thumb/v6-m/nofp\libcr_c.a(fflush.o)
 .debug_ranges  0x00000d48       0x10 C:/nxp/MCUXpressoIDE_25.6.136/ide/plugins/com.nxp.mcuxpresso.tools.win32_25.6.0.202501151204/tools/bin/../lib/gcc/arm-none-eabi/14.2.1/../../../../arm-none-eabi/lib/thumb/v6-m/nofp\libcr_c.a(fseek.o)
 .debug_ranges  0x00000d58       0x10 C:/nxp/MCUXpressoIDE_25.6.136/ide/plugins/com.nxp.mcuxpresso.tools.win32_25.6.0.202501151204/tools/bin/../lib/gcc/arm-none-eabi/14.2.1/../../../../arm-none-eabi/lib/thumb/v6-m/nofp\libcr_c.a(ftell.o)
 .debug_ranges  0x00000d68       0x18 C:/nxp/MCUXpressoIDE_25.6.136/ide/plugins/com.nxp.mcuxpresso.tools.win32_25.6.0.202501151204/tools/bin/../lib/gcc/arm-none-eabi/14.2.1/../../../../arm-none-eabi/lib/thumb/v6-m/nofp\libcr_c.a(remove.o)
 .debug_ranges  0x00000d80       0x28 C:/nxp/MCUXpressoIDE_25.6.136/ide/plugins/com.nxp.mcuxpresso.tools.win32_25.6.0.202501151204/tools/bin/../lib/gcc/arm-none-eabi/14.2.1/../../../../arm-none-eabi/lib/thumb/v6-m/nofp\libcr_c.a(_do_fflush.o)
 .debug_ranges  0x00000da8      0x280 C:/nxp/MCUXpressoIDE_25.6.136/ide/plugins/com.nxp.mcuxpresso.tools.win32_25.6.0.202501151204/tools/bin/../lib/gcc/arm-none-eabi/14.2.1/thumb/v6-m/nofp\libcr_eabihelpers.a(float.o)
 .debug_ranges  0x00001028       0x10 C:/nxp/MCUXpressoIDE_25.6.136/ide/plugins/com.nxp.mcuxpresso.tools.win32_25.6.0.202501151204/tools/bin/../lib/gcc/arm-none-eabi/14.2.1/../../../../arm-none-eabi/lib/thumb/v6-m/nofp\libcr_nohost.a(__sys_close.o)
 .debug_ranges  0x00001038       0x10 C:/nxp/MCUXpressoIDE_25.6.136/ide/plugins/com.nxp.mcuxpresso.tools.win32_25.6.0.202501151204/tools/bin/../lib/gcc/arm-none-eabi/14.2.1/../../../../arm-none-eabi/lib/thumb/v6-m/nofp\libcr_nohost.a(__sys_flen.o)
 .debug_ranges  0x00001048       0x10 C:/nxp/MCUXpressoIDE_25.6.136/ide/plugins/com.nxp.mcuxpresso.tools.win32_25.6.0.202501151204/tools/bin/../lib/gcc/arm-none-eabi/14.2.1/../../../../arm-none-eabi/lib/thumb/v6-m/nofp\libcr_nohost.a(__sys_istty.o)
 .debug_ranges  0x00001058       0x10 C:/nxp/MCUXpressoIDE_25.6.136/ide/plugins/com.nxp.mcuxpresso.tools.win32_25.6.0.202501151204/tools/bin/../lib/gcc/arm-none-eabi/14.2.1/../../../../arm-none-eabi/lib/thumb/v6-m/nofp\libcr_nohost.a(__sys_remove.o)
 .debug_ranges  0x00001068       0x10 C:/nxp/MCUXpressoIDE_25.6.136/ide/plugins/com.nxp.mcuxpresso.tools.win32_25.6.0.202501151204/tools/bin/../lib/gcc/arm-none-eabi/14.2.1/../../../../arm-none-eabi/lib/thumb/v6-m/nofp\libcr_nohost.a(__sys_seek.o)
 .debug_ranges  0x00001078       0x10 C:/nxp/MCUXpressoIDE_25.6.136/ide/plugins/com.nxp.mcuxpresso.tools.win32_25.6.0.202501151204/tools/bin/../lib/gcc/arm-none-eabi/14.2.1/../../../../arm-none-eabi/lib/thumb/v6-m/nofp\libcr_nohost.a(__sys_tmpnam.o)
 .debug_ranges  0x00001088       0x10 C:/nxp/MCUXpressoIDE_25.6.136/ide/plugins/com.nxp.mcuxpresso.tools.win32_25.6.0.202501151204/tools/bin/../lib/gcc/arm-none-eabi/14.2.1/../../../../arm-none-eabi/lib/thumb/v6-m/nofp\libcr_nohost.a(__sys_write.o)

.debug_macro    0x00000000    0x1051b
 .debug_macro   0x00000000      0x2b4 ./utilities/str/fsl_str.o
 .debug_macro   0x000002b4      0xade ./utilities/str/fsl_str.o
 .debug_macro   0x00000d92       0x10 ./utilities/str/fsl_str.o
 .debug_macro   0x00000da2       0xc4 ./utilities/str/fsl_str.o
 .debug_macro   0x00000e66       0x1c ./utilities/str/fsl_str.o
 .debug_macro   0x00000e82      0x12e ./utilities/str/fsl_str.o
 .debug_macro   0x00000fb0       0x28 ./utilities/str/fsl_str.o
 .debug_macro   0x00000fd8      0x1c7 ./utilities/str/fsl_str.o
 .debug_macro   0x0000119f       0x16 ./utilities/str/fsl_str.o
 .debug_macro   0x000011b5       0x22 ./utilities/str/fsl_str.o
 .debug_macro   0x000011d7      0x5b3 ./utilities/str/fsl_str.o
 .debug_macro   0x0000178a       0x3e ./utilities/str/fsl_str.o
 .debug_macro   0x000017c8       0x2e ./utilities/str/fsl_str.o
 .debug_macro   0x000017f6       0x10 ./utilities/str/fsl_str.o
 .debug_macro   0x00001806       0x2e ./utilities/str/fsl_str.o
 .debug_macro   0x00001834       0xb4 ./utilities/str/fsl_str.o
 .debug_macro   0x000018e8       0x28 ./utilities/str/fsl_str.o
 .debug_macro   0x00001910      0x3bc ./utilities/str/fsl_str.o
 .debug_macro   0x00001ccc       0x3a ./utilities/str/fsl_str.o
 .debug_macro   0x00001d06     0x1210 ./utilities/str/fsl_str.o
 .debug_macro   0x00002f16      0x846 ./utilities/str/fsl_str.o
 .debug_macro   0x0000375c      0x3c1 ./utilities/str/fsl_str.o
 .debug_macro   0x00003b1d      0x1ed ./utilities/str/fsl_str.o
 .debug_macro   0x00003d0a      0x16e ./utilities/str/fsl_str.o
 .debug_macro   0x00003e78      0x247 ./utilities/str/fsl_str.o
 .debug_macro   0x000040bf       0x4e ./utilities/str/fsl_str.o
 .debug_macro   0x0000410d       0x88 ./utilities/str/fsl_str.o
 .debug_macro   0x00004195      0x41b ./utilities/str/fsl_str.o
 .debug_macro   0x000045b0      0x280 ./utilities/str/fsl_str.o
 .debug_macro   0x00004830       0x88 ./utilities/str/fsl_str.o
 .debug_macro   0x000048b8      0x3bb ./utilities/str/fsl_str.o
 .debug_macro   0x00004c73      0x691 ./utilities/str/fsl_str.o
 .debug_macro   0x00005304     0x31e6 ./utilities/str/fsl_str.o
 .debug_macro   0x000084ea      0x478 ./utilities/str/fsl_str.o
 .debug_macro   0x00008962      0x105 ./utilities/str/fsl_str.o
 .debug_macro   0x00008a67      0x631 ./utilities/str/fsl_str.o
 .debug_macro   0x00009098      0x199 ./utilities/str/fsl_str.o
 .debug_macro   0x00009231      0x11b ./utilities/str/fsl_str.o
 .debug_macro   0x0000934c      0x2da ./utilities/str/fsl_str.o
 .debug_macro   0x00009626      0x20e ./utilities/str/fsl_str.o
 .debug_macro   0x00009834      0x1ed ./utilities/str/fsl_str.o
 .debug_macro   0x00009a21       0x86 ./utilities/str/fsl_str.o
 .debug_macro   0x00009aa7       0xfe ./utilities/str/fsl_str.o
 .debug_macro   0x00009ba5      0x119 ./utilities/str/fsl_str.o
 .debug_macro   0x00009cbe      0x121 ./utilities/str/fsl_str.o
 .debug_macro   0x00009ddf      0x1ed ./utilities/str/fsl_str.o
 .debug_macro   0x00009fcc       0x63 ./utilities/str/fsl_str.o
 .debug_macro   0x0000a02f      0x112 ./utilities/str/fsl_str.o
 .debug_macro   0x0000a141      0x295 ./utilities/str/fsl_str.o
 .debug_macro   0x0000a3d6      0x6c4 ./utilities/str/fsl_str.o
 .debug_macro   0x0000aa9a       0xdb ./utilities/str/fsl_str.o
 .debug_macro   0x0000ab75      0x3a6 ./utilities/str/fsl_str.o
 .debug_macro   0x0000af1b      0x366 ./utilities/str/fsl_str.o
 .debug_macro   0x0000b281      0x703 ./utilities/str/fsl_str.o
 .debug_macro   0x0000b984      0x5d5 ./utilities/str/fsl_str.o
 .debug_macro   0x0000bf59       0x9b ./utilities/str/fsl_str.o
 .debug_macro   0x0000bff4       0x88 ./utilities/str/fsl_str.o
 .debug_macro   0x0000c07c       0xce ./utilities/str/fsl_str.o
 .debug_macro   0x0000c14a       0xfb ./utilities/str/fsl_str.o
 .debug_macro   0x0000c245       0x16 ./utilities/str/fsl_str.o
 .debug_macro   0x0000c25b      0x332 ./utilities/debug_console/fsl_debug_console.o
 .debug_macro   0x0000c58d       0x16 ./utilities/debug_console/fsl_debug_console.o
 .debug_macro   0x0000c5a3       0x10 ./utilities/debug_console/fsl_debug_console.o
 .debug_macro   0x0000c5b3       0x3c ./utilities/debug_console/fsl_debug_console.o
 .debug_macro   0x0000c5ef       0x1c ./utilities/debug_console/fsl_debug_console.o
 .debug_macro   0x0000c60b       0x70 ./utilities/debug_console/fsl_debug_console.o
 .debug_macro   0x0000c67b       0x47 ./utilities/debug_console/fsl_debug_console.o
 .debug_macro   0x0000c6c2       0x16 ./utilities/debug_console/fsl_debug_console.o
 .debug_macro   0x0000c6d8       0x6d ./utilities/debug_console/fsl_debug_console.o
 .debug_macro   0x0000c745       0x1c ./utilities/debug_console/fsl_debug_console.o
 .debug_macro   0x0000c761       0x1c ./utilities/debug_console/fsl_debug_console.o
 .debug_macro   0x0000c77d      0x2bf ./utilities/fsl_assert.o
 .debug_macro   0x0000ca3c       0x1c ./utilities/fsl_assert.o
 .debug_macro   0x0000ca58       0x22 ./utilities/fsl_assert.o
 .debug_macro   0x0000ca7a       0x29 ./startup/startup_mcxc444.o
 .debug_macro   0x0000caa3      0x2d9 ./source/MEF_acelerometro.o
 .debug_macro   0x0000cd7c       0x82 ./source/MEF_acelerometro.o
 .debug_macro   0x0000cdfe       0xc4 ./source/MEF_acelerometro.o
 .debug_macro   0x0000cec2       0x16 ./source/MEF_acelerometro.o
 .debug_macro   0x0000ced8       0x10 ./source/MEF_acelerometro.o
 .debug_macro   0x0000cee8      0x3c7 ./source/MEF_acelerometro.o
 .debug_macro   0x0000d2af      0x2d6 ./source/SD2_I2C.o
 .debug_macro   0x0000d585       0x10 ./source/SD2_I2C.o
 .debug_macro   0x0000d595       0x22 ./source/SD2_I2C.o
 .debug_macro   0x0000d5b7       0x16 ./source/SD2_I2C.o
 .debug_macro   0x0000d5cd       0x16 ./source/SD2_I2C.o
 .debug_macro   0x0000d5e3      0x2f8 ./source/SD2_board.o
 .debug_macro   0x0000d8db       0x10 ./source/SD2_board.o
 .debug_macro   0x0000d8eb       0x16 ./source/SD2_board.o
 .debug_macro   0x0000d901       0x16 ./source/SD2_board.o
 .debug_macro   0x0000d917      0x425 ./source/fxls8974.o
 .debug_macro   0x0000dd3c       0x1c ./source/fxls8974.o
 .debug_macro   0x0000dd58       0xe4 ./source/key.o
 .debug_macro   0x0000de3c      0x302 ./source/main.o
 .debug_macro   0x0000e13e       0xd8 ./source/main.o
 .debug_macro   0x0000e216       0x10 ./source/main.o
 .debug_macro   0x0000e226      0x1e5 ./source/main.o
 .debug_macro   0x0000e40b       0x2f ./source/mtb.o
 .debug_macro   0x0000e43a       0x82 ./source/mtb.o
 .debug_macro   0x0000e4bc       0x10 ./source/mtb.o
 .debug_macro   0x0000e4cc       0x11 ./source/semihost_hardfault.o
 .debug_macro   0x0000e4dd      0x2ba ./drivers/fsl_clock.o
 .debug_macro   0x0000e797      0x28d ./drivers/fsl_gpio.o
 .debug_macro   0x0000ea24       0x10 ./drivers/fsl_gpio.o
 .debug_macro   0x0000ea34      0x28d ./drivers/fsl_i2c.o
 .debug_macro   0x0000ecc1      0x28d ./drivers/fsl_lpuart.o
 .debug_macro   0x0000ef4e      0x28d ./drivers/fsl_spi.o
 .debug_macro   0x0000f1db       0x16 ./drivers/fsl_spi.o
 .debug_macro   0x0000f1f1      0x204 ./device/system_MCXC444.o
 .debug_macro   0x0000f3f5      0x2ac ./component/uart/fsl_adapter_lpuart.o
 .debug_macro   0x0000f6a1       0x41 ./component/uart/fsl_adapter_lpuart.o
 .debug_macro   0x0000f6e2      0x2fc ./component/serial_manager/fsl_component_serial_manager.o
 .debug_macro   0x0000f9de       0x6a ./component/serial_manager/fsl_component_serial_manager.o
 .debug_macro   0x0000fa48      0x2ba ./component/serial_manager/fsl_component_serial_port_uart.o
 .debug_macro   0x0000fd02      0x2e2 ./board/board.o
 .debug_macro   0x0000ffe4      0x2ad ./board/clock_config.o
 .debug_macro   0x00010291      0x28a ./board/pin_mux.o

.debug_line     0x00000000    0x124a6
 .debug_line    0x00000000      0xfa6 ./utilities/str/fsl_str.o
 .debug_line    0x00000fa6      0xcb4 ./utilities/debug_console/fsl_debug_console.o
 .debug_line    0x00001c5a      0x869 ./utilities/fsl_assert.o
 .debug_line    0x000024c3      0x2a4 ./startup/startup_mcxc444.o
 .debug_line    0x00002767      0x7fc ./source/MEF_acelerometro.o
 .debug_line    0x00002f63      0x86f ./source/SD2_I2C.o
 .debug_line    0x000037d2      0xa7b ./source/SD2_board.o
 .debug_line    0x0000424d      0xab1 ./source/fxls8974.o
 .debug_line    0x00004cfe      0x4ad ./source/key.o
 .debug_line    0x000051ab      0x8d0 ./source/main.o
 .debug_line    0x00005a7b       0xce ./source/mtb.o
 .debug_line    0x00005b49       0x59 ./source/semihost_hardfault.o
 .debug_line    0x00005ba2      0xc1b ./drivers/fsl_clock.o
 .debug_line    0x000067bd      0x894 ./drivers/fsl_gpio.o
 .debug_line    0x00007051     0x17bb ./drivers/fsl_i2c.o
 .debug_line    0x0000880c     0x1644 ./drivers/fsl_lpuart.o
 .debug_line    0x00009e50     0x139f ./drivers/fsl_spi.o
 .debug_line    0x0000b1ef      0x679 ./device/system_MCXC444.o
 .debug_line    0x0000b868      0x875 ./component/uart/fsl_adapter_lpuart.o
 .debug_line    0x0000c0dd      0xaff ./component/serial_manager/fsl_component_serial_manager.o
 .debug_line    0x0000cbdc      0x8b6 ./component/serial_manager/fsl_component_serial_port_uart.o
 .debug_line    0x0000d492      0x888 ./board/board.o
 .debug_line    0x0000dd1a      0x76a ./board/clock_config.o
 .debug_line    0x0000e484      0x799 ./board/pin_mux.o
 .debug_line    0x0000ec1d       0xc9 C:/nxp/MCUXpressoIDE_25.6.136/ide/plugins/com.nxp.mcuxpresso.tools.win32_25.6.0.202501151204/tools/bin/../lib/gcc/arm-none-eabi/14.2.1/../../../../arm-none-eabi/lib/thumb/v6-m/nofp\libcr_nohost.a(_cr__main.o)
 .debug_line    0x0000ece6      0x112 C:/nxp/MCUXpressoIDE_25.6.136/ide/plugins/com.nxp.mcuxpresso.tools.win32_25.6.0.202501151204/tools/bin/../lib/gcc/arm-none-eabi/14.2.1/../../../../arm-none-eabi/lib/thumb/v6-m/nofp\libcr_c.a(memcpy.o)
 .debug_line    0x0000edf8       0xba C:/nxp/MCUXpressoIDE_25.6.136/ide/plugins/com.nxp.mcuxpresso.tools.win32_25.6.0.202501151204/tools/bin/../lib/gcc/arm-none-eabi/14.2.1/../../../../arm-none-eabi/lib/thumb/v6-m/nofp\libcr_c.a(memset.o)
 .debug_line    0x0000eeb2      0x429 C:/nxp/MCUXpressoIDE_25.6.136/ide/plugins/com.nxp.mcuxpresso.tools.win32_25.6.0.202501151204/tools/bin/../lib/gcc/arm-none-eabi/14.2.1/../../../../arm-none-eabi/lib/thumb/v6-m/nofp\libcr_c.a(alloc.o)
 .debug_line    0x0000f2db       0x86 C:/nxp/MCUXpressoIDE_25.6.136/ide/plugins/com.nxp.mcuxpresso.tools.win32_25.6.0.202501151204/tools/bin/../lib/gcc/arm-none-eabi/14.2.1/../../../../arm-none-eabi/lib/thumb/v6-m/nofp\libcr_c.a(errno.o)
 .debug_line    0x0000f361      0x1b6 C:/nxp/MCUXpressoIDE_25.6.136/ide/plugins/com.nxp.mcuxpresso.tools.win32_25.6.0.202501151204/tools/bin/../lib/gcc/arm-none-eabi/14.2.1/../../../../arm-none-eabi/lib/thumb/v6-m/nofp\libcr_c.a(initio.o)
 .debug_line    0x0000f517      0x167 C:/nxp/MCUXpressoIDE_25.6.136/ide/plugins/com.nxp.mcuxpresso.tools.win32_25.6.0.202501151204/tools/bin/../lib/gcc/arm-none-eabi/14.2.1/../../../../arm-none-eabi/lib/thumb/v6-m/nofp\libcr_c.a(setvbuf.o)
 .debug_line    0x0000f67e      0x156 C:/nxp/MCUXpressoIDE_25.6.136/ide/plugins/com.nxp.mcuxpresso.tools.win32_25.6.0.202501151204/tools/bin/../lib/gcc/arm-none-eabi/14.2.1/../../../../arm-none-eabi/lib/thumb/v6-m/nofp\libcr_c.a(strlen.o)
 .debug_line    0x0000f7d4      0x36f C:/nxp/MCUXpressoIDE_25.6.136/ide/plugins/com.nxp.mcuxpresso.tools.win32_25.6.0.202501151204/tools/bin/../lib/gcc/arm-none-eabi/14.2.1/../../../../arm-none-eabi/lib/thumb/v6-m/nofp\libcr_c.a(_deferredlazyseek.o)
 .debug_line    0x0000fb43      0x1ab C:/nxp/MCUXpressoIDE_25.6.136/ide/plugins/com.nxp.mcuxpresso.tools.win32_25.6.0.202501151204/tools/bin/../lib/gcc/arm-none-eabi/14.2.1/../../../../arm-none-eabi/lib/thumb/v6-m/nofp\libcr_c.a(_fdopen.o)
 .debug_line    0x0000fcee      0x197 C:/nxp/MCUXpressoIDE_25.6.136/ide/plugins/com.nxp.mcuxpresso.tools.win32_25.6.0.202501151204/tools/bin/../lib/gcc/arm-none-eabi/14.2.1/../../../../arm-none-eabi/lib/thumb/v6-m/nofp\libcr_c.a(_fflush.o)
 .debug_line    0x0000fe85      0x1ba C:/nxp/MCUXpressoIDE_25.6.136/ide/plugins/com.nxp.mcuxpresso.tools.win32_25.6.0.202501151204/tools/bin/../lib/gcc/arm-none-eabi/14.2.1/../../../../arm-none-eabi/lib/thumb/v6-m/nofp\libcr_c.a(_writebuf.o)
 .debug_line    0x0001003f      0x17a C:/nxp/MCUXpressoIDE_25.6.136/ide/plugins/com.nxp.mcuxpresso.tools.win32_25.6.0.202501151204/tools/bin/../lib/gcc/arm-none-eabi/14.2.1/../../../../arm-none-eabi/lib/thumb/v6-m/nofp\libcr_c.a(fclose.o)
 .debug_line    0x000101b9      0x153 C:/nxp/MCUXpressoIDE_25.6.136/ide/plugins/com.nxp.mcuxpresso.tools.win32_25.6.0.202501151204/tools/bin/../lib/gcc/arm-none-eabi/14.2.1/../../../../arm-none-eabi/lib/thumb/v6-m/nofp\libcr_c.a(fflush.o)
 .debug_line    0x0001030c      0x2ae C:/nxp/MCUXpressoIDE_25.6.136/ide/plugins/com.nxp.mcuxpresso.tools.win32_25.6.0.202501151204/tools/bin/../lib/gcc/arm-none-eabi/14.2.1/../../../../arm-none-eabi/lib/thumb/v6-m/nofp\libcr_c.a(fseek.o)
 .debug_line    0x000105ba      0x180 C:/nxp/MCUXpressoIDE_25.6.136/ide/plugins/com.nxp.mcuxpresso.tools.win32_25.6.0.202501151204/tools/bin/../lib/gcc/arm-none-eabi/14.2.1/../../../../arm-none-eabi/lib/thumb/v6-m/nofp\libcr_c.a(ftell.o)
 .debug_line    0x0001073a      0x15a C:/nxp/MCUXpressoIDE_25.6.136/ide/plugins/com.nxp.mcuxpresso.tools.win32_25.6.0.202501151204/tools/bin/../lib/gcc/arm-none-eabi/14.2.1/../../../../arm-none-eabi/lib/thumb/v6-m/nofp\libcr_c.a(remove.o)
 .debug_line    0x00010894      0x170 C:/nxp/MCUXpressoIDE_25.6.136/ide/plugins/com.nxp.mcuxpresso.tools.win32_25.6.0.202501151204/tools/bin/../lib/gcc/arm-none-eabi/14.2.1/../../../../arm-none-eabi/lib/thumb/v6-m/nofp\libcr_c.a(_do_fflush.o)
 .debug_line    0x00010a04     0x1772 C:/nxp/MCUXpressoIDE_25.6.136/ide/plugins/com.nxp.mcuxpresso.tools.win32_25.6.0.202501151204/tools/bin/../lib/gcc/arm-none-eabi/14.2.1/thumb/v6-m/nofp\libcr_eabihelpers.a(float.o)
 .debug_line    0x00012176       0xea C:/nxp/MCUXpressoIDE_25.6.136/ide/plugins/com.nxp.mcuxpresso.tools.win32_25.6.0.202501151204/tools/bin/../lib/gcc/arm-none-eabi/14.2.1/../../../../arm-none-eabi/lib/thumb/v6-m/nofp\libcr_nohost.a(__ciob.o)
 .debug_line    0x00012260       0x54 C:/nxp/MCUXpressoIDE_25.6.136/ide/plugins/com.nxp.mcuxpresso.tools.win32_25.6.0.202501151204/tools/bin/../lib/gcc/arm-none-eabi/14.2.1/../../../../arm-none-eabi/lib/thumb/v6-m/nofp\libcr_nohost.a(__sys_close.o)
 .debug_line    0x000122b4       0x53 C:/nxp/MCUXpressoIDE_25.6.136/ide/plugins/com.nxp.mcuxpresso.tools.win32_25.6.0.202501151204/tools/bin/../lib/gcc/arm-none-eabi/14.2.1/../../../../arm-none-eabi/lib/thumb/v6-m/nofp\libcr_nohost.a(__sys_flen.o)