Archive member included to satisfy reference by file (symbol)

C:/nxp/MCUXpressoIDE_25.6.136/ide/plugins/com.nxp.mcuxpresso.tools.win32_25.6.0.202501151204/tools/bin/../lib/gcc/arm-none-eabi/14.2.1/../../../../arm-none-eabi/lib/thumb/v6-m/nofp\libcr_nohost.a(_cr__main.o)
                              ./startup/startup_mcxc444.o (__main)
C:/nxp/MCUXpressoIDE_25.6.136/ide/plugins/com.nxp.mcuxpresso.tools.win32_25.6.0.202501151204/tools/bin/../lib/gcc/arm-none-eabi/14.2.1/../../../../arm-none-eabi/lib/thumb/v6-m/nofp\libcr_c.a(sqrtf.o)
                              ./source/fxls8974.o (sqrtf)
C:/nxp/MCUXpressoIDE_25.6.136/ide/plugins/com.nxp.mcuxpresso.tools.win32_25.6.0.202501151204/tools/bin/../lib/gcc/arm-none-eabi/14.2.1/../../../../arm-none-eabi/lib/thumb/v6-m/nofp\libcr_c.a(memcpy.o)
                              ./utilities/str/fsl_str.o (memcpy)
C:/nxp/MCUXpressoIDE_25.6.136/ide/plugins/com.nxp.mcuxpresso.tools.win32_25.6.0.202501151204/tools/bin/../lib/gcc/arm-none-eabi/14.2.1/../../../../arm-none-eabi/lib/thumb/v6-m/nofp\libcr_c.a(memset.o)
                              ./utilities/debug_console/fsl_debug_console.o (memset)
C:/nxp/MCUXpressoIDE_25.6.136/ide/plugins/com.nxp.mcuxpresso.tools.win32_25.6.0.202501151204/tools/bin/../lib/gcc/arm-none-eabi/14.2.1/../../../../arm-none-eabi/lib/thumb/v6-m/nofp\libcr_c.a(alloc.o)
                              ./drivers/fsl_common.o (malloc)
C:/nxp/MCUXpressoIDE_25.6.136/ide/plugins/com.nxp.mcuxpresso.tools.win32_25.6.0.202501151204/tools/bin/../lib/gcc/arm-none-eabi/14.2.1/../../../../arm-none-eabi/lib/thumb/v6-m/nofp\libcr_c.a(errno.o)
                              ./utilities/str/fsl_str.o (errno)
C:/nxp/MCUXpressoIDE_25.6.136/ide/plugins/com.nxp.mcuxpresso.tools.win32_25.6.0.202501151204/tools/bin/../lib/gcc/arm-none-eabi/14.2.1/../../../../arm-none-eabi/lib/thumb/v6-m/nofp\libcr_c.a(initio.o)
                              C:/nxp/MCUXpressoIDE_25.6.136/ide/plugins/com.nxp.mcuxpresso.tools.win32_25.6.0.202501151204/tools/bin/../lib/gcc/arm-none-eabi/14.2.1/../../../../arm-none-eabi/lib/thumb/v6-m/nofp\libcr_nohost.a(_cr__main.o) (_initio)
C:/nxp/MCUXpressoIDE_25.6.136/ide/plugins/com.nxp.mcuxpresso.tools.win32_25.6.0.202501151204/tools/bin/../lib/gcc/arm-none-eabi/14.2.1/../../../../arm-none-eabi/lib/thumb/v6-m/nofp\libcr_c.a(printf.o)
                              ./source/oled.o (_sprintf)
C:/nxp/MCUXpressoIDE_25.6.136/ide/plugins/com.nxp.mcuxpresso.tools.win32_25.6.0.202501151204/tools/bin/../lib/gcc/arm-none-eabi/14.2.1/../../../../arm-none-eabi/lib/thumb/v6-m/nofp\libcr_c.a(scanf.o)
                              ./utilities/str/fsl_str.o (strtoul)
C:/nxp/MCUXpressoIDE_25.6.136/ide/plugins/com.nxp.mcuxpresso.tools.win32_25.6.0.202501151204/tools/bin/../lib/gcc/arm-none-eabi/14.2.1/../../../../arm-none-eabi/lib/thumb/v6-m/nofp\libcr_c.a(setvbuf.o)
                              C:/nxp/MCUXpressoIDE_25.6.136/ide/plugins/com.nxp.mcuxpresso.tools.win32_25.6.0.202501151204/tools/bin/../lib/gcc/arm-none-eabi/14.2.1/../../../../arm-none-eabi/lib/thumb/v6-m/nofp\libcr_c.a(initio.o) (setvbuf)
C:/nxp/MCUXpressoIDE_25.6.136/ide/plugins/com.nxp.mcuxpresso.tools.win32_25.6.0.202501151204/tools/bin/../lib/gcc/arm-none-eabi/14.2.1/../../../../arm-none-eabi/lib/thumb/v6-m/nofp\libcr_c.a(strlen.o)
                              ./utilities/str/fsl_str.o (strlen)
C:/nxp/MCUXpressoIDE_25.6.136/ide/plugins/com.nxp.mcuxpresso.tools.win32_25.6.0.202501151204/tools/bin/../lib/gcc/arm-none-eabi/14.2.1/../../../../arm-none-eabi/lib/thumb/v6-m/nofp\libcr_c.a(ungetc.o)
                              C:/nxp/MCUXpressoIDE_25.6.136/ide/plugins/com.nxp.mcuxpresso.tools.win32_25.6.0.202501151204/tools/bin/../lib/gcc/arm-none-eabi/14.2.1/../../../../arm-none-eabi/lib/thumb/v6-m/nofp\libcr_c.a(scanf.o) (ungetc)
C:/nxp/MCUXpressoIDE_25.6.136/ide/plugins/com.nxp.mcuxpresso.tools.win32_25.6.0.202501151204/tools/bin/../lib/gcc/arm-none-eabi/14.2.1/../../../../arm-none-eabi/lib/thumb/v6-m/nofp\libcr_c.a(__fillbuf.o)
                              C:/nxp/MCUXpressoIDE_25.6.136/ide/plugins/com.nxp.mcuxpresso.tools.win32_25.6.0.202501151204/tools/bin/../lib/gcc/arm-none-eabi/14.2.1/../../../../arm-none-eabi/lib/thumb/v6-m/nofp\libcr_c.a(scanf.o) (__filbuf)
C:/nxp/MCUXpressoIDE_25.6.136/ide/plugins/com.nxp.mcuxpresso.tools.win32_25.6.0.202501151204/tools/bin/../lib/gcc/arm-none-eabi/14.2.1/../../../../arm-none-eabi/lib/thumb/v6-m/nofp\libcr_c.a(__init_alloc.o)
                              C:/nxp/MCUXpressoIDE_25.6.136/ide/plugins/com.nxp.mcuxpresso.tools.win32_25.6.0.202501151204/tools/bin/../lib/gcc/arm-none-eabi/14.2.1/../../../../arm-none-eabi/lib/thumb/v6-m/nofp\libcr_c.a(alloc.o) (__heaps)
C:/nxp/MCUXpressoIDE_25.6.136/ide/plugins/com.nxp.mcuxpresso.tools.win32_25.6.0.202501151204/tools/bin/../lib/gcc/arm-none-eabi/14.2.1/../../../../arm-none-eabi/lib/thumb/v6-m/nofp\libcr_c.a(_cr_sbrk.o)
[...]
Memory Configuration

Name             Origin             Length             Attributes
PROGRAM_FLASH    0x00000000         0x00040000         xr
SRAM             0x1fffe000         0x00008000         xrw
*default*        0x00000000         0xffffffff

Linker script and memory map

LOAD ./utilities/str/fsl_str.o
LOAD ./utilities/debug_console/fsl_debug_console.o
LOAD ./utilities/fsl_assert.o
LOAD ./startup/startup_mcxc444.o
LOAD ./source/MEF_acelerometro.o
LOAD ./source/SD2_I2C.o
LOAD ./source/SD2_board.o
LOAD ./source/clock_mcglite.o
LOAD ./source/font5x7.o
LOAD ./source/fxls8974.o
LOAD ./source/key.o
LOAD ./source/main.o
LOAD ./source/mtb.o
LOAD ./source/oled.o
LOAD ./source/power_mode_switch.o
LOAD ./source/semihost_hardfault.o
LOAD ./drivers/fsl_clock.o
LOAD ./drivers/fsl_common.o
LOAD ./drivers/fsl_common_arm.o
LOAD ./drivers/fsl_ftfx_cache.o
LOAD ./drivers/fsl_ftfx_controller.o
LOAD ./drivers/fsl_ftfx_flash.o
LOAD ./drivers/fsl_ftfx_flexnvm.o
LOAD ./drivers/fsl_gpio.o
LOAD ./drivers/fsl_i2c.o
LOAD ./drivers/fsl_llwu.o
LOAD ./drivers/fsl_lptmr.o
LOAD ./drivers/fsl_lpuart.o
LOAD ./drivers/fsl_rcm.o
LOAD ./drivers/fsl_smc.o
LOAD ./drivers/fsl_spi.o
LOAD ./drivers/fsl_uart.o
LOAD ./device/system_MCXC444.o
LOAD ./component/uart/fsl_adapter_lpuart.o
LOAD ./component/serial_manager/fsl_component_serial_manager.o
LOAD ./component/serial_manager/fsl_component_serial_port_uart.o
LOAD ./component/lists/fsl_component_generic_list.o
LOAD ./board/board.o
LOAD ./board/clock_config.o
LOAD ./board/hardware_init.o
LOAD ./board/peripherals.o
LOAD ./board/pin_mux.o
START GROUP
LOAD C:/nxp/MCUXpressoIDE_25.6.136/ide/plugins/com.nxp.mcuxpresso.tools.win32_25.6.0.202501151204/tools/bin/../lib/gcc/arm-none-eabi/14.2.1/../../../../arm-none-eabi/lib/thumb/v6-m/nofp\libcr_nohost.a
LOAD C:/nxp/MCUXpressoIDE_25.6.136/ide/plugins/com.nxp.mcuxpresso.tools.win32_25.6.0.202501151204/tools/bin/../lib/gcc/arm-none-eabi/14.2.1/../../../../arm-none-eabi/lib/thumb/v6-m/nofp\libcr_c.a
LOAD C:/nxp/MCUXpressoIDE_25.6.136/ide/plugins/com.nxp.mcuxpresso.tools.win32_25.6.0.202501151204/tools/bin/../lib/gcc/arm-none-eabi/14.2.1/thumb/v6-m/nofp\libcr_eabihelpers.a
LOAD C:/nxp/MCUXpressoIDE_25.6.136/ide/plugins/com.nxp.mcuxpresso.tools.win32_25.6.0.202501151204/tools/bin/../lib/gcc/arm-none-eabi/14.2.1/thumb/v6-m/nofp\libgcc.a
END GROUP
                0x00000000                        __base_PROGRAM_FLASH = 0x0
                0x00000000                        __base_Flash = 0x0
                0x00040000                        __top_PROGRAM_FLASH = 0x40000
                0x00040000                        __top_Flash = 0x40000
                0x1fffe000                        __base_SRAM = 0x1fffe000
                0x1fffe000                        __base_RAM = 0x1fffe000
                0x20006000                        __top_SRAM = 0x20006000
                0x20006000                        __top_RAM = 0x20006000

.text           0x00000000     0x7ea4
 FILL mask 0xff
                0x00000000                        __vectors_start__ = ABSOLUTE (.)
 *(SORT_BY_ALIGNMENT(.isr_vector))
 .isr_vector    0x00000000       0xc0 ./startup/startup_mcxc444.o
                0x00000000                g_pfnVectors
                0x00000000                __Vectors
                0x000000c0                        . = ALIGN (0x4)
                0x000000c0                        __section_table_start = .
                0x000000c0                        __data_section_table = .
                0x000000c0        0x4 LONG 0x7ea4 LOADADDR (.data)
                0x000000c4        0x4 LONG 0x1fffe080 ADDR (.data)
                0x000000c8        0x4 LONG 0x4 SIZEOF (.data)
                0x000000cc                        __data_section_table_end = .
                0x000000cc                        __bss_section_table = .
                0x000000cc        0x4 LONG 0x1fffe084 ADDR (.bss)
                0x000000d0        0x4 LONG 0x68c SIZEOF (.bss)
                0x000000d4                        __bss_section_table_end = .
                0x000000d4                        __section_table_end = .
 *(SORT_BY_ALIGNMENT(.after_vectors*))
 .after_vectors.reset
                0x000000d4       0x4c ./startup/startup_mcxc444.o
                0x000000d4                ResetISR
 .after_vectors.init_data
                0x00000120       0x12 ./startup/startup_mcxc444.o
                0x00000120                data_init
 .after_vectors.init_bss
                0x00000132       0x10 ./startup/startup_mcxc444.o
                0x00000132                bss_init
 .after_vectors
                0x00000142      0x10c ./startup/startup_mcxc444.o
                0x00000142                NMI_Handler
                0x00000146                SVC_Handler
                0x00000148                PendSV_Handler
                0x0000014c                PIT_DriverIRQHandler
                0x0000014c                LPTMR0_DriverIRQHandler
                0x0000014c                PORTC_PORTD_DriverIRQHandler
                0x0000014c                DMA0_DriverIRQHandler
                0x0000014c                Reserved42_DriverIRQHandler
                0x0000014c                Reserved43_DriverIRQHandler
                0x0000014c                DMA2_DriverIRQHandler
                0x0000014c                I2S0_DriverIRQHandler
                0x0000014c                CMP0_DriverIRQHandler
                0x0000014c                TPM2_DriverIRQHandler
                0x0000014c                ADC0_DriverIRQHandler
                0x0000014c                DMA1_DriverIRQHandler
                0x0000014c                RTC_Seconds_DriverIRQHandler
                0x0000014c                LLWU_DriverIRQHandler
                0x0000014c                PMC_DriverIRQHandler
                0x0000014c                LCD_DriverIRQHandler
                0x0000014c                RTC_DriverIRQHandler
                0x0000014c                FTFA_DriverIRQHandler
                0x0000014c                IntDefaultHandler
                0x0000014c                USB0_DriverIRQHandler
                0x0000014c                DAC0_DriverIRQHandler
                0x0000014c                TPM0_DriverIRQHandler
                0x0000014c                TPM1_DriverIRQHandler
                0x0000014c                PORTA_DriverIRQHandler
                0x0000014c                UART2_FLEXIO_DriverIRQHandler
                0x0000014c                DMA3_DriverIRQHandler
                0x0000014c                Reserved20_DriverIRQHandler
                0x0000014e                DMA0_IRQHandler
                0x00000156                DMA1_IRQHandler
                0x0000015e                DMA2_IRQHandler
                0x00000166                DMA3_IRQHandler
                0x0000016e                Reserved20_IRQHandler
                0x00000176                FTFA_IRQHandler
                0x0000017e                PMC_IRQHandler
                0x0000018e                I2C0_IRQHandler
                0x00000196                I2C1_IRQHandler
                0x0000019e                SPI0_IRQHandler
                0x000001a6                SPI1_IRQHandler
                0x000001ae                LPUART0_IRQHandler
                0x000001b6                LPUART1_IRQHandler
                0x000001be                UART2_FLEXIO_IRQHandler
                0x000001c6                ADC0_IRQHandler
                0x000001ce                CMP0_IRQHandler
                0x000001d6                TPM0_IRQHandler
                0x000001de                TPM1_IRQHandler
                0x000001e6                TPM2_IRQHandler
                0x000001ee                RTC_IRQHandler
                0x000001f6                RTC_Seconds_IRQHandler
                0x000001fe                PIT_IRQHandler
                0x00000206                I2S0_IRQHandler
                0x0000020e                USB0_IRQHandler
                0x00000216                DAC0_IRQHandler
                0x0000021e                Reserved42_IRQHandler
                0x00000226                Reserved43_IRQHandler
                0x00000236                LCD_IRQHandler
                0x0000023e                PORTA_IRQHandler
                0x00000400                        . = 0x400
 *fill*         0x0000024e      0x1b2 ff
                0x00000400                        PROVIDE (__FLASH_CONFIG_START__ = .)
 *(SORT_BY_ALIGNMENT(.FlashConfig))
 .FlashConfig   0x00000400       0x10 ./startup/startup_mcxc444.o
                0x00000400                Flash_Config
                0x00000410                        PROVIDE (__FLASH_CONFIG_END__ = .)
                0x00000001                        ASSERT (! ((__FLASH_CONFIG_START__ == __FLASH_CONFIG_END__)), Linker Flash Config Support Enabled, but no .FlashConfig section provided within application)
 *(SORT_BY_ALIGNMENT(.text*))
 .text.DbgConsole_SendDataReliable
                0x00000410       0x5c ./utilities/debug_console/fsl_debug_console.o
                0x00000410                DbgConsole_SendDataReliable
 .text.DbgConsole_Init
                0x0000046c      0x1a4 ./utilities/debug_console/fsl_debug_console.o
                0x0000046c                DbgConsole_Init
 .text.DbgConsole_Vprintf
                0x00000610       0x70 ./utilities/debug_console/fsl_debug_console.o
                0x00000610                DbgConsole_Vprintf
 .text.__assertion_failed
                0x00000680       0x34 ./utilities/fsl_assert.o
                0x00000680                __assertion_failed
 .text.MEF_acelerometro_init
                0x000006b4       0x18 ./source/MEF_acelerometro.o
                0x000006b4                MEF_acelerometro_init
 .text.MEF_acelerometro
                0x000006cc      0x134 ./source/MEF_acelerometro.o
                0x000006cc                MEF_acelerometro
 .text.MEF_acelerometro_task_1ms
                0x00000800       0x54 ./source/MEF_acelerometro.o
                0x00000800                MEF_acelerometro_task_1ms
 .text.CLOCK_EnableClock
                0x00000854       0x34 ./source/SD2_I2C.o
 .text.PORT_SetPinConfig
                0x00000888       0x38 ./source/SD2_I2C.o
 .text.I2C_releaseBus
                0x000008c0      0x124 ./source/SD2_I2C.o
 .text.I2C_configPins
                0x000009e4       0x80 ./source/SD2_I2C.o
 .text.SD2_I2C_init
                0x00000a64       0x44 ./source/SD2_I2C.o
                0x00000a64                SD2_I2C_init
 .text.CLOCK_EnableClock
                0x00000aa8       0x34 ./source/SD2_board.o
 .text.PORT_SetPinConfig
                0x00000adc       0x38 ./source/SD2_board.o
 .text.board_init
                0x00000b14      0x22c ./source/SD2_board.o
                0x00000b14                board_init
 .text.board_setLed
                0x00000d40       0xd8 ./source/SD2_board.o
                0x00000d40                board_setLed
 .text.board_setOledPin
                0x00000e18       0x50 ./source/SD2_board.o
                0x00000e18                board_setOledPin
 .text.board_getSw
                0x00000e68       0x50 ./source/SD2_board.o
                0x00000e68                board_getSw
 .text.board_configSPI0
                0x00000eb8       0xac ./source/SD2_board.o
                0x00000eb8                board_configSPI0
 .text.board_SPISend
                0x00000f64       0x3c ./source/SD2_board.o
                0x00000f64                board_SPISend
 .text.CLOCK_SetSimSafeDivs
                0x00000fa0       0x20 ./source/clock_mcglite.o
 .text.APP_SetClockRunFromVlpr
                0x00000fc0       0x44 ./source/clock_mcglite.o
                0x00000fc0                APP_SetClockRunFromVlpr
 .text.APP_SetClockVlpr
                0x00001004       0x44 ./source/clock_mcglite.o
                0x00001004                APP_SetClockVlpr
 .text.__NVIC_EnableIRQ
                0x00001048       0x34 ./source/fxls8974.o
 .text.__NVIC_ClearPendingIRQ
                0x0000107c       0x38 ./source/fxls8974.o
 .text.__NVIC_SetPriority
                0x000010b4       0xdc ./source/fxls8974.o
 .text.CLOCK_EnableClock
                0x00001190       0x34 ./source/fxls8974.o
 .text.PORT_SetPinConfig
                0x000011c4       0x38 ./source/fxls8974.o
 .text.PORT_SetPinInterruptConfig
                0x000011fc       0x40 ./source/fxls8974.o
 .text.fxls8974_read_reg
                0x0000123c       0x68 ./source/fxls8974.o
 .text.fxls8974_write_reg
                0x000012a4       0x68 ./source/fxls8974.o
 .text.config_port_int1
                0x0000130c       0x98 ./source/fxls8974.o
 .text.fxls8974_init
                0x000013a4      0x228 ./source/fxls8974.o
                0x000013a4                fxls8974_init
 .text.Obtener_Valor
                0x000015cc      0x16c ./source/fxls8974.o
                0x000015cc                Obtener_Valor
 .text.fxls8974_freefall_detectado
                0x00001738       0x24 ./source/fxls8974.o
                0x00001738                fxls8974_freefall_detectado
 .text.PORTC_PORTD_IRQHandler
                0x0000175c       0x7c ./source/fxls8974.o
                0x0000175c                PORTC_PORTD_IRQHandler
 .text.key_init
                0x000017d8       0x40 ./source/key.o
                0x000017d8                key_init
 .text.key_getPressEv
                0x00001818       0x44 ./source/key.o
                0x00001818                key_getPressEv
 .text.key_periodicTask1ms
                0x0000185c       0x98 ./source/key.o
                0x0000185c                key_periodicTask1ms
 .text.__NVIC_EnableIRQ
                0x000018f4       0x34 ./source/main.o
 .text.__NVIC_SetPriority
                0x00001928       0xdc ./source/main.o
 .text.SysTick_Config
                0x00001a04       0x48 ./source/main.o
 .text.main     0x00001a4c       0x60 ./source/main.o
                0x00001a4c                main
 .text.oled_init
                0x00001aac       0x50 ./source/oled.o
                0x00001aac                oled_init
 .text.oled_putPixel
                0x00001afc      0x1bc ./source/oled.o
                0x00001afc                oled_putPixel
 .text.oled_clearScreen
                0x00001cb8       0x84 ./source/oled.o
                0x00001cb8                oled_clearScreen
 .text.oled_putChar
                0x00001d3c      0x148 ./source/oled.o
                0x00001d3c                oled_putChar
 .text.oled_inform_max_acc
                0x00001e84       0x74 ./source/oled.o
                0x00001e84                oled_inform_max_acc
 .text.PORT_SetPinInterruptConfig
                0x00001ef8       0x40 ./source/power_mode_switch.o
 .text.LLWU_IRQHandler
                0x00001f38       0x70 ./source/power_mode_switch.o
                0x00001f38                LLWU_IRQHandler
 .text.LPTMR0_IRQHandler
                0x00001fa8       0x3c ./source/power_mode_switch.o
                0x00001fa8                LPTMR0_IRQHandler
 .text.HardFault_Handler
                0x00001fe4       0x38 ./source/semihost_hardfault.o
                0x00001fe4                HardFault_Handler
 .text.CLOCK_SetEr32kClock
                0x0000201c       0x34 ./drivers/fsl_clock.o
 .text.CLOCK_GetLircClkFreq
                0x00002050       0x50 ./drivers/fsl_clock.o
 .text.CLOCK_GetOsc0ErClkFreq
                0x000020a0       0x44 ./drivers/fsl_clock.o
                0x000020a0                CLOCK_GetOsc0ErClkFreq
 .text.CLOCK_GetEr32kClkFreq
                0x000020e4       0x78 ./drivers/fsl_clock.o
                0x000020e4                CLOCK_GetEr32kClkFreq
 .text.CLOCK_GetFreq
                0x0000215c       0xc0 ./drivers/fsl_clock.o
                0x0000215c                CLOCK_GetFreq
 .text.CLOCK_SetSimConfig
                0x0000221c       0x2c ./drivers/fsl_clock.o
                0x0000221c                CLOCK_SetSimConfig
 .text.CLOCK_GetInternalRefClkFreq
                0x00002248       0x48 ./drivers/fsl_clock.o
                0x00002248                CLOCK_GetInternalRefClkFreq
 .text.CLOCK_GetPeriphClkFreq
                0x00002290       0x3c ./drivers/fsl_clock.o
                0x00002290                CLOCK_GetPeriphClkFreq
 .text.CLOCK_GetOutClkFreq
                0x000022cc       0x7c ./drivers/fsl_clock.o
                0x000022cc                CLOCK_GetOutClkFreq
 .text.CLOCK_SetMcgliteConfig
                0x00002348      0x110 ./drivers/fsl_clock.o
                0x00002348                CLOCK_SetMcgliteConfig
 .text.GPIO_PinInit
                0x00002458       0x70 ./drivers/fsl_gpio.o
                0x00002458                GPIO_PinInit
 .text.CLOCK_EnableClock
                0x000024c8       0x34 ./drivers/fsl_i2c.o
 .text.I2C_GetInstance
                0x000024fc       0x4c ./drivers/fsl_i2c.o
                0x000024fc                I2C_GetInstance
 .text.I2C_CheckAndClearError
                0x00002548       0x40 ./drivers/fsl_i2c.o
 .text.I2C_TransferCommonIRQHandler
                0x00002588       0x60 ./drivers/fsl_i2c.o
 .text.I2C_MasterInit
                0x000025e8      0x110 ./drivers/fsl_i2c.o
                0x000025e8                I2C_MasterInit
 .text.I2C_MasterGetDefaultConfig
                0x000026f8       0x4c ./drivers/fsl_i2c.o
                0x000026f8                I2C_MasterGetDefaultConfig
 .text.I2C_MasterSetBaudRate
                0x00002744       0xf8 ./drivers/fsl_i2c.o
                0x00002744                I2C_MasterSetBaudRate
 .text.I2C_MasterStart
                0x0000283c       0x84 ./drivers/fsl_i2c.o
                0x0000283c                I2C_MasterStart
 .text.I2C_MasterRepeatedStart
                0x000028c0       0xcc ./drivers/fsl_i2c.o
                0x000028c0                I2C_MasterRepeatedStart
 .text.I2C_MasterWriteBlocking
                0x0000298c       0xec ./drivers/fsl_i2c.o
                0x0000298c                I2C_MasterWriteBlocking
 .text.I2C_MasterTransferBlocking
                0x00002a78      0x27c ./drivers/fsl_i2c.o
                0x00002a78                I2C_MasterTransferBlocking
 .text.I2C0_DriverIRQHandler
                0x00002cf4       0x20 ./drivers/fsl_i2c.o
                0x00002cf4                I2C0_DriverIRQHandler
 .text.I2C1_DriverIRQHandler
                0x00002d14       0x20 ./drivers/fsl_i2c.o
                0x00002d14                I2C1_DriverIRQHandler
 .text.CLOCK_EnableClock
                0x00002d34       0x34 ./drivers/fsl_lpuart.o
 .text.LPUART_GetInstance
                0x00002d68       0x4c ./drivers/fsl_lpuart.o
                0x00002d68                LPUART_GetInstance
 .text.LPUART_Init
                0x00002db4      0x2c4 ./drivers/fsl_lpuart.o
                0x00002db4                LPUART_Init
 .text.LPUART_GetDefaultConfig
                0x00003078       0x68 ./drivers/fsl_lpuart.o
                0x00003078                LPUART_GetDefaultConfig
 .text.LPUART_WriteBlocking
                0x000030e0       0x6c ./drivers/fsl_lpuart.o
                0x000030e0                LPUART_WriteBlocking
 .text.LPUART0_DriverIRQHandler
                0x0000314c       0x24 ./drivers/fsl_lpuart.o
                0x0000314c                LPUART0_DriverIRQHandler
 .text.LPUART1_DriverIRQHandler
                0x00003170       0x24 ./drivers/fsl_lpuart.o
                0x00003170                LPUART1_DriverIRQHandler
 .text.__NVIC_EnableIRQ
                0x00003194       0x34 ./drivers/fsl_spi.o
 .text.CLOCK_EnableClock
                0x000031c8       0x34 ./drivers/fsl_spi.o
 .text.SPI_GetInstance
                0x000031fc       0x4c ./drivers/fsl_spi.o
                0x000031fc                SPI_GetInstance
 .text.SPI_SetDummyData
                0x00003248       0x34 ./drivers/fsl_spi.o
                0x00003248                SPI_SetDummyData
 .text.SPI_WriteNonBlocking
                0x0000327c       0xa8 ./drivers/fsl_spi.o
 .text.SPI_GetWatermark
                0x00003324       0xbc ./drivers/fsl_spi.o
 .text.SPI_SendInitialTransfer
                0x000033e0       0xb8 ./drivers/fsl_spi.o
 .text.SPI_MasterGetDefaultConfig
                0x00003498       0x64 ./drivers/fsl_spi.o
                0x00003498                SPI_MasterGetDefaultConfig
 .text.SPI_MasterInit
                0x000034fc      0x164 ./drivers/fsl_spi.o
                0x000034fc                SPI_MasterInit
 .text.SPI_GetStatusFlags
                0x00003660       0x34 ./drivers/fsl_spi.o
                0x00003660                SPI_GetStatusFlags
 .text.SPI_EnableInterrupts
                0x00003694       0x9c ./drivers/fsl_spi.o
                0x00003694                SPI_EnableInterrupts
 .text.SPI_DisableInterrupts
                0x00003730       0x98 ./drivers/fsl_spi.o
                0x00003730                SPI_DisableInterrupts
 .text.SPI_EnableFIFO
                0x000037c8       0x4c ./drivers/fsl_spi.o
                0x000037c8                SPI_EnableFIFO
 .text.SPI_MasterTransferCreateHandle
                0x00003814       0xa4 ./drivers/fsl_spi.o
                0x00003814                SPI_MasterTransferCreateHandle
 .text.SPI_MasterTransferNonBlocking
                0x000038b8      0x150 ./drivers/fsl_spi.o
                0x000038b8                SPI_MasterTransferNonBlocking
 .text.SPI_MasterTransferAbort
                0x00003a08       0x60 ./drivers/fsl_spi.o
                0x00003a08                SPI_MasterTransferAbort
 .text.SPI_MasterTransferHandleIRQ
                0x00003a68       0xc4 ./drivers/fsl_spi.o
                0x00003a68                SPI_MasterTransferHandleIRQ
 .text.SPI_CommonIRQHandler
                0x00003b2c       0x54 ./drivers/fsl_spi.o
 .text.SPI0_DriverIRQHandler
                0x00003b80       0x30 ./drivers/fsl_spi.o
                0x00003b80                SPI0_DriverIRQHandler
 .text.SPI1_DriverIRQHandler
                0x00003bb0       0x30 ./drivers/fsl_spi.o
                0x00003bb0                SPI1_DriverIRQHandler
 .text.SystemInit
                0x00003be0       0x40 ./device/system_MCXC444.o
                0x00003be0                SystemInit
 .text.HAL_UartGetStatus
                0x00003c20       0x34 ./component/uart/fsl_adapter_lpuart.o
 .text.HAL_UartInitCommon
                0x00003c54       0xa0 ./component/uart/fsl_adapter_lpuart.o
 .text.HAL_UartInit
                0x00003cf4       0x98 ./component/uart/fsl_adapter_lpuart.o
                0x00003cf4                HAL_UartInit
 .text.HAL_UartSendBlocking
                0x00003d8c       0x6c ./component/uart/fsl_adapter_lpuart.o
                0x00003d8c                HAL_UartSendBlocking
 .text.SerialManager_StartWriting
                0x00003df8       0x44 ./component/serial_manager/fsl_component_serial_manager.o
 .text.SerialManager_Init
                0x00003e3c       0x70 ./component/serial_manager/fsl_component_serial_manager.o
                0x00003e3c                SerialManager_Init
 .text.SerialManager_OpenReadHandle
                0x00003eac       0x74 ./component/serial_manager/fsl_component_serial_manager.o
                0x00003eac                SerialManager_OpenReadHandle
 .text.CLOCK_SetLpuart0Clock
                0x00003f20       0x38 ./board/board.o
 .text.CLOCK_SetSimSafeDivs
                0x00003f58       0x20 ./board/clock_config.o
 .text.BOARD_BootClockRUN
                0x00003f78       0x34 ./board/clock_config.o
                0x00003f78                BOARD_BootClockRUN
 .text.CLOCK_EnableClock
                0x00003fac       0x34 ./board/hardware_init.o
 .text.PORT_SetPinConfig
                0x00003fe0       0x38 ./board/hardware_init.o
 .text.BOARD_I2C_ReleaseBus
                0x00004018      0x124 ./board/hardware_init.o
                0x00004018                BOARD_I2C_ReleaseBus
 .text.CLOCK_EnableClock
                0x0000413c       0x34 ./board/pin_mux.o
 .text.PORT_SetPinConfig
                0x00004170       0x38 ./board/pin_mux.o
 .text.PORT_SetPinMux
                0x000041a8       0x40 ./board/pin_mux.o
 .text.BOARD_InitPins
                0x000041e8       0x68 ./board/pin_mux.o
                0x000041e8                BOARD_InitPins
 .text.BOARD_I2C_ConfigurePins
                0x00004250       0x78 ./board/pin_mux.o
                0x00004250                BOARD_I2C_ConfigurePins
 .text.sqrtf    0x000042c8       0xbc C:/nxp/MCUXpressoIDE_25.6.136/ide/plugins/com.nxp.mcuxpresso.tools.win32_25.6.0.202501151204/tools/bin/../lib/gcc/arm-none-eabi/14.2.1/../../../../arm-none-eabi/lib/thumb/v6-m/nofp\libcr_c.a(sqrtf.o)
                0x000042c8                sqrtf
 .text.malloc   0x00004384       0xd4 C:/nxp/MCUXpressoIDE_25.6.136/ide/plugins/com.nxp.mcuxpresso.tools.win32_25.6.0.202501151204/tools/bin/../lib/gcc/arm-none-eabi/14.2.1/../../../../arm-none-eabi/lib/thumb/v6-m/nofp\libcr_c.a(alloc.o)
                0x00004384                malloc
 .text._Csys_alloc
                0x00004458       0x20 C:/nxp/MCUXpressoIDE_25.6.136/ide/plugins/com.nxp.mcuxpresso.tools.win32_25.6.0.202501151204/tools/bin/../lib/gcc/arm-none-eabi/14.2.1/../../../../arm-none-eabi/lib/thumb/v6-m/nofp\libcr_c.a(alloc.o)
                0x00004458                _Csys_alloc
 .text._initio  0x00004478       0x7c C:/nxp/MCUXpressoIDE_25.6.136/ide/plugins/com.nxp.mcuxpresso.tools.win32_25.6.0.202501151204/tools/bin/../lib/gcc/arm-none-eabi/14.2.1/../../../../arm-none-eabi/lib/thumb/v6-m/nofp\libcr_c.a(initio.o)
                0x00004478                _initio
 .text.__vfprintf
                0x000044f4      0xd50 C:/nxp/MCUXpressoIDE_25.6.136/ide/plugins/com.nxp.mcuxpresso.tools.win32_25.6.0.202501151204/tools/bin/../lib/gcc/arm-none-eabi/14.2.1/../../../../arm-none-eabi/lib/thumb/v6-m/nofp\libcr_c.a(printf.o)
                0x000044f4                __vfprintf
 .text._sprintf
                0x00005244       0x6c C:/nxp/MCUXpressoIDE_25.6.136/ide/plugins/com.nxp.mcuxpresso.tools.win32_25.6.0.202501151204/tools/bin/../lib/gcc/arm-none-eabi/14.2.1/../../../../arm-none-eabi/lib/thumb/v6-m/nofp\libcr_c.a(printf.o)
                0x00005244                _sprintf
 .text.setvbuf  0x000052b0       0x4c C:/nxp/MCUXpressoIDE_25.6.136/ide/plugins/com.nxp.mcuxpresso.tools.win32_25.6.0.202501151204/tools/bin/../lib/gcc/arm-none-eabi/14.2.1/../../../../arm-none-eabi/lib/thumb/v6-m/nofp\libcr_c.a(setvbuf.o)
                0x000052b0                setvbuf
 .text.strlen   0x000052fc       0x5c C:/nxp/MCUXpressoIDE_25.6.136/ide/plugins/com.nxp.mcuxpresso.tools.win32_25.6.0.202501151204/tools/bin/../lib/gcc/arm-none-eabi/14.2.1/../../../../arm-none-eabi/lib/thumb/v6-m/nofp\libcr_c.a(strlen.o)
                0x000052fc                strlen
 .text._sbrk    0x00005358       0x40 C:/nxp/MCUXpressoIDE_25.6.136/ide/plugins/com.nxp.mcuxpresso.tools.win32_25.6.0.202501151204/tools/bin/../lib/gcc/arm-none-eabi/14.2.1/../../../../arm-none-eabi/lib/thumb/v6-m/nofp\libcr_c.a(_cr_sbrk.o)
                0x00005358                _sbrk
 .text._deferredlazyseek
                0x00005398       0x44 C:/nxp/MCUXpressoIDE_25.6.136/ide/plugins/com.nxp.mcuxpresso.tools.win32_25.6.0.202501151204/tools/bin/../lib/gcc/arm-none-eabi/14.2.1/../../../../arm-none-eabi/lib/thumb/v6-m/nofp\libcr_c.a(_deferredlazyseek.o)
                0x00005398                _deferredlazyseek
 .text.__flsbuf
                0x000053dc      0x130 C:/nxp/MCUXpressoIDE_25.6.136/ide/plugins/com.nxp.mcuxpresso.tools.win32_25.6.0.202501151204/tools/bin/../lib/gcc/arm-none-eabi/14.2.1/../../../../arm-none-eabi/lib/thumb/v6-m/nofp\libcr_c.a(_deferredlazyseek.o)
                0x000053dc                __flsbuf
 .text._fdopen  0x0000550c       0x74 C:/nxp/MCUXpressoIDE_25.6.136/ide/plugins/com.nxp.mcuxpresso.tools.win32_25.6.0.202501151204/tools/bin/../lib/gcc/arm-none-eabi/14.2.1/../../../../arm-none-eabi/lib/thumb/v6-m/nofp\libcr_c.a(_fdopen.o)
                0x0000550c                _fdopen
 .text._fflush  0x00005580       0x5c C:/nxp/MCUXpressoIDE_25.6.136/ide/plugins/com.nxp.mcuxpresso.tools.win32_25.6.0.202501151204/tools/bin/../lib/gcc/arm-none-eabi/14.2.1/../../../../arm-none-eabi/lib/thumb/v6-m/nofp\libcr_c.a(_fflush.o)
                0x00005580                _fflush
 .text._Cwritebuf
                0x000055dc       0x68 C:/nxp/MCUXpressoIDE_25.6.136/ide/plugins/com.nxp.mcuxpresso.tools.win32_25.6.0.202501151204/tools/bin/../lib/gcc/arm-none-eabi/14.2.1/../../../../arm-none-eabi/lib/thumb/v6-m/nofp\libcr_c.a(_writebuf.o)
                0x000055dc                _Cwritebuf
 .text.fclose   0x00005644       0x5c C:/nxp/MCUXpressoIDE_25.6.136/ide/plugins/com.nxp.mcuxpresso.tools.win32_25.6.0.202501151204/tools/bin/../lib/gcc/arm-none-eabi/14.2.1/../../../../arm-none-eabi/lib/thumb/v6-m/nofp\libcr_c.a(fclose.o)
                0x00005644                fclose
 .text.fflush   0x000056a0       0x40 C:/nxp/MCUXpressoIDE_25.6.136/ide/plugins/com.nxp.mcuxpresso.tools.win32_25.6.0.202501151204/tools/bin/../lib/gcc/arm-none-eabi/14.2.1/../../../../arm-none-eabi/lib/thumb/v6-m/nofp\libcr_c.a(fflush.o)
                0x000056a0                fflush
 .text.fseek    0x000056e0       0xec C:/nxp/MCUXpressoIDE_25.6.136/ide/plugins/com.nxp.mcuxpresso.tools.win32_25.6.0.202501151204/tools/bin/../lib/gcc/arm-none-eabi/14.2.1/../../../../arm-none-eabi/lib/thumb/v6-m/nofp\libcr_c.a(fseek.o)
                0x000056e0                fseek
 .text.ftell    0x000057cc       0x4c C:/nxp/MCUXpressoIDE_25.6.136/ide/plugins/com.nxp.mcuxpresso.tools.win32_25.6.0.202501151204/tools/bin/../lib/gcc/arm-none-eabi/14.2.1/../../../../arm-none-eabi/lib/thumb/v6-m/nofp\libcr_c.a(ftell.o)
                0x000057cc                ftell
 .text.__check_heap_overflow
                0x00005818       0x18 C:/nxp/MCUXpressoIDE_25.6.136/ide/plugins/com.nxp.mcuxpresso.tools.win32_25.6.0.202501151204/tools/bin/../lib/gcc/arm-none-eabi/14.2.1/../../../../arm-none-eabi/lib/thumb/v6-m/nofp\libcr_c.a(_cr_check_heap.o)
                0x00005818                __check_heap_overflow
 .text._do_fflush
                0x00005830       0x48 C:/nxp/MCUXpressoIDE_25.6.136/ide/plugins/com.nxp.mcuxpresso.tools.win32_25.6.0.202501151204/tools/bin/../lib/gcc/arm-none-eabi/14.2.1/../../../../arm-none-eabi/lib/thumb/v6-m/nofp\libcr_c.a(_do_fflush.o)
                0x00005830                _do_fflush
 .text.__aeabi_fmul
                0x00005878       0xcc C:/nxp/MCUXpressoIDE_25.6.136/ide/plugins/com.nxp.mcuxpresso.tools.win32_25.6.0.202501151204/tools/bin/../lib/gcc/arm-none-eabi/14.2.1/thumb/v6-m/nofp\libcr_eabihelpers.a(float.o)
                0x00005878                __aeabi_fmul
 .text.__aeabi_fdiv
                0x00005944       0xf0 C:/nxp/MCUXpressoIDE_25.6.136/ide/plugins/com.nxp.mcuxpresso.tools.win32_25.6.0.202501151204/tools/bin/../lib/gcc/arm-none-eabi/14.2.1/thumb/v6-m/nofp\libcr_eabihelpers.a(float.o)
                0x00005944                __aeabi_fdiv
 .text.__aeabi_fsub
                0x00005a34      0x124 C:/nxp/MCUXpressoIDE_25.6.136/ide/plugins/com.nxp.mcuxpresso.tools.win32_25.6.0.202501151204/tools/bin/../lib/gcc/arm-none-eabi/14.2.1/thumb/v6-m/nofp\libcr_eabihelpers.a(float.o)
                0x00005a34                __aeabi_fsub
 .text.__aeabi_fadd
                0x00005b58       0xb0 C:/nxp/MCUXpressoIDE_25.6.136/ide/plugins/com.nxp.mcuxpresso.tools.win32_25.6.0.202501151204/tools/bin/../lib/gcc/arm-none-eabi/14.2.1/thumb/v6-m/nofp\libcr_eabihelpers.a(float.o)
                0x00005b58                __aeabi_fadd
 .text.__aeabi_f2iz
                0x00005c08       0x34 C:/nxp/MCUXpressoIDE_25.6.136/ide/plugins/com.nxp.mcuxpresso.tools.win32_25.6.0.202501151204/tools/bin/../lib/gcc/arm-none-eabi/14.2.1/thumb/v6-m/nofp\libcr_eabihelpers.a(float.o)
                0x00005c08                __aeabi_f2iz
 .text.PrintGetWidth
                0x00005c3c       0x7c ./utilities/str/fsl_str.o
 .text.PrintGetPrecision
                0x00005cb8       0xa0 ./utilities/str/fsl_str.o
 .text.PrintIsobpu
                0x00005d58       0x3e ./utilities/str/fsl_str.o
 .text.PrintIsdi
                0x00005d96       0x2e ./utilities/str/fsl_str.o
 .text.PrintOutputdifFobpu
                0x00005dc4       0x48 ./utilities/str/fsl_str.o
 .text.PrintOutputxX
                0x00005e0c       0x48 ./utilities/str/fsl_str.o
 .text.PrintIsfF
                0x00005e54       0x2e ./utilities/str/fsl_str.o
 .text.PrintIsxX
                0x00005e82       0x2e ./utilities/str/fsl_str.o
 .text.PrintFilterLengthFlag
                0x00005eb0       0x44 ./utilities/str/fsl_str.o
 .text.PrintGetRadixFromobpu
                0x00005ef4       0x58 ./utilities/str/fsl_str.o
 .text.ConvertRadixNumToString
                0x00005f4c       0xc0 ./utilities/str/fsl_str.o
 .text.StrFormatExaminedi
                0x0000600c       0x22 ./utilities/str/fsl_str.o
 .text.StrFormatExaminexX
                0x0000602e       0x22 ./utilities/str/fsl_str.o
 .text.StrFormatExamineobpu
                0x00006050       0x22 ./utilities/str/fsl_str.o
 .text.ConvertPrecisionWidthToLength
                0x00006072       0x22 ./utilities/str/fsl_str.o
 .text.StrFormatPrintf
                0x00006094      0x2d6 ./utilities/str/fsl_str.o
                0x00006094                StrFormatPrintf
 .text.DbgConsole_PrintCallback
                0x0000636a       0x6c ./utilities/debug_console/fsl_debug_console.o
 .text.DbgConsole_Printf
                0x000063d6       0x32 ./utilities/debug_console/fsl_debug_console.o
                0x000063d6                DbgConsole_Printf
 .text.fsl_assert_hook
                0x00006408       0x16 ./utilities/fsl_assert.o
                0x00006408                fsl_assert_hook
 .text.GPIO_PinWrite
                0x0000641e       0x34 ./source/SD2_I2C.o
 .text.i2c_release_bus_delay
                0x00006452       0x28 ./source/SD2_I2C.o
 .text.GPIO_PinWrite
                0x0000647a       0x34 ./source/SD2_board.o
 .text.GPIO_PortSet
                0x000064ae       0x18 ./source/SD2_board.o
 .text.GPIO_PortClear
                0x000064c6       0x18 ./source/SD2_board.o
 .text.GPIO_PortToggle
                0x000064de       0x18 ./source/SD2_board.o
 .text.GPIO_PinRead
                0x000064f6       0x20 ./source/SD2_board.o
 .text.PORT_ClearPinsInterruptFlags
                0x00006516       0x1a ./source/fxls8974.o
 .text.EnableIRQ
                0x00006530       0x36 ./source/main.o
 .text.SysTick_Handler
                0x00006566       0x12 ./source/main.o
                0x00006566                SysTick_Handler
 .text.writeCommand
                0x00006578       0x26 ./source/oled.o
 .text.writeData
                0x0000659e       0x26 ./source/oled.o
 .text.writeDataLen
                0x000065c4       0x5e ./source/oled.o
 .text.runInitSequence
                0x00006622       0xa6 ./source/oled.o
 .text.oled_setContrast
                0x000066c8       0x24 ./source/oled.o
                0x000066c8                oled_setContrast
 .text.oled_putString
                0x000066ec       0x68 ./source/oled.o
                0x000066ec                oled_putString
 .text.LLWU_GetInternalWakeupModuleFlag
                0x00006754       0x32 ./source/power_mode_switch.o
 .text.LPTMR_DisableInterrupts
                0x00006786       0x30 ./source/power_mode_switch.o
 .text.LPTMR_GetEnabledInterrupts
                0x000067b6       0x18 ./source/power_mode_switch.o
 .text.LPTMR_ClearStatusFlags
                0x000067ce       0x1e ./source/power_mode_switch.o
 .text.LPTMR_StopTimer
                0x000067ec       0x2c ./source/power_mode_switch.o
 .text.PORT_ClearPinsInterruptFlags
                0x00006818       0x1a ./source/power_mode_switch.o
 .text.GPIO_PinWrite
                0x00006832       0x34 ./drivers/fsl_gpio.o
 .text.GPIO_PortClockEnable
                0x00006866       0x16 ./drivers/fsl_gpio.o
 .text.I2C_MasterClearStatusFlags
                0x0000687c       0x56 ./drivers/fsl_i2c.o
 .text.I2C_MasterStop
                0x000068d2       0x36 ./drivers/fsl_i2c.o
                0x000068d2                I2C_MasterStop
 .text.I2C_MasterGetStatusFlags
                0x00006908       0x4a ./drivers/fsl_i2c.o
                0x00006908                I2C_MasterGetStatusFlags
 .text.I2C_MasterReadBlocking
                0x00006952       0xcc ./drivers/fsl_i2c.o
                0x00006952                I2C_MasterReadBlocking
 .text.LLWU_GetExternalWakeupPinFlag
                0x00006a1e       0x74 ./drivers/fsl_llwu.o
                0x00006a1e                LLWU_GetExternalWakeupPinFlag
 .text.LLWU_ClearExternalWakeupPinFlag
                0x00006a92       0x4c ./drivers/fsl_llwu.o
                0x00006a92                LLWU_ClearExternalWakeupPinFlag
 .text.EnableIRQ
                0x00006ade       0x36 ./drivers/fsl_spi.o
 .text.SPI_ReadNonBlocking
                0x00006b14       0x88 ./drivers/fsl_spi.o
 .text.SPI_SendTransfer
                0x00006b9c      0x126 ./drivers/fsl_spi.o
 .text.SPI_ReceiveTransfer
                0x00006cc2       0xc2 ./drivers/fsl_spi.o
 .text.SPI_MasterSetBaudRate
                0x00006d84       0xc0 ./drivers/fsl_spi.o
                0x00006d84                SPI_MasterSetBaudRate
 .text.SPI_ReadData
                0x00006e44       0x3a ./drivers/fsl_spi.o
                0x00006e44                SPI_ReadData
 .text.SystemInitHook
                0x00006e7e        0xa ./device/system_MCXC444.o
                0x00006e7e                SystemInitHook
 .text.DisableGlobalIRQ
                0x00006e88       0x1e ./component/serial_manager/fsl_component_serial_manager.o
 .text.EnableGlobalIRQ
                0x00006ea6       0x1c ./component/serial_manager/fsl_component_serial_manager.o
 .text.SerialManager_Write
                0x00006ec2       0x44 ./component/serial_manager/fsl_component_serial_manager.o
 .text.SerialManager_OpenWriteHandle
                0x00006f06       0x56 ./component/serial_manager/fsl_component_serial_manager.o
                0x00006f06                SerialManager_OpenWriteHandle
 .text.SerialManager_WriteBlocking
                0x00006f5c       0x22 ./component/serial_manager/fsl_component_serial_manager.o
                0x00006f5c                SerialManager_WriteBlocking
 .text.Serial_UartInit
                0x00006f7e       0x4e ./component/serial_manager/fsl_component_serial_port_uart.o
                0x00006f7e                Serial_UartInit
 .text.Serial_UartWrite
                0x00006fcc       0x38 ./component/serial_manager/fsl_component_serial_port_uart.o
                0x00006fcc                Serial_UartWrite
 .text.BOARD_InitDebugConsole
                0x00007004       0x2c ./board/board.o
                0x00007004                BOARD_InitDebugConsole
 .text.BOARD_InitBootClocks
                0x00007030        0xe ./board/clock_config.o
                0x00007030                BOARD_InitBootClocks
 .text.GPIO_PinWrite
                0x0000703e       0x34 ./board/hardware_init.o
 .text.BOARD_InitHardware
                0x00007072       0x1e ./board/hardware_init.o
                0x00007072                BOARD_InitHardware
 .text.i2c_release_bus_delay
                0x00007090       0x28 ./board/hardware_init.o
 .text.__main   0x000070b8        0xc C:/nxp/MCUXpressoIDE_25.6.136/ide/plugins/com.nxp.mcuxpresso.tools.win32_25.6.0.202501151204/tools/bin/../lib/gcc/arm-none-eabi/14.2.1/../../../../arm-none-eabi/lib/thumb/v6-m/nofp\libcr_nohost.a(_cr__main.o)
                0x000070b8                __main
 .text.memcpy   0x000070c4        0x8 C:/nxp/MCUXpressoIDE_25.6.136/ide/plugins/com.nxp.mcuxpresso.tools.win32_25.6.0.202501151204/tools/bin/../lib/gcc/arm-none-eabi/14.2.1/../../../../arm-none-eabi/lib/thumb/v6-m/nofp\libcr_c.a(memcpy.o)
                0x000070c4                memcpy
 .text.memset   0x000070cc        0x8 C:/nxp/MCUXpressoIDE_25.6.136/ide/plugins/com.nxp.mcuxpresso.tools.win32_25.6.0.202501151204/tools/bin/../lib/gcc/arm-none-eabi/14.2.1/../../../../arm-none-eabi/lib/thumb/v6-m/nofp\libcr_c.a(memset.o)
                0x000070cc                memset
 .text.free     0x000070d4       0x2c C:/nxp/MCUXpressoIDE_25.6.136/ide/plugins/com.nxp.mcuxpresso.tools.win32_25.6.0.202501151204/tools/bin/../lib/gcc/arm-none-eabi/14.2.1/../../../../arm-none-eabi/lib/thumb/v6-m/nofp\libcr_c.a(alloc.o)
                0x000070d4                free
 .text.no_fp_display
                0x00007100        0x4 C:/nxp/MCUXpressoIDE_25.6.136/ide/plugins/com.nxp.mcuxpresso.tools.win32_25.6.0.202501151204/tools/bin/../lib/gcc/arm-none-eabi/14.2.1/../../../../arm-none-eabi/lib/thumb/v6-m/nofp\libcr_c.a(printf.o)
 .text.remove   0x00007104       0x12 C:/nxp/MCUXpressoIDE_25.6.136/ide/plugins/com.nxp.mcuxpresso.tools.win32_25.6.0.202501151204/tools/bin/../lib/gcc/arm-none-eabi/14.2.1/../../../../arm-none-eabi/lib/thumb/v6-m/nofp\libcr_c.a(remove.o)
                0x00007104                remove
 .text.__aeabi_division_idivmod
                0x00007116       0x78 C:/nxp/MCUXpressoIDE_25.6.136/ide/plugins/com.nxp.mcuxpresso.tools.win32_25.6.0.202501151204/tools/bin/../lib/gcc/arm-none-eabi/14.2.1/thumb/v6-m/nofp\libcr_eabihelpers.a(division_32.o)
                0x00007116                __aeabi_idivmod
                0x00007116                __aeabi_idiv
                0x0000711c                __aeabi_uidivmod
                0x0000711c                __aeabi_uidiv
 .text.__aeabi_division_idiv0
                0x0000718e        0x2 C:/nxp/MCUXpressoIDE_25.6.136/ide/plugins/com.nxp.mcuxpresso.tools.win32_25.6.0.202501151204/tools/bin/../lib/gcc/arm-none-eabi/14.2.1/thumb/v6-m/nofp\libcr_eabihelpers.a(division_idiv0.o)
                0x0000718e                __aeabi_idiv0
 .text.__bhs_ui2f
                0x00007190       0x60 C:/nxp/MCUXpressoIDE_25.6.136/ide/plugins/com.nxp.mcuxpresso.tools.win32_25.6.0.202501151204/tools/bin/../lib/gcc/arm-none-eabi/14.2.1/thumb/v6-m/nofp\libcr_eabihelpers.a(float.o)
                0x00007190                __bhs_ui2f
 .text.__aeabi_i2f
                0x000071f0       0x18 C:/nxp/MCUXpressoIDE_25.6.136/ide/plugins/com.nxp.mcuxpresso.tools.win32_25.6.0.202501151204/tools/bin/../lib/gcc/arm-none-eabi/14.2.1/thumb/v6-m/nofp\libcr_eabihelpers.a(float.o)
                0x000071f0                __aeabi_i2f
 .text.__aeabi_fcmplt
                0x00007208       0x42 C:/nxp/MCUXpressoIDE_25.6.136/ide/plugins/com.nxp.mcuxpresso.tools.win32_25.6.0.202501151204/tools/bin/../lib/gcc/arm-none-eabi/14.2.1/thumb/v6-m/nofp\libcr_eabihelpers.a(float.o)
                0x00007208                __aeabi_fcmplt
 .text.__aeabi_fcmpgt
                0x0000724a       0x3c C:/nxp/MCUXpressoIDE_25.6.136/ide/plugins/com.nxp.mcuxpresso.tools.win32_25.6.0.202501151204/tools/bin/../lib/gcc/arm-none-eabi/14.2.1/thumb/v6-m/nofp\libcr_eabihelpers.a(float.o)
                0x0000724a                __aeabi_fcmpgt
 .text.__aeabi_fcmple
                0x00007286       0x44 C:/nxp/MCUXpressoIDE_25.6.136/ide/plugins/com.nxp.mcuxpresso.tools.win32_25.6.0.202501151204/tools/bin/../lib/gcc/arm-none-eabi/14.2.1/thumb/v6-m/nofp\libcr_eabihelpers.a(float.o)
                0x00007286                __aeabi_fcmple
 .text.__aeabi_llong_lmul
                0x000072ca       0x2e C:/nxp/MCUXpressoIDE_25.6.136/ide/plugins/com.nxp.mcuxpresso.tools.win32_25.6.0.202501151204/tools/bin/../lib/gcc/arm-none-eabi/14.2.1/thumb/v6-m/nofp\libcr_eabihelpers.a(llong.o)
                0x000072ca                __aeabi_lmul
 .text.__aeabi_memcpy
                0x000072f8       0x2c C:/nxp/MCUXpressoIDE_25.6.136/ide/plugins/com.nxp.mcuxpresso.tools.win32_25.6.0.202501151204/tools/bin/../lib/gcc/arm-none-eabi/14.2.1/thumb/v6-m/nofp\libcr_eabihelpers.a(memcpy.o)
                0x000072f8                __aeabi_memcpy4
                0x000072f8                __aeabi_memcpy8
                0x000072f8                __aeabi_memcpy
 .text.__aeabi_memset_lowlevel
                0x00007324       0x2a C:/nxp/MCUXpressoIDE_25.6.136/ide/plugins/com.nxp.mcuxpresso.tools.win32_25.6.0.202501151204/tools/bin/../lib/gcc/arm-none-eabi/14.2.1/thumb/v6-m/nofp\libcr_eabihelpers.a(memcpy.o)
                0x00007324                __aeabi_lowlevel_memset
 .text.__gnu_thumb1_case_uqi
                0x0000734e       0x10 C:/nxp/MCUXpressoIDE_25.6.136/ide/plugins/com.nxp.mcuxpresso.tools.win32_25.6.0.202501151204/tools/bin/../lib/gcc/arm-none-eabi/14.2.1/thumb/v6-m/nofp\libcr_eabihelpers.a(thumb1_switch_helpers.o)
                0x0000734e                __gnu_thumb1_case_uqi
 .text.__gnu_thumb1_case_uhi
                0x0000735e       0x10 C:/nxp/MCUXpressoIDE_25.6.136/ide/plugins/com.nxp.mcuxpresso.tools.win32_25.6.0.202501151204/tools/bin/../lib/gcc/arm-none-eabi/14.2.1/thumb/v6-m/nofp\libcr_eabihelpers.a(thumb1_switch_helpers.o)
                0x0000735e                __gnu_thumb1_case_uhi
 .text.__sys_appexit
                0x0000736e        0x2 C:/nxp/MCUXpressoIDE_25.6.136/ide/plugins/com.nxp.mcuxpresso.tools.win32_25.6.0.202501151204/tools/bin/../lib/gcc/arm-none-eabi/14.2.1/../../../../arm-none-eabi/lib/thumb/v6-m/nofp\libcr_nohost.a(__sys_appexit.o)
                0x0000736e                __sys_appexit
                0x0000736e                __exit
 .text.__sys_close
                0x00007370        0x6 C:/nxp/MCUXpressoIDE_25.6.136/ide/plugins/com.nxp.mcuxpresso.tools.win32_25.6.0.202501151204/tools/bin/../lib/gcc/arm-none-eabi/14.2.1/../../../../arm-none-eabi/lib/thumb/v6-m/nofp\libcr_nohost.a(__sys_close.o)
                0x00007370                __sys_close
 .text.__sys_flen
                0x00007376        0x6 C:/nxp/MCUXpressoIDE_25.6.136/ide/plugins/com.nxp.mcuxpresso.tools.win32_25.6.0.202501151204/tools/bin/../lib/gcc/arm-none-eabi/14.2.1/../../../../arm-none-eabi/lib/thumb/v6-m/nofp\libcr_nohost.a(__sys_flen.o)
                0x00007376                __sys_flen
 .text.__sys_istty
                0x0000737c        0x6 C:/nxp/MCUXpressoIDE_25.6.136/ide/plugins/com.nxp.mcuxpresso.tools.win32_25.6.0.202501151204/tools/bin/../lib/gcc/arm-none-eabi/14.2.1/../../../../arm-none-eabi/lib/thumb/v6-m/nofp\libcr_nohost.a(__sys_istty.o)
                0x0000737c                __sys_istty
 .text.__sys_remove
                0x00007382        0x6 C:/nxp/MCUXpressoIDE_25.6.136/ide/plugins/com.nxp.mcuxpresso.tools.win32_25.6.0.202501151204/tools/bin/../lib/gcc/arm-none-eabi/14.2.1/../../../../arm-none-eabi/lib/thumb/v6-m/nofp\libcr_nohost.a(__sys_remove.o)
                0x00007382                __sys_remove
 .text.__sys_seek
                0x00007388        0x6 C:/nxp/MCUXpressoIDE_25.6.136/ide/plugins/com.nxp.mcuxpresso.tools.win32_25.6.0.202501151204/tools/bin/../lib/gcc/arm-none-eabi/14.2.1/../../../../arm-none-eabi/lib/thumb/v6-m/nofp\libcr_nohost.a(__sys_seek.o)
                0x00007388                __sys_seek
 .text.__sys_tmpnam
                0x0000738e        0x6 C:/nxp/MCUXpressoIDE_25.6.136/ide/plugins/com.nxp.mcuxpresso.tools.win32_25.6.0.202501151204/tools/bin/../lib/gcc/arm-none-eabi/14.2.1/../../../../arm-none-eabi/lib/thumb/v6-m/nofp\libcr_nohost.a(__sys_tmpnam.o)
                0x0000738e                __sys_tmpnam
 .text.__sys_write
                0x00007394        0x4 C:/nxp/MCUXpressoIDE_25.6.136/ide/plugins/com.nxp.mcuxpresso.tools.win32_25.6.0.202501151204/tools/bin/../lib/gcc/arm-none-eabi/14.2.1/../../../../arm-none-eabi/lib/thumb/v6-m/nofp\libcr_nohost.a(__sys_write.o)
                0x00007394                __sys_write
 *(SORT_BY_ALIGNMENT(.rodata) SORT_BY_ALIGNMENT(.rodata.*) SORT_BY_ALIGNMENT(.constdata) SORT_BY_ALIGNMENT(.constdata.*))
 .rodata.__assertion_failed.str1.4
                0x00007398      0x61f ./utilities/fsl_assert.o
                                 0x14 (size before relaxing)
 .rodata.MEF_acelerometro.str1.4
                0x000079b7       0x18 ./source/MEF_acelerometro.o
 .rodata.PORT_SetPinConfig.str1.4
                0x000079b7       0x62 ./source/SD2_I2C.o
 .rodata.PORT_SetPinConfig.str1.4
                0x000079b7       0x62 ./source/SD2_board.o
 *fill*         0x000079b7        0x1 ff
 .rodata.board_gpioLeds
                0x000079b8       0x24 ./source/SD2_board.o
 .rodata.board_gpioSw
                0x000079dc       0x18 ./source/SD2_board.o
 .rodata.board_gpioOled
                0x000079f4       0x18 ./source/SD2_board.o
 .rodata        0x00007a0c        0x2 ./source/SD2_board.o
 *fill*         0x00007a0e        0x2 ff
 .rodata        0x00007a10        0xe ./source/clock_mcglite.o
 *fill*         0x00007a1e        0x2 ff
 .rodata.font5x7
                0x00007a20      0x300 ./source/font5x7.o
                0x00007a20                font5x7
 .rodata.PORT_SetPinConfig.str1.4
                0x00007d20       0x62 ./source/fxls8974.o
 .rodata.font_mask
                0x00007d20        0x8 ./source/oled.o
 .rodata.oled_inform_max_acc.str1.4
                0x00007d28       0x15 ./source/oled.o
 .rodata.CLOCK_GetOsc0ErClkFreq.str1.4
                0x00007d28       0x1e ./drivers/fsl_clock.o
 .rodata.CLOCK_GetEr32kClkFreq.str1.4
                0x00007d28       0x1f ./drivers/fsl_clock.o
 .rodata.CLOCK_GetFreq
                0x00007d28       0x50 ./drivers/fsl_clock.o
 .rodata.CLOCK_GetOutClkFreq.str1.4
                0x00007d78       0x1e ./drivers/fsl_clock.o
 .rodata.CLOCK_SetMcgliteConfig.str1.4
                0x00007d78       0x1f ./drivers/fsl_clock.o
 .rodata.lircFreqs.0
                0x00007d78        0x8 ./drivers/fsl_clock.o
 .rodata.GPIO_PinInit.str1.4
                0x00007d80       0x20 ./drivers/fsl_gpio.o
 .rodata.s_i2cDividerTable
                0x00007d80       0x80 ./drivers/fsl_i2c.o
 .rodata.s_i2cClocks
                0x00007e00        0x8 ./drivers/fsl_i2c.o
 .rodata.s_i2cBases
                0x00007e08        0x8 ./drivers/fsl_i2c.o
 .rodata.I2C_GetInstance.str1.4
                0x00007e10       0x32 ./drivers/fsl_i2c.o
 .rodata.I2C_MasterInit.str1.4
                0x00007e10       0x4a ./drivers/fsl_i2c.o
 .rodata.I2C_MasterGetDefaultConfig.str1.4
                0x00007e10       0x25 ./drivers/fsl_i2c.o
 .rodata.I2C_MasterTransferBlocking.str1.4
                0x00007e10       0x1e ./drivers/fsl_i2c.o
 .rodata.s_lpuartBases
                0x00007e10        0x8 ./drivers/fsl_lpuart.o
 .rodata.s_lpuartClock
                0x00007e18        0x8 ./drivers/fsl_lpuart.o
 .rodata.LPUART_GetInstance.str1.4
                0x00007e20       0x38 ./drivers/fsl_lpuart.o
 .rodata.LPUART_Init.str1.4
                0x00007e20       0x51 ./drivers/fsl_lpuart.o
 .rodata.LPUART_GetDefaultConfig.str1.4
                0x00007e20       0x22 ./drivers/fsl_lpuart.o
 .rodata.LPUART_WriteBlocking.str1.4
                0x00007e20       0x21 ./drivers/fsl_lpuart.o
 .rodata.s_spiBases
                0x00007e20        0x8 ./drivers/fsl_spi.o
 .rodata.s_spiIRQ
                0x00007e28        0x2 ./drivers/fsl_spi.o
 *fill*         0x00007e2a        0x2 ff
 .rodata.s_spiClock
                0x00007e2c        0x8 ./drivers/fsl_spi.o
 .rodata.SPI_GetInstance.str1.4
                0x00007e34       0x32 ./drivers/fsl_spi.o
 .rodata.SPI_GetWatermark.str1.4
                0x00007e34       0x36 ./drivers/fsl_spi.o
 .rodata.SPI_SendInitialTransfer.str1.4
                0x00007e34       0x1d ./drivers/fsl_spi.o
 .rodata.SPI_MasterInit.str1.4
                0x00007e34       0x38 ./drivers/fsl_spi.o
 .rodata.SPI_MasterTransferCreateHandle.str1.4
                0x00007e34       0x20 ./drivers/fsl_spi.o
 .rodata.SPI_MasterTransferNonBlocking.str1.4
                0x00007e34       0x34 ./drivers/fsl_spi.o
 .rodata.SPI_MasterTransferAbort.str1.4
                0x00007e34       0x20 ./drivers/fsl_spi.o
 .rodata.SPI_MasterTransferHandleIRQ.str1.4
                0x00007e34       0x20 ./drivers/fsl_spi.o
 .rodata.SPI0_DriverIRQHandler.str1.4
                0x00007e34       0x28 ./drivers/fsl_spi.o
 .rodata.SPI1_DriverIRQHandler.str1.4
                0x00007e34       0x28 ./drivers/fsl_spi.o
 .rodata.s_LpuartAdapterBase
                0x00007e34        0x8 ./component/uart/fsl_adapter_lpuart.o
 .rodata.HAL_UartInit.str1.4
                0x00007e3c      0x116 ./component/uart/fsl_adapter_lpuart.o
 .rodata.HAL_UartSendBlocking.str1.4
                0x00007e3c       0x7b ./component/uart/fsl_adapter_lpuart.o
 .rodata.mcgliteConfig_BOARD_BootClockRUN
                0x00007e3c        0x6 ./board/clock_config.o
                0x00007e3c                mcgliteConfig_BOARD_BootClockRUN
 *fill*         0x00007e42        0x2 ff
 .rodata.simConfig_BOARD_BootClockRUN
                0x00007e44        0x8 ./board/clock_config.o
                0x00007e44                simConfig_BOARD_BootClockRUN
 .rodata.PORT_SetPinConfig.str1.4
                0x00007e4c       0x62 ./board/hardware_init.o
 .rodata.PORT_SetPinConfig.str1.4
                0x00007e4c       0x62 ./board/pin_mux.o
 .rodata.__num_Ciob_streams
                0x00007e4c        0x4 C:/nxp/MCUXpressoIDE_25.6.136/ide/plugins/com.nxp.mcuxpresso.tools.win32_25.6.0.202501151204/tools/bin/../lib/gcc/arm-none-eabi/14.2.1/../../../../arm-none-eabi/lib/thumb/v6-m/nofp\libcr_nohost.a(__ciob.o)
                0x00007e4c                __num_Ciob_streams
 .rodata._Csys_alloc.str1.1
                0x00007e50       0x53 C:/nxp/MCUXpressoIDE_25.6.136/ide/plugins/com.nxp.mcuxpresso.tools.win32_25.6.0.202501151204/tools/bin/../lib/gcc/arm-none-eabi/14.2.1/../../../../arm-none-eabi/lib/thumb/v6-m/nofp\libcr_c.a(alloc.o)
                                 0x18 (size before relaxing)
 .rodata._initio.str1.1
                0x00007ea3        0x4 C:/nxp/MCUXpressoIDE_25.6.136/ide/plugins/com.nxp.mcuxpresso.tools.win32_25.6.0.202501151204/tools/bin/../lib/gcc/arm-none-eabi/14.2.1/../../../../arm-none-eabi/lib/thumb/v6-m/nofp\libcr_c.a(initio.o)
 .rodata.__vfprintf.str1.1
                0x00007ea3       0x38 C:/nxp/MCUXpressoIDE_25.6.136/ide/plugins/com.nxp.mcuxpresso.tools.win32_25.6.0.202501151204/tools/bin/../lib/gcc/arm-none-eabi/14.2.1/../../../../arm-none-eabi/lib/thumb/v6-m/nofp\libcr_c.a(printf.o)
                0x00007edc                        . = ALIGN (0x4)
 *fill*         0x00007ea3        0x1 ff

.glue_7         0x00007ea4        0x0
 .glue_7        0x00007ea4        0x0 linker stubs

.glue_7t        0x00007ea4        0x0
 .glue_7t       0x00007ea4        0x0 linker stubs

.vfp11_veneer   0x00007ea4        0x0
 .vfp11_veneer  0x00007ea4        0x0 linker stubs

.v4_bx          0x00007ea4        0x0
 .v4_bx         0x00007ea4        0x0 linker stubs

.iplt           0x00007ea4        0x0
 .iplt          0x00007ea4        0x0 ./utilities/str/fsl_str.o

.rel.dyn        0x00007ea4        0x0
 .rel.iplt      0x00007ea4        0x0 ./utilities/str/fsl_str.o

.ARM.extab
 *(SORT_BY_ALIGNMENT(.ARM.extab*) SORT_BY_ALIGNMENT(.gnu.linkonce.armextab.*))

.ARM.exidx      0x00007ea4        0x0
                0x00007ea4                        __exidx_start = .
 *(SORT_BY_ALIGNMENT(.ARM.exidx*) SORT_BY_ALIGNMENT(.gnu.linkonce.armexidx.*))
                0x00007ea4                        __exidx_end = .
                0x00007ea4                        _etext = .

.mtb_buffer_default
                0x1fffe000       0x80
 *(SORT_BY_ALIGNMENT(.mtb*))
 .mtb.$RAM1     0x1fffe000       0x80 ./source/mtb.o
                0x1fffe000                __mtb_buffer__

.uninit_RESERVED
                0x1fffe080        0x0
                0x1fffe080                        _start_uninit_RESERVED = .
 *(SORT_BY_ALIGNMENT(.bss.$RESERVED*))
                0x1fffe080                        . = ALIGN (0x4)
                0x1fffe080                        _end_uninit_RESERVED = .

.data           0x1fffe080        0x4 load address 0x00007ea4
 FILL mask 0xff
                0x1fffe080                        _data = .
                [!provide]                        PROVIDE (__start_data_RAM = .)
                [!provide]                        PROVIDE (__start_data_SRAM = .)
 *(SORT_BY_ALIGNMENT(vtable))
 *(SORT_BY_ALIGNMENT(.ramfunc*))
 *(SORT_BY_ALIGNMENT(CodeQuickAccess))
 *(SORT_BY_ALIGNMENT(DataQuickAccess))
 *(SORT_BY_ALIGNMENT(RamFunction))
 *(SORT_BY_ALIGNMENT(.data*))
 .data.SystemCoreClock
                0x1fffe080        0x4 ./device/system_MCXC444.o
                0x1fffe080                SystemCoreClock
                0x1fffe084                        . = ALIGN (0x4)
                0x1fffe084                        _edata = .
                [!provide]                        PROVIDE (__end_data_RAM = .)
                [!provide]                        PROVIDE (__end_data_SRAM = .)

.igot.plt       0x1fffe084        0x0 load address 0x00007ea8
 .igot.plt      0x1fffe084        0x0 ./utilities/str/fsl_str.o

.bss            0x1fffe084      0x68c
                0x1fffe084                        _bss = .
                [!provide]                        PROVIDE (__start_bss_RAM = .)
                [!provide]                        PROVIDE (__start_bss_SRAM = .)
 *(SORT_BY_ALIGNMENT(.bss*))
 .bss.s_debugConsoleState
                0x1fffe084       0x20 ./utilities/debug_console/fsl_debug_console.o
 .bss.g_serialHandle
                0x1fffe0a4        0x4 ./utilities/debug_console/fsl_debug_console.o
                0x1fffe0a4                g_serialHandle
 .bss.count_1ms_blink
                0x1fffe0a8        0x4 ./source/MEF_acelerometro.o
 .bss.count_1ms_informando
                0x1fffe0ac        0x4 ./source/MEF_acelerometro.o
 .bss.aceleracion_actual
                0x1fffe0b0        0x4 ./source/MEF_acelerometro.o
                0x1fffe0b0                aceleracion_actual
 .bss.aceleracion_maxima
                0x1fffe0b4        0x4 ./source/MEF_acelerometro.o
                0x1fffe0b4                aceleracion_maxima
 .bss.handle    0x1fffe0b8       0x24 ./source/SD2_board.o
 .bss.estSW     0x1fffe0dc        0x2 ./source/key.o
 *fill*         0x1fffe0de        0x2 
 .bss.eventSW   0x1fffe0e0        0x2 ./source/key.o
 *fill*         0x1fffe0e2        0x2 
 .bss.shadowFB  0x1fffe0e4      0x400 ./source/oled.o
 .bss.g_xtal0Freq
                0x1fffe4e4        0x4 ./drivers/fsl_clock.o
                0x1fffe4e4                g_xtal0Freq
 .bss.g_xtal32Freq
                0x1fffe4e8        0x4 ./drivers/fsl_clock.o
                0x1fffe4e8                g_xtal32Freq
 .bss.s_i2cHandle
                0x1fffe4ec        0x8 ./drivers/fsl_i2c.o
 .bss.s_i2cMasterIsr
                0x1fffe4f4        0x4 ./drivers/fsl_i2c.o
 .bss.s_i2cSlaveIsr
                0x1fffe4f8        0x4 ./drivers/fsl_i2c.o
 .bss.s_lpuartHandle
                0x1fffe4fc        0x8 ./drivers/fsl_lpuart.o
                0x1fffe4fc                s_lpuartHandle
 .bss.s_lpuartIsr
                0x1fffe504        0x8 ./drivers/fsl_lpuart.o
                0x1fffe504                s_lpuartIsr
 .bss.s_spiHandle
                0x1fffe50c        0x8 ./drivers/fsl_spi.o
 .bss.s_spiMasterIsr
                0x1fffe514        0x4 ./drivers/fsl_spi.o
 .bss.s_spiSlaveIsr
                0x1fffe518        0x4 ./drivers/fsl_spi.o
 .bss.g_spiDummyData
                0x1fffe51c        0x2 ./drivers/fsl_spi.o
                0x1fffe51c                g_spiDummyData
 *fill*         0x1fffe51e        0x2 
 .bss.errno     0x1fffe520        0x4 C:/nxp/MCUXpressoIDE_25.6.136/ide/plugins/com.nxp.mcuxpresso.tools.win32_25.6.0.202501151204/tools/bin/../lib/gcc/arm-none-eabi/14.2.1/../../../../arm-none-eabi/lib/thumb/v6-m/nofp\libcr_c.a(errno.o)
                0x1fffe520                errno
 .bss.__end_of_heap
                0x1fffe524        0x4 C:/nxp/MCUXpressoIDE_25.6.136/ide/plugins/com.nxp.mcuxpresso.tools.win32_25.6.0.202501151204/tools/bin/../lib/gcc/arm-none-eabi/14.2.1/../../../../arm-none-eabi/lib/thumb/v6-m/nofp\libcr_c.a(__init_alloc.o)
                0x1fffe524                __end_of_heap
 .bss.__heaps   0x1fffe528        0x4 C:/nxp/MCUXpressoIDE_25.6.136/ide/plugins/com.nxp.mcuxpresso.tools.win32_25.6.0.202501151204/tools/bin/../lib/gcc/arm-none-eabi/14.2.1/../../../../arm-none-eabi/lib/thumb/v6-m/nofp\libcr_c.a(__init_alloc.o)
                0x1fffe528                __heaps
 .bss.__Ciob    0x1fffe52c      0x1e0 C:/nxp/MCUXpressoIDE_25.6.136/ide/plugins/com.nxp.mcuxpresso.tools.win32_25.6.0.202501151204/tools/bin/../lib/gcc/arm-none-eabi/14.2.1/../../../../arm-none-eabi/lib/thumb/v6-m/nofp\libcr_nohost.a(__ciob.o)
                0x1fffe52c                __Ciob
 .bss.s_debugConsoleReadWaitSemaphore
                0x1fffe70c        0x1 ./utilities/debug_console/fsl_debug_console.o
 .bss.EST_MEF_acelerometro
                0x1fffe70d        0x1 ./source/MEF_acelerometro.o
 .bss.booted    0x1fffe70e        0x1 ./source/fxls8974.o
 .bss.freefall_detected
                0x1fffe70f        0x1 ./source/fxls8974.o
 *(SORT_BY_ALIGNMENT(COMMON))
                0x1fffe710                        . = ALIGN (0x4)
                0x1fffe710                        _ebss = .
                [!provide]                        PROVIDE (__end_bss_RAM = .)
                [!provide]                        PROVIDE (__end_bss_SRAM = .)
                [!provide]                        PROVIDE (end = .)

.noinit         0x1fffe710        0x0
                0x1fffe710                        _noinit = .
                [!provide]                        PROVIDE (__start_noinit_RAM = .)
                [!provide]                        PROVIDE (__start_noinit_SRAM = .)
 *(SORT_BY_ALIGNMENT(.noinit*))
                0x1fffe710                        . = ALIGN (0x4)
                0x1fffe710                        _end_noinit = .
                [!provide]                        PROVIDE (__end_noinit_RAM = .)
                [!provide]                        PROVIDE (__end_noinit_SRAM = .)
                0x00000800                        _HeapSize = 0x800

.heap           0x1fffe710      0x800
                0x1fffe710                        _pvHeapStart = .
                0x1fffef10                        . = (. + _HeapSize)
 *fill*         0x1fffe710      0x800 
                0x1fffef10                        . = ALIGN (0x4)
                0x1fffef10                        _pvHeapLimit = .
                0x00000800                        _StackSize = 0x800

.heap2stackfill
                0x1fffef10      0x800
                0x1ffff710                        . = (. + _StackSize)
 *fill*         0x1fffef10      0x800 

.stack          0x20005800        0x0
                0x20005800                        _vStackBase = .
                0x20005800                        . = ALIGN (0x4)
                0x20006000                        _vStackTop = (. + _StackSize)
                0x00000000                        _image_start = LOADADDR (.text)
                0x00007ea8                        _image_end = (LOADADDR (.data) + SIZEOF (.data))
                0x00007ea8                        _image_size = (_image_end - _image_start)
OUTPUT(SD2_TP2.axf elf32-littlearm)
LOAD linker stubs

.debug_info     0x00000000    0x194ec
 .debug_info    0x00000000      0xd5e ./utilities/str/fsl_str.o
 .debug_info    0x00000d5e      0xe52 ./utilities/debug_console/fsl_debug_console.o
 .debug_info    0x00001bb0      0x12e ./utilities/fsl_assert.o
 .debug_info    0x00001cde      0x686 ./startup/startup_mcxc444.o
 .debug_info    0x00002364      0x5f6 ./source/MEF_acelerometro.o
 .debug_info    0x0000295a      0x878 ./source/SD2_I2C.o
 .debug_info    0x000031d2     0x1271 ./source/SD2_board.o
 .debug_info    0x00004443      0x4cc ./source/clock_mcglite.o
 .debug_info    0x0000490f       0x62 ./source/font5x7.o
 .debug_info    0x00004971     0x18c9 ./source/fxls8974.o
 .debug_info    0x0000623a      0x1ad ./source/key.o
 .debug_info    0x000063e7      0x594 ./source/main.o
 .debug_info    0x0000697b       0x53 ./source/mtb.o
 .debug_info    0x000069ce      0x95f ./source/oled.o
 .debug_info    0x0000732d     0x102e ./source/power_mode_switch.o
 .debug_info    0x0000835b       0x3c ./source/semihost_hardfault.o
 .debug_info    0x00008397     0x138b ./drivers/fsl_clock.o
 .debug_info    0x00009722      0x980 ./drivers/fsl_gpio.o
 .debug_info    0x0000a0a2     0x1ce9 ./drivers/fsl_i2c.o
 .debug_info    0x0000bd8b      0x3df ./drivers/fsl_llwu.o
 .debug_info    0x0000c16a     0x1f47 ./drivers/fsl_lpuart.o
 .debug_info    0x0000e0b1     0x190f ./drivers/fsl_spi.o
 .debug_info    0x0000f9c0      0x42a ./device/system_MCXC444.o
 .debug_info    0x0000fdea      0xb0d ./component/uart/fsl_adapter_lpuart.o
 .debug_info    0x000108f7      0xdc5 ./component/serial_manager/fsl_component_serial_manager.o
 .debug_info    0x000116bc      0x551 ./component/serial_manager/fsl_component_serial_port_uart.o
 .debug_info    0x00011c0d      0x40a ./board/board.o
 .debug_info    0x00012017      0xa90 ./board/clock_config.o
 .debug_info    0x00012aa7      0x5e8 ./board/hardware_init.o
 .debug_info    0x0001308f      0x701 ./board/pin_mux.o
 .debug_info    0x00013790       0x85 C:/nxp/MCUXpressoIDE_25.6.136/ide/plugins/com.nxp.mcuxpresso.tools.win32_25.6.0.202501151204/tools/bin/../lib/gcc/arm-none-eabi/14.2.1/../../../../arm-none-eabi/lib/thumb/v6-m/nofp\libcr_nohost.a(_cr__main.o)
 .debug_info    0x00013815      0x1a7 C:/nxp/MCUXpressoIDE_25.6.136/ide/plugins/com.nxp.mcuxpresso.tools.win32_25.6.0.202501151204/tools/bin/../lib/gcc/arm-none-eabi/14.2.1/../../../../arm-none-eabi/lib/thumb/v6-m/nofp\libcr_c.a(sqrtf.o)
 .debug_info    0x000139bc      0x12b C:/nxp/MCUXpressoIDE_25.6.136/ide/plugins/com.nxp.mcuxpresso.tools.win32_25.6.0.202501151204/tools/bin/../lib/gcc/arm-none-eabi/14.2.1/../../../../arm-none-eabi/lib/thumb/v6-m/nofp\libcr_c.a(memcpy.o)
 .debug_info    0x00013ae7       0xfc C:/nxp/MCUXpressoIDE_25.6.136/ide/plugins/com.nxp.mcuxpresso.tools.win32_25.6.0.202501151204/tools/bin/../lib/gcc/arm-none-eabi/14.2.1/../../../../arm-none-eabi/lib/thumb/v6-m/nofp\libcr_c.a(memset.o)
 .debug_info    0x00013be3      0x526 C:/nxp/MCUXpressoIDE_25.6.136/ide/plugins/com.nxp.mcuxpresso.tools.win32_25.6.0.202501151204/tools/bin/../lib/gcc/arm-none-eabi/14.2.1/../../../../arm-none-eabi/lib/thumb/v6-m/nofp\libcr_c.a(alloc.o)
 .debug_info    0x00014109       0x44 C:/nxp/MCUXpressoIDE_25.6.136/ide/plugins/com.nxp.mcuxpresso.tools.win32_25.6.0.202501151204/tools/bin/../lib/gcc/arm-none-eabi/14.2.1/../../../../arm-none-eabi/lib/thumb/v6-m/nofp\libcr_c.a(errno.o)
 .debug_info    0x0001414d      0x353 C:/nxp/MCUXpressoIDE_25.6.136/ide/plugins/com.nxp.mcuxpresso.tools.win32_25.6.0.202501151204/tools/bin/../lib/gcc/arm-none-eabi/14.2.1/../../../../arm-none-eabi/lib/thumb/v6-m/nofp\libcr_c.a(initio.o)
 .debug_info    0x000144a0     0x12d8 C:/nxp/MCUXpressoIDE_25.6.136/ide/plugins/com.nxp.mcuxpresso.tools.win32_25.6.0.202501151204/tools/bin/../lib/gcc/arm-none-eabi/14.2.1/../../../../arm-none-eabi/lib/thumb/v6-m/nofp\libcr_c.a(printf.o)
 .debug_info    0x00015778      0x1fd C:/nxp/MCUXpressoIDE_25.6.136/ide/plugins/com.nxp.mcuxpresso.tools.win32_25.6.0.202501151204/tools/bin/../lib/gcc/arm-none-eabi/14.2.1/../../../../arm-none-eabi/lib/thumb/v6-m/nofp\libcr_c.a(setvbuf.o)
 .debug_info    0x00015975       0xdd C:/nxp/MCUXpressoIDE_25.6.136/ide/plugins/com.nxp.mcuxpresso.tools.win32_25.6.0.202501151204/tools/bin/../lib/gcc/arm-none-eabi/14.2.1/../../../../arm-none-eabi/lib/thumb/v6-m/nofp\libcr_c.a(strlen.o)
 .debug_info    0x00015a52       0xd4 C:/nxp/MCUXpressoIDE_25.6.136/ide/plugins/com.nxp.mcuxpresso.tools.win32_25.6.0.202501151204/tools/bin/../lib/gcc/arm-none-eabi/14.2.1/../../../../arm-none-eabi/lib/thumb/v6-m/nofp\libcr_c.a(__init_alloc.o)
 .debug_info    0x00015b26      0x107 C:/nxp/MCUXpressoIDE_25.6.136/ide/plugins/com.nxp.mcuxpresso.tools.win32_25.6.0.202501151204/tools/bin/../lib/gcc/arm-none-eabi/14.2.1/../../../../arm-none-eabi/lib/thumb/v6-m/nofp\libcr_c.a(_cr_sbrk.o)
 .debug_info    0x00015c2d      0x391 C:/nxp/MCUXpressoIDE_25.6.136/ide/plugins/com.nxp.mcuxpresso.tools.win32_25.6.0.202501151204/tools/bin/../lib/gcc/arm-none-eabi/14.2.1/../../../../arm-none-eabi/lib/thumb/v6-m/nofp\libcr_c.a(_deferredlazyseek.o)
 .debug_info    0x00015fbe      0x24b C:/nxp/MCUXpressoIDE_25.6.136/ide/plugins/com.nxp.mcuxpresso.tools.win32_25.6.0.202501151204/tools/bin/../lib/gcc/arm-none-eabi/14.2.1/../../../../arm-none-eabi/lib/thumb/v6-m/nofp\libcr_c.a(_fdopen.o)
 .debug_info    0x00016209      0x1ea C:/nxp/MCUXpressoIDE_25.6.136/ide/plugins/com.nxp.mcuxpresso.tools.win32_25.6.0.202501151204/tools/bin/../lib/gcc/arm-none-eabi/14.2.1/../../../../arm-none-eabi/lib/thumb/v6-m/nofp\libcr_c.a(_fflush.o)
 .debug_info    0x000163f3      0x28a C:/nxp/MCUXpressoIDE_25.6.136/ide/plugins/com.nxp.mcuxpresso.tools.win32_25.6.0.202501151204/tools/bin/../lib/gcc/arm-none-eabi/14.2.1/../../../../arm-none-eabi/lib/thumb/v6-m/nofp\libcr_c.a(_writebuf.o)
 .debug_info    0x0001667d      0x325 C:/nxp/MCUXpressoIDE_25.6.136/ide/plugins/com.nxp.mcuxpresso.tools.win32_25.6.0.202501151204/tools/bin/../lib/gcc/arm-none-eabi/14.2.1/../../../../arm-none-eabi/lib/thumb/v6-m/nofp\libcr_c.a(fclose.o)
 .debug_info    0x000169a2      0x210 C:/nxp/MCUXpressoIDE_25.6.136/ide/plugins/com.nxp.mcuxpresso.tools.win32_25.6.0.202501151204/tools/bin/../lib/gcc/arm-none-eabi/14.2.1/../../../../arm-none-eabi/lib/thumb/v6-m/nofp\libcr_c.a(fflush.o)
 .debug_info    0x00016bb2      0x27f C:/nxp/MCUXpressoIDE_25.6.136/ide/plugins/com.nxp.mcuxpresso.tools.win32_25.6.0.202501151204/tools/bin/../lib/gcc/arm-none-eabi/14.2.1/../../../../arm-none-eabi/lib/thumb/v6-m/nofp\libcr_c.a(fseek.o)
 .debug_info    0x00016e31      0x197 C:/nxp/MCUXpressoIDE_25.6.136/ide/plugins/com.nxp.mcuxpresso.tools.win32_25.6.0.202501151204/tools/bin/../lib/gcc/arm-none-eabi/14.2.1/../../../../arm-none-eabi/lib/thumb/v6-m/nofp\libcr_c.a(ftell.o)
 .debug_info    0x00016fc8      0x1d0 C:/nxp/MCUXpressoIDE_25.6.136/ide/plugins/com.nxp.mcuxpresso.tools.win32_25.6.0.202501151204/tools/bin/../lib/gcc/arm-none-eabi/14.2.1/../../../../arm-none-eabi/lib/thumb/v6-m/nofp\libcr_c.a(remove.o)
 .debug_info    0x00017198       0x71 C:/nxp/MCUXpressoIDE_25.6.136/ide/plugins/com.nxp.mcuxpresso.tools.win32_25.6.0.202501151204/tools/bin/../lib/gcc/arm-none-eabi/14.2.1/../../../../arm-none-eabi/lib/thumb/v6-m/nofp\libcr_c.a(_cr_check_heap.o)
 .debug_info    0x00017209      0x241 C:/nxp/MCUXpressoIDE_25.6.136/ide/plugins/com.nxp.mcuxpresso.tools.win32_25.6.0.202501151204/tools/bin/../lib/gcc/arm-none-eabi/14.2.1/../../../../arm-none-eabi/lib/thumb/v6-m/nofp\libcr_c.a(_do_fflush.o)
 .debug_info    0x0001744a     0x1b79 C:/nxp/MCUXpressoIDE_25.6.136/ide/plugins/com.nxp.mcuxpresso.tools.win32_25.6.0.202501151204/tools/bin/../lib/gcc/arm-none-eabi/14.2.1/thumb/v6-m/nofp\libcr_eabihelpers.a(float.o)
 .debug_info    0x00018fc3      0x18b C:/nxp/MCUXpressoIDE_25.6.136/ide/plugins/com.nxp.mcuxpresso.tools.win32_25.6.0.202501151204/tools/bin/../lib/gcc/arm-none-eabi/14.2.1/../../../../arm-none-eabi/lib/thumb/v6-m/nofp\libcr_nohost.a(__ciob.o)
 .debug_info    0x0001914e       0x38 C:/nxp/MCUXpressoIDE_25.6.136/ide/plugins/com.nxp.mcuxpresso.tools.win32_25.6.0.202501151204/tools/bin/../lib/gcc/arm-none-eabi/14.2.1/../../../../arm-none-eabi/lib/thumb/v6-m/nofp\libcr_nohost.a(__sys_appexit.o)
 .debug_info    0x00019186       0x6a C:/nxp/MCUXpressoIDE_25.6.136/ide/plugins/com.nxp.mcuxpresso.tools.win32_25.6.0.202501151204/tools/bin/../lib/gcc/arm-none-eabi/14.2.1/../../../../arm-none-eabi/lib/thumb/v6-m/nofp\libcr_nohost.a(__sys_close.o)
 .debug_info    0x000191f0       0x6a C:/nxp/MCUXpressoIDE_25.6.136/ide/plugins/com.nxp.mcuxpresso.tools.win32_25.6.0.202501151204/tools/bin/../lib/gcc/arm-none-eabi/14.2.1/../../../../arm-none-eabi/lib/thumb/v6-m/nofp\libcr_nohost.a(__sys_flen.o)
 .debug_info    0x0001925a       0x6a C:/nxp/MCUXpressoIDE_25.6.136/ide/plugins/com.nxp.mcuxpresso.tools.win32_25.6.0.202501151204/tools/bin/../lib/gcc/arm-none-eabi/14.2.1/../../../../arm-none-eabi/lib/thumb/v6-m/nofp\libcr_nohost.a(__sys_istty.o)
 .debug_info    0x000192c4       0x8a C:/nxp/MCUXpressoIDE_25.6.136/ide/plugins/com.nxp.mcuxpresso.tools.win32_25.6.0.202501151204/tools/bin/../lib/gcc/arm-none-eabi/14.2.1/../../../../arm-none-eabi/lib/thumb/v6-m/nofp\libcr_nohost.a(__sys_remove.o)
 .debug_info    0x0001934e       0x78 C:/nxp/MCUXpressoIDE_25.6.136/ide/plugins/com.nxp.mcuxpresso.tools.win32_25.6.0.202501151204/tools/bin/../lib/gcc/arm-none-eabi/14.2.1/../../../../arm-none-eabi/lib/thumb/v6-m/nofp\libcr_nohost.a(__sys_seek.o)
 .debug_info    0x000193c6       0x93 C:/nxp/MCUXpressoIDE_25.6.136/ide/plugins/com.nxp.mcuxpresso.tools.win32_25.6.0.202501151204/tools/bin/../lib/gcc/arm-none-eabi/14.2.1/../../../../arm-none-eabi/lib/thumb/v6-m/nofp\libcr_nohost.a(__sys_tmpnam.o)
 .debug_info    0x00019459       0x93 C:/nxp/MCUXpressoIDE_25.6.136/ide/plugins/com.nxp.mcuxpresso.tools.win32_25.6.0.202501151204/tools/bin/../lib/gcc/arm-none-eabi/14.2.1/../../../../arm-none-eabi/lib/thumb/v6-m/nofp\libcr_nohost.a(__sys_write.o)

.debug_abbrev   0x00000000     0x5d18
 .debug_abbrev  0x00000000      0x270 ./utilities/str/fsl_str.o
 .debug_abbrev  0x00000270      0x270 ./utilities/debug_console/fsl_debug_console.o
 .debug_abbrev  0x000004e0       0xbd ./utilities/fsl_assert.o
 .debug_abbrev  0x0000059d      0x1a7 ./startup/startup_mcxc444.o
 .debug_abbrev  0x00000744      0x130 ./source/MEF_acelerometro.o
 .debug_abbrev  0x00000874      0x271 ./source/SD2_I2C.o
 .debug_abbrev  0x00000ae5      0x2d6 ./source/SD2_board.o
 .debug_abbrev  0x00000dbb      0x166 ./source/clock_mcglite.o
 .debug_abbrev  0x00000f21       0x4a ./source/font5x7.o
 .debug_abbrev  0x00000f6b      0x378 ./source/fxls8974.o
 .debug_abbrev  0x000012e3      0x10f ./source/key.o
 .debug_abbrev  0x000013f2      0x213 ./source/main.o
 .debug_abbrev  0x00001605       0x46 ./source/mtb.o
 .debug_abbrev  0x0000164b      0x1e4 ./source/oled.o
 .debug_abbrev  0x0000182f      0x375 ./source/power_mode_switch.o
 .debug_abbrev  0x00001ba4       0x31 ./source/semihost_hardfault.o
 .debug_abbrev  0x00001bd5      0x2e0 ./drivers/fsl_clock.o
 .debug_abbrev  0x00001eb5      0x242 ./drivers/fsl_gpio.o
 .debug_abbrev  0x000020f7      0x37f ./drivers/fsl_i2c.o
 .debug_abbrev  0x00002476      0x1a7 ./drivers/fsl_llwu.o
 .debug_abbrev  0x0000261d      0x422 ./drivers/fsl_lpuart.o
 .debug_abbrev  0x00002a3f      0x39d ./drivers/fsl_spi.o
 .debug_abbrev  0x00002ddc      0x139 ./device/system_MCXC444.o
 .debug_abbrev  0x00002f15      0x1e7 ./component/uart/fsl_adapter_lpuart.o
 .debug_abbrev  0x000030fc      0x2be ./component/serial_manager/fsl_component_serial_manager.o
 .debug_abbrev  0x000033ba      0x18c ./component/serial_manager/fsl_component_serial_port_uart.o
 .debug_abbrev  0x00003546      0x163 ./board/board.o
 .debug_abbrev  0x000036a9      0x1e0 ./board/clock_config.o
 .debug_abbrev  0x00003889      0x258 ./board/hardware_init.o
 .debug_abbrev  0x00003ae1      0x22e ./board/pin_mux.o
 .debug_abbrev  0x00003d0f       0x62 C:/nxp/MCUXpressoIDE_25.6.136/ide/plugins/com.nxp.mcuxpresso.tools.win32_25.6.0.202501151204/tools/bin/../lib/gcc/arm-none-eabi/14.2.1/../../../../arm-none-eabi/lib/thumb/v6-m/nofp\libcr_nohost.a(_cr__main.o)
 .debug_abbrev  0x00003d71       0xda C:/nxp/MCUXpressoIDE_25.6.136/ide/plugins/com.nxp.mcuxpresso.tools.win32_25.6.0.202501151204/tools/bin/../lib/gcc/arm-none-eabi/14.2.1/../../../../arm-none-eabi/lib/thumb/v6-m/nofp\libcr_c.a(sqrtf.o)
 .debug_abbrev  0x00003e4b       0xb3 C:/nxp/MCUXpressoIDE_25.6.136/ide/plugins/com.nxp.mcuxpresso.tools.win32_25.6.0.202501151204/tools/bin/../lib/gcc/arm-none-eabi/14.2.1/../../../../arm-none-eabi/lib/thumb/v6-m/nofp\libcr_c.a(memcpy.o)
 .debug_abbrev  0x00003efe       0xa5 C:/nxp/MCUXpressoIDE_25.6.136/ide/plugins/com.nxp.mcuxpresso.tools.win32_25.6.0.202501151204/tools/bin/../lib/gcc/arm-none-eabi/14.2.1/../../../../arm-none-eabi/lib/thumb/v6-m/nofp\libcr_c.a(memset.o)
 .debug_abbrev  0x00003fa3      0x27b C:/nxp/MCUXpressoIDE_25.6.136/ide/plugins/com.nxp.mcuxpresso.tools.win32_25.6.0.202501151204/tools/bin/../lib/gcc/arm-none-eabi/14.2.1/../../../../arm-none-eabi/lib/thumb/v6-m/nofp\libcr_c.a(alloc.o)
 .debug_abbrev  0x0000421e       0x44 C:/nxp/MCUXpressoIDE_25.6.136/ide/plugins/com.nxp.mcuxpresso.tools.win32_25.6.0.202501151204/tools/bin/../lib/gcc/arm-none-eabi/14.2.1/../../../../arm-none-eabi/lib/thumb/v6-m/nofp\libcr_c.a(errno.o)
 .debug_abbrev  0x00004262      0x14b C:/nxp/MCUXpressoIDE_25.6.136/ide/plugins/com.nxp.mcuxpresso.tools.win32_25.6.0.202501151204/tools/bin/../lib/gcc/arm-none-eabi/14.2.1/../../../../arm-none-eabi/lib/thumb/v6-m/nofp\libcr_c.a(initio.o)
 .debug_abbrev  0x000043ad      0x3af C:/nxp/MCUXpressoIDE_25.6.136/ide/plugins/com.nxp.mcuxpresso.tools.win32_25.6.0.202501151204/tools/bin/../lib/gcc/arm-none-eabi/14.2.1/../../../../arm-none-eabi/lib/thumb/v6-m/nofp\libcr_c.a(printf.o)
 .debug_abbrev  0x0000475c       0xe1 C:/nxp/MCUXpressoIDE_25.6.136/ide/plugins/com.nxp.mcuxpresso.tools.win32_25.6.0.202501151204/tools/bin/../lib/gcc/arm-none-eabi/14.2.1/../../../../arm-none-eabi/lib/thumb/v6-m/nofp\libcr_c.a(setvbuf.o)
 .debug_abbrev  0x0000483d       0xa5 C:/nxp/MCUXpressoIDE_25.6.136/ide/plugins/com.nxp.mcuxpresso.tools.win32_25.6.0.202501151204/tools/bin/../lib/gcc/arm-none-eabi/14.2.1/../../../../arm-none-eabi/lib/thumb/v6-m/nofp\libcr_c.a(strlen.o)
 .debug_abbrev  0x000048e2       0xaf C:/nxp/MCUXpressoIDE_25.6.136/ide/plugins/com.nxp.mcuxpresso.tools.win32_25.6.0.202501151204/tools/bin/../lib/gcc/arm-none-eabi/14.2.1/../../../../arm-none-eabi/lib/thumb/v6-m/nofp\libcr_c.a(__init_alloc.o)
 .debug_abbrev  0x00004991       0xd3 C:/nxp/MCUXpressoIDE_25.6.136/ide/plugins/com.nxp.mcuxpresso.tools.win32_25.6.0.202501151204/tools/bin/../lib/gcc/arm-none-eabi/14.2.1/../../../../arm-none-eabi/lib/thumb/v6-m/nofp\libcr_c.a(_cr_sbrk.o)
 .debug_abbrev  0x00004a64      0x183 C:/nxp/MCUXpressoIDE_25.6.136/ide/plugins/com.nxp.mcuxpresso.tools.win32_25.6.0.202501151204/tools/bin/../lib/gcc/arm-none-eabi/14.2.1/../../../../arm-none-eabi/lib/thumb/v6-m/nofp\libcr_c.a(_deferredlazyseek.o)
 .debug_abbrev  0x00004be7      0x119 C:/nxp/MCUXpressoIDE_25.6.136/ide/plugins/com.nxp.mcuxpresso.tools.win32_25.6.0.202501151204/tools/bin/../lib/gcc/arm-none-eabi/14.2.1/../../../../arm-none-eabi/lib/thumb/v6-m/nofp\libcr_c.a(_fdopen.o)
 .debug_abbrev  0x00004d00       0xf1 C:/nxp/MCUXpressoIDE_25.6.136/ide/plugins/com.nxp.mcuxpresso.tools.win32_25.6.0.202501151204/tools/bin/../lib/gcc/arm-none-eabi/14.2.1/../../../../arm-none-eabi/lib/thumb/v6-m/nofp\libcr_c.a(_fflush.o)
 .debug_abbrev  0x00004df1      0x126 C:/nxp/MCUXpressoIDE_25.6.136/ide/plugins/com.nxp.mcuxpresso.tools.win32_25.6.0.202501151204/tools/bin/../lib/gcc/arm-none-eabi/14.2.1/../../../../arm-none-eabi/lib/thumb/v6-m/nofp\libcr_c.a(_writebuf.o)
 .debug_abbrev  0x00004f17      0x158 C:/nxp/MCUXpressoIDE_25.6.136/ide/plugins/com.nxp.mcuxpresso.tools.win32_25.6.0.202501151204/tools/bin/../lib/gcc/arm-none-eabi/14.2.1/../../../../arm-none-eabi/lib/thumb/v6-m/nofp\libcr_c.a(fclose.o)
 .debug_abbrev  0x0000506f      0x122 C:/nxp/MCUXpressoIDE_25.6.136/ide/plugins/com.nxp.mcuxpresso.tools.win32_25.6.0.202501151204/tools/bin/../lib/gcc/arm-none-eabi/14.2.1/../../../../arm-none-eabi/lib/thumb/v6-m/nofp\libcr_c.a(fflush.o)
 .debug_abbrev  0x00005191      0x11b C:/nxp/MCUXpressoIDE_25.6.136/ide/plugins/com.nxp.mcuxpresso.tools.win32_25.6.0.202501151204/tools/bin/../lib/gcc/arm-none-eabi/14.2.1/../../../../arm-none-eabi/lib/thumb/v6-m/nofp\libcr_c.a(fseek.o)
 .debug_abbrev  0x000052ac       0xc2 C:/nxp/MCUXpressoIDE_25.6.136/ide/plugins/com.nxp.mcuxpresso.tools.win32_25.6.0.202501151204/tools/bin/../lib/gcc/arm-none-eabi/14.2.1/../../../../arm-none-eabi/lib/thumb/v6-m/nofp\libcr_c.a(ftell.o)
 .debug_abbrev  0x0000536e       0xed C:/nxp/MCUXpressoIDE_25.6.136/ide/plugins/com.nxp.mcuxpresso.tools.win32_25.6.0.202501151204/tools/bin/../lib/gcc/arm-none-eabi/14.2.1/../../../../arm-none-eabi/lib/thumb/v6-m/nofp\libcr_c.a(remove.o)
 .debug_abbrev  0x0000545b       0x6b C:/nxp/MCUXpressoIDE_25.6.136/ide/plugins/com.nxp.mcuxpresso.tools.win32_25.6.0.202501151204/tools/bin/../lib/gcc/arm-none-eabi/14.2.1/../../../../arm-none-eabi/lib/thumb/v6-m/nofp\libcr_c.a(_cr_check_heap.o)
 .debug_abbrev  0x000054c6      0x12c C:/nxp/MCUXpressoIDE_25.6.136/ide/plugins/com.nxp.mcuxpresso.tools.win32_25.6.0.202501151204/tools/bin/../lib/gcc/arm-none-eabi/14.2.1/../../../../arm-none-eabi/lib/thumb/v6-m/nofp\libcr_c.a(_do_fflush.o)
 .debug_abbrev  0x000055f2      0x359 C:/nxp/MCUXpressoIDE_25.6.136/ide/plugins/com.nxp.mcuxpresso.tools.win32_25.6.0.202501151204/tools/bin/../lib/gcc/arm-none-eabi/14.2.1/thumb/v6-m/nofp\libcr_eabihelpers.a(float.o)
 .debug_abbrev  0x0000594b       0xb5 C:/nxp/MCUXpressoIDE_25.6.136/ide/plugins/com.nxp.mcuxpresso.tools.win32_25.6.0.202501151204/tools/bin/../lib/gcc/arm-none-eabi/14.2.1/../../../../arm-none-eabi/lib/thumb/v6-m/nofp\libcr_nohost.a(__ciob.o)
 .debug_abbrev  0x00005a00       0x2e C:/nxp/MCUXpressoIDE_25.6.136/ide/plugins/com.nxp.mcuxpresso.tools.win32_25.6.0.202501151204/tools/bin/../lib/gcc/arm-none-eabi/14.2.1/../../../../arm-none-eabi/lib/thumb/v6-m/nofp\libcr_nohost.a(__sys_appexit.o)
 .debug_abbrev  0x00005a2e       0x5c C:/nxp/MCUXpressoIDE_25.6.136/ide/plugins/com.nxp.mcuxpresso.tools.win32_25.6.0.202501151204/tools/bin/../lib/gcc/arm-none-eabi/14.2.1/../../../../arm-none-eabi/lib/thumb/v6-m/nofp\libcr_nohost.a(__sys_close.o)
 .debug_abbrev  0x00005a8a       0x5c C:/nxp/MCUXpressoIDE_25.6.136/ide/plugins/com.nxp.mcuxpresso.tools.win32_25.6.0.202501151204/tools/bin/../lib/gcc/arm-none-eabi/14.2.1/../../../../arm-none-eabi/lib/thumb/v6-m/nofp\libcr_nohost.a(__sys_flen.o)
 .debug_abbrev  0x00005ae6       0x5c C:/nxp/MCUXpressoIDE_25.6.136/ide/plugins/com.nxp.mcuxpresso.tools.win32_25.6.0.202501151204/tools/bin/../lib/gcc/arm-none-eabi/14.2.1/../../../../arm-none-eabi/lib/thumb/v6-m/nofp\libcr_nohost.a(__sys_istty.o)
 .debug_abbrev  0x00005b42       0x7d C:/nxp/MCUXpressoIDE_25.6.136/ide/plugins/com.nxp.mcuxpresso.tools.win32_25.6.0.202501151204/tools/bin/../lib/gcc/arm-none-eabi/14.2.1/../../../../arm-none-eabi/lib/thumb/v6-m/nofp\libcr_nohost.a(__sys_remove.o)
 .debug_abbrev  0x00005bbf       0x6d C:/nxp/MCUXpressoIDE_25.6.136/ide/plugins/com.nxp.mcuxpresso.tools.win32_25.6.0.202501151204/tools/bin/../lib/gcc/arm-none-eabi/14.2.1/../../../../arm-none-eabi/lib/thumb/v6-m/nofp\libcr_nohost.a(__sys_seek.o)
 .debug_abbrev  0x00005c2c       0x76 C:/nxp/MCUXpressoIDE_25.6.136/ide/plugins/com.nxp.mcuxpresso.tools.win32_25.6.0.202501151204/tools/bin/../lib/gcc/arm-none-eabi/14.2.1/../../../../arm-none-eabi/lib/thumb/v6-m/nofp\libcr_nohost.a(__sys_tmpnam.o)
 .debug_abbrev  0x00005ca2       0x76 C:/nxp/MCUXpressoIDE_25.6.136/ide/plugins/com.nxp.mcuxpresso.tools.win32_25.6.0.202501151204/tools/bin/../lib/gcc/arm-none-eabi/14.2.1/../../../../arm-none-eabi/lib/thumb/v6-m/nofp\libcr_nohost.a(__sys_write.o)

.debug_aranges  0x00000000     0x14b8
 .debug_aranges
                0x00000000       0xe8 ./utilities/str/fsl_str.o
 .debug_aranges
                0x000000e8       0xa8 ./utilities/debug_console/fsl_debug_console.o
 .debug_aranges
                0x00000190       0x28 ./utilities/fsl_assert.o
 .debug_aranges
                0x000001b8      0x160 ./startup/startup_mcxc444.o
 .debug_aranges
                0x00000318       0x30 ./source/MEF_acelerometro.o
 .debug_aranges
                0x00000348       0x50 ./source/SD2_I2C.o
 .debug_aranges
                0x00000398       0x80 ./source/SD2_board.o
 .debug_aranges
                0x00000418       0x30 ./source/clock_mcglite.o
 .debug_aranges
                0x00000448       0x18 ./source/font5x7.o
 .debug_aranges
                0x00000460       0x98 ./source/fxls8974.o
 .debug_aranges
                0x000004f8       0x30 ./source/key.o
 .debug_aranges
                0x00000528       0x48 ./source/main.o
 .debug_aranges
                0x00000570       0x18 ./source/mtb.o
 .debug_aranges
                0x00000588       0xa0 ./source/oled.o
 .debug_aranges
                0x00000628       0xc8 ./source/power_mode_switch.o
 .debug_aranges
                0x000006f0       0x20 ./source/semihost_hardfault.o
 .debug_aranges
                0x00000710       0xd0 ./drivers/fsl_clock.o
 .debug_aranges
                0x000007e0       0x80 ./drivers/fsl_gpio.o
 .debug_aranges
                0x00000860      0x178 ./drivers/fsl_i2c.o
 .debug_aranges
                0x000009d8       0x48 ./drivers/fsl_llwu.o
 .debug_aranges
                0x00000a20      0x188 ./drivers/fsl_lpuart.o
 .debug_aranges
                0x00000ba8      0x148 ./drivers/fsl_spi.o
 .debug_aranges
                0x00000cf0       0x30 ./device/system_MCXC444.o
 .debug_aranges
                0x00000d20       0x58 ./component/uart/fsl_adapter_lpuart.o
 .debug_aranges
                0x00000d78       0xa0 ./component/serial_manager/fsl_component_serial_manager.o
 .debug_aranges
                0x00000e18       0x48 ./component/serial_manager/fsl_component_serial_port_uart.o
 .debug_aranges
                0x00000e60       0x28 ./board/board.o
 .debug_aranges
                0x00000e88       0x48 ./board/clock_config.o
 .debug_aranges
                0x00000ed0       0x48 ./board/hardware_init.o
 .debug_aranges
                0x00000f18       0x48 ./board/pin_mux.o
 .debug_aranges
                0x00000f60       0x20 C:/nxp/MCUXpressoIDE_25.6.136/ide/plugins/com.nxp.mcuxpresso.tools.win32_25.6.0.202501151204/tools/bin/../lib/gcc/arm-none-eabi/14.2.1/../../../../arm-none-eabi/lib/thumb/v6-m/nofp\libcr_nohost.a(_cr__main.o)
 .debug_aranges
                0x00000f80       0x20 C:/nxp/MCUXpressoIDE_25.6.136/ide/plugins/com.nxp.mcuxpresso.tools.win32_25.6.0.202501151204/tools/bin/../lib/gcc/arm-none-eabi/14.2.1/../../../../arm-none-eabi/lib/thumb/v6-m/nofp\libcr_c.a(sqrtf.o)
 .debug_aranges
                0x00000fa0       0x20 C:/nxp/MCUXpressoIDE_25.6.136/ide/plugins/com.nxp.mcuxpresso.tools.win32_25.6.0.202501151204/tools/bin/../lib/gcc/arm-none-eabi/14.2.1/../../../../arm-none-eabi/lib/thumb/v6-m/nofp\libcr_c.a(memcpy.o)
 .debug_aranges
                0x00000fc0       0x20 C:/nxp/MCUXpressoIDE_25.6.136/ide/plugins/com.nxp.mcuxpresso.tools.win32_25.6.0.202501151204/tools/bin/../lib/gcc/arm-none-eabi/14.2.1/../../../../arm-none-eabi/lib/thumb/v6-m/nofp\libcr_c.a(memset.o)
 .debug_aranges
                0x00000fe0       0x40 C:/nxp/MCUXpressoIDE_25.6.136/ide/plugins/com.nxp.mcuxpresso.tools.win32_25.6.0.202501151204/tools/bin/../lib/gcc/arm-none-eabi/14.2.1/../../../../arm-none-eabi/lib/thumb/v6-m/nofp\libcr_c.a(alloc.o)
 .debug_aranges
                0x00001020       0x18 C:/nxp/MCUXpressoIDE_25.6.136/ide/plugins/com.nxp.mcuxpresso.tools.win32_25.6.0.202501151204/tools/bin/../lib/gcc/arm-none-eabi/14.2.1/../../../../arm-none-eabi/lib/thumb/v6-m/nofp\libcr_c.a(errno.o)
 .debug_aranges
                0x00001038       0x28 C:/nxp/MCUXpressoIDE_25.6.136/ide/plugins/com.nxp.mcuxpresso.tools.win32_25.6.0.202501151204/tools/bin/../lib/gcc/arm-none-eabi/14.2.1/../../../../arm-none-eabi/lib/thumb/v6-m/nofp\libcr_c.a(initio.o)
 .debug_aranges
                0x00001060       0x70 C:/nxp/MCUXpressoIDE_25.6.136/ide/plugins/com.nxp.mcuxpresso.tools.win32_25.6.0.202501151204/tools/bin/../lib/gcc/arm-none-eabi/14.2.1/../../../../arm-none-eabi/lib/thumb/v6-m/nofp\libcr_c.a(printf.o)
 .debug_aranges
                0x000010d0       0x20 C:/nxp/MCUXpressoIDE_25.6.136/ide/plugins/com.nxp.mcuxpresso.tools.win32_25.6.0.202501151204/tools/bin/../lib/gcc/arm-none-eabi/14.2.1/../../../../arm-none-eabi/lib/thumb/v6-m/nofp\libcr_c.a(setvbuf.o)
 .debug_aranges
                0x000010f0       0x20 C:/nxp/MCUXpressoIDE_25.6.136/ide/plugins/com.nxp.mcuxpresso.tools.win32_25.6.0.202501151204/tools/bin/../lib/gcc/arm-none-eabi/14.2.1/../../../../arm-none-eabi/lib/thumb/v6-m/nofp\libcr_c.a(strlen.o)
 .debug_aranges
                0x00001110       0x20 C:/nxp/MCUXpressoIDE_25.6.136/ide/plugins/com.nxp.mcuxpresso.tools.win32_25.6.0.202501151204/tools/bin/../lib/gcc/arm-none-eabi/14.2.1/../../../../arm-none-eabi/lib/thumb/v6-m/nofp\libcr_c.a(__init_alloc.o)
 .debug_aranges
                0x00001130       0x20 C:/nxp/MCUXpressoIDE_25.6.136/ide/plugins/com.nxp.mcuxpresso.tools.win32_25.6.0.202501151204/tools/bin/../lib/gcc/arm-none-eabi/14.2.1/../../../../arm-none-eabi/lib/thumb/v6-m/nofp\libcr_c.a(_cr_sbrk.o)
 .debug_aranges
                0x00001150       0x28 C:/nxp/MCUXpressoIDE_25.6.136/ide/plugins/com.nxp.mcuxpresso.tools.win32_25.6.0.202501151204/tools/bin/../lib/gcc/arm-none-eabi/14.2.1/../../../../arm-none-eabi/lib/thumb/v6-m/nofp\libcr_c.a(_deferredlazyseek.o)
 .debug_aranges
                0x00001178       0x20 C:/nxp/MCUXpressoIDE_25.6.136/ide/plugins/com.nxp.mcuxpresso.tools.win32_25.6.0.202501151204/tools/bin/../lib/gcc/arm-none-eabi/14.2.1/../../../../arm-none-eabi/lib/thumb/v6-m/nofp\libcr_c.a(_fdopen.o)
 .debug_aranges
                0x00001198       0x20 C:/nxp/MCUXpressoIDE_25.6.136/ide/plugins/com.nxp.mcuxpresso.tools.win32_25.6.0.202501151204/tools/bin/../lib/gcc/arm-none-eabi/14.2.1/../../../../arm-none-eabi/lib/thumb/v6-m/nofp\libcr_c.a(_fflush.o)
 .debug_aranges
                0x000011b8       0x20 C:/nxp/MCUXpressoIDE_25.6.136/ide/plugins/com.nxp.mcuxpresso.tools.win32_25.6.0.202501151204/tools/bin/../lib/gcc/arm-none-eabi/14.2.1/../../../../arm-none-eabi/lib/thumb/v6-m/nofp\libcr_c.a(_writebuf.o)
 .debug_aranges
                0x000011d8       0x20 C:/nxp/MCUXpressoIDE_25.6.136/ide/plugins/com.nxp.mcuxpresso.tools.win32_25.6.0.202501151204/tools/bin/../lib/gcc/arm-none-eabi/14.2.1/../../../../arm-none-eabi/lib/thumb/v6-m/nofp\libcr_c.a(fclose.o)
 .debug_aranges
                0x000011f8       0x20 C:/nxp/MCUXpressoIDE_25.6.136/ide/plugins/com.nxp.mcuxpresso.tools.win32_25.6.0.202501151204/tools/bin/../lib/gcc/arm-none-eabi/14.2.1/../../../../arm-none-eabi/lib/thumb/v6-m/nofp\libcr_c.a(fflush.o)
 .debug_aranges
                0x00001218       0x20 C:/nxp/MCUXpressoIDE_25.6.136/ide/plugins/com.nxp.mcuxpresso.tools.win32_25.6.0.202501151204/tools/bin/../lib/gcc/arm-none-eabi/14.2.1/../../../../arm-none-eabi/lib/thumb/v6-m/nofp\libcr_c.a(fseek.o)
 .debug_aranges
                0x00001238       0x20 C:/nxp/MCUXpressoIDE_25.6.136/ide/plugins/com.nxp.mcuxpresso.tools.win32_25.6.0.202501151204/tools/bin/../lib/gcc/arm-none-eabi/14.2.1/../../../../arm-none-eabi/lib/thumb/v6-m/nofp\libcr_c.a(ftell.o)
 .debug_aranges
                0x00001258       0x28 C:/nxp/MCUXpressoIDE_25.6.136/ide/plugins/com.nxp.mcuxpresso.tools.win32_25.6.0.202501151204/tools/bin/../lib/gcc/arm-none-eabi/14.2.1/../../../../arm-none-eabi/lib/thumb/v6-m/nofp\libcr_c.a(remove.o)
 .debug_aranges
                0x00001280       0x20 C:/nxp/MCUXpressoIDE_25.6.136/ide/plugins/com.nxp.mcuxpresso.tools.win32_25.6.0.202501151204/tools/bin/../lib/gcc/arm-none-eabi/14.2.1/../../../../arm-none-eabi/lib/thumb/v6-m/nofp\libcr_c.a(_cr_check_heap.o)
 .debug_aranges
                0x000012a0       0x20 C:/nxp/MCUXpressoIDE_25.6.136/ide/plugins/com.nxp.mcuxpresso.tools.win32_25.6.0.202501151204/tools/bin/../lib/gcc/arm-none-eabi/14.2.1/../../../../arm-none-eabi/lib/thumb/v6-m/nofp\libcr_c.a(_do_fflush.o)
 .debug_aranges
                0x000012c0       0xe0 C:/nxp/MCUXpressoIDE_25.6.136/ide/plugins/com.nxp.mcuxpresso.tools.win32_25.6.0.202501151204/tools/bin/../lib/gcc/arm-none-eabi/14.2.1/thumb/v6-m/nofp\libcr_eabihelpers.a(float.o)
 .debug_aranges
                0x000013a0       0x18 C:/nxp/MCUXpressoIDE_25.6.136/ide/plugins/com.nxp.mcuxpresso.tools.win32_25.6.0.202501151204/tools/bin/../lib/gcc/arm-none-eabi/14.2.1/../../../../arm-none-eabi/lib/thumb/v6-m/nofp\libcr_nohost.a(__ciob.o)
 .debug_aranges
                0x000013b8       0x20 C:/nxp/MCUXpressoIDE_25.6.136/ide/plugins/com.nxp.mcuxpresso.tools.win32_25.6.0.202501151204/tools/bin/../lib/gcc/arm-none-eabi/14.2.1/../../../../arm-none-eabi/lib/thumb/v6-m/nofp\libcr_nohost.a(__sys_appexit.o)
 .debug_aranges
                0x000013d8       0x20 C:/nxp/MCUXpressoIDE_25.6.136/ide/plugins/com.nxp.mcuxpresso.tools.win32_25.6.0.202501151204/tools/bin/../lib/gcc/arm-none-eabi/14.2.1/../../../../arm-none-eabi/lib/thumb/v6-m/nofp\libcr_nohost.a(__sys_close.o)
 .debug_aranges
                0x000013f8       0x20 C:/nxp/MCUXpressoIDE_25.6.136/ide/plugins/com.nxp.mcuxpresso.tools.win32_25.6.0.202501151204/tools/bin/../lib/gcc/arm-none-eabi/14.2.1/../../../../arm-none-eabi/lib/thumb/v6-m/nofp\libcr_nohost.a(__sys_flen.o)
 .debug_aranges
                0x00001418       0x20 C:/nxp/MCUXpressoIDE_25.6.136/ide/plugins/com.nxp.mcuxpresso.tools.win32_25.6.0.202501151204/tools/bin/../lib/gcc/arm-none-eabi/14.2.1/../../../../arm-none-eabi/lib/thumb/v6-m/nofp\libcr_nohost.a(__sys_istty.o)
 .debug_aranges
                0x00001438       0x20 C:/nxp/MCUXpressoIDE_25.6.136/ide/plugins/com.nxp.mcuxpresso.tools.win32_25.6.0.202501151204/tools/bin/../lib/gcc/arm-none-eabi/14.2.1/../../../../arm-none-eabi/lib/thumb/v6-m/nofp\libcr_nohost.a(__sys_remove.o)
 .debug_aranges
                0x00001458       0x20 C:/nxp/MCUXpressoIDE_25.6.136/ide/plugins/com.nxp.mcuxpresso.tools.win32_25.6.0.202501151204/tools/bin/../lib/gcc/arm-none-eabi/14.2.1/../../../../arm-none-eabi/lib/thumb/v6-m/nofp\libcr_nohost.a(__sys_seek.o)
 .debug_aranges
                0x00001478       0x20 C:/nxp/MCUXpressoIDE_25.6.136/ide/plugins/com.nxp.mcuxpresso.tools.win32_25.6.0.202501151204/tools/bin/../lib/gcc/arm-none-eabi/14.2.1/../../../../arm-none-eabi/lib/thumb/v6-m/nofp\libcr_nohost.a(__sys_tmpnam.o)
 .debug_aranges
                0x00001498       0x20 C:/nxp/MCUXpressoIDE_25.6.136/ide/plugins/com.nxp.mcuxpresso.tools.win32_25.6.0.202501151204/tools/bin/../lib/gcc/arm-none-eabi/14.2.1/../../../../arm-none-eabi/lib/thumb/v6-m/nofp\libcr_nohost.a(__sys_write.o)

.debug_ranges   0x00000000     0x1548
 .debug_ranges  0x00000000      0x108 ./utilities/str/fsl_str.o
 .debug_ranges  0x00000108       0x98 ./utilities/debug_console/fsl_debug_console.o
 .debug_ranges  0x000001a0       0x18 ./utilities/fsl_assert.o
 .debug_ranges  0x000001b8      0x150 ./startup/startup_mcxc444.o
 .debug_ranges  0x00000308       0x20 ./source/MEF_acelerometro.o
 .debug_ranges  0x00000328       0x40 ./source/SD2_I2C.o
 .debug_ranges  0x00000368       0x70 ./source/SD2_board.o
 .debug_ranges  0x000003d8       0x20 ./source/clock_mcglite.o
 .debug_ranges  0x000003f8       0x88 ./source/fxls8974.o
 .debug_ranges  0x00000480       0x20 ./source/key.o
 .debug_ranges  0x000004a0       0x38 ./source/main.o
 .debug_ranges  0x000004d8       0x90 ./source/oled.o
 .debug_ranges  0x00000568       0xb8 ./source/power_mode_switch.o