C:\Users\ivang\Documents\MCUXpressoIDE_25.6.136\workspace\SD2_TP2\drivers/fsl_clock.h:437:20:CLOCK_EnableClock	24	static
C:\Users\ivang\Documents\MCUXpressoIDE_25.6.136\workspace\SD2_TP2\drivers/fsl_port.h:360:20:PORT_SetPinConfig	32	static
C:\Users\ivang\Documents\MCUXpressoIDE_25.6.136\workspace\SD2_TP2\drivers/fsl_port.h:463:20:PORT_SetPinMux	24	static
../board/pin_mux.c:36:6:BOARD_InitBootPins	8	static
../board/pin_mux.c:60:6:BOARD_InitPins	8	static
../board/pin_mux.c:106:6:BOARD_I2C_ConfigurePins	16	static
